Archive member included to satisfy reference by file (symbol)

C:/ST/STM32CubeIDE_1.19.0/STM32CubeIDE/plugins/com.st.stm32cube.ide.mcu.externaltools.gnu-tools-for-stm32.13.3.rel1.win32_1.0.0.202411081344/tools/bin/../lib/gcc/arm-none-eabi/13.3.1/../../../../arm-none-eabi/lib/thumb/v7e-m+fp/hard\libc_nano.a(libc_a-exit.o)
                              C:/ST/STM32CubeIDE_1.19.0/STM32CubeIDE/plugins/com.st.stm32cube.ide.mcu.externaltools.gnu-tools-for-stm32.13.3.rel1.win32_1.0.0.202411081344/tools/bin/../lib/gcc/arm-none-eabi/13.3.1/../../../../arm-none-eabi/lib/thumb/v7e-m+fp/hard/crt0.o (exit)
C:/ST/STM32CubeIDE_1.19.0/STM32CubeIDE/plugins/com.st.stm32cube.ide.mcu.externaltools.gnu-tools-for-stm32.13.3.rel1.win32_1.0.0.202411081344/tools/bin/../lib/gcc/arm-none-eabi/13.3.1/../../../../arm-none-eabi/lib/thumb/v7e-m+fp/hard\libc_nano.a(libc_a-rand.o)
                              ./Drivers/GAME/snake.o (srand)
C:/ST/STM32CubeIDE_1.19.0/STM32CubeIDE/plugins/com.st.stm32cube.ide.mcu.externaltools.gnu-tools-for-stm32.13.3.rel1.win32_1.0.0.202411081344/tools/bin/../lib/gcc/arm-none-eabi/13.3.1/../../../../arm-none-eabi/lib/thumb/v7e-m+fp/hard\libc_nano.a(libc_a-findfp.o)
                              C:/ST/STM32CubeIDE_1.19.0/STM32CubeIDE/plugins/com.st.stm32cube.ide.mcu.externaltools.gnu-tools-for-stm32.13.3.rel1.win32_1.0.0.202411081344/tools/bin/../lib/gcc/arm-none-eabi/13.3.1/../../../../arm-none-eabi/lib/thumb/v7e-m+fp/hard\libc_nano.a(libc_a-exit.o) (__stdio_exit_handler)
C:/ST/STM32CubeIDE_1.19.0/STM32CubeIDE/plugins/com.st.stm32cube.ide.mcu.externaltools.gnu-tools-for-stm32.13.3.rel1.win32_1.0.0.202411081344/tools/bin/../lib/gcc/arm-none-eabi/13.3.1/../../../../arm-none-eabi/lib/thumb/v7e-m+fp/hard\libc_nano.a(libc_a-fwalk.o)
                              C:/ST/STM32CubeIDE_1.19.0/STM32CubeIDE/plugins/com.st.stm32cube.ide.mcu.externaltools.gnu-tools-for-stm32.13.3.rel1.win32_1.0.0.202411081344/tools/bin/../lib/gcc/arm-none-eabi/13.3.1/../../../../arm-none-eabi/lib/thumb/v7e-m+fp/hard\libc_nano.a(libc_a-findfp.o) (_fwalk_sglue)
C:/ST/STM32CubeIDE_1.19.0/STM32CubeIDE/plugins/com.st.stm32cube.ide.mcu.externaltools.gnu-tools-for-stm32.13.3.rel1.win32_1.0.0.202411081344/tools/bin/../lib/gcc/arm-none-eabi/13.3.1/../../../../arm-none-eabi/lib/thumb/v7e-m+fp/hard\libc_nano.a(libc_a-stdio.o)
                              C:/ST/STM32CubeIDE_1.19.0/STM32CubeIDE/plugins/com.st.stm32cube.ide.mcu.externaltools.gnu-tools-for-stm32.13.3.rel1.win32_1.0.0.202411081344/tools/bin/../lib/gcc/arm-none-eabi/13.3.1/../../../../arm-none-eabi/lib/thumb/v7e-m+fp/hard\libc_nano.a(libc_a-findfp.o) (__sread)
C:/ST/STM32CubeIDE_1.19.0/STM32CubeIDE/plugins/com.st.stm32cube.ide.mcu.externaltools.gnu-tools-for-stm32.13.3.rel1.win32_1.0.0.202411081344/tools/bin/../lib/gcc/arm-none-eabi/13.3.1/../../../../arm-none-eabi/lib/thumb/v7e-m+fp/hard\libc_nano.a(libc_a-memset.o)
                              C:/ST/STM32CubeIDE_1.19.0/STM32CubeIDE/plugins/com.st.stm32cube.ide.mcu.externaltools.gnu-tools-for-stm32.13.3.rel1.win32_1.0.0.202411081344/tools/bin/../lib/gcc/arm-none-eabi/13.3.1/../../../../arm-none-eabi/lib/thumb/v7e-m+fp/hard/crt0.o (memset)
C:/ST/STM32CubeIDE_1.19.0/STM32CubeIDE/plugins/com.st.stm32cube.ide.mcu.externaltools.gnu-tools-for-stm32.13.3.rel1.win32_1.0.0.202411081344/tools/bin/../lib/gcc/arm-none-eabi/13.3.1/../../../../arm-none-eabi/lib/thumb/v7e-m+fp/hard\libc_nano.a(libc_a-closer.o)
                              C:/ST/STM32CubeIDE_1.19.0/STM32CubeIDE/plugins/com.st.stm32cube.ide.mcu.externaltools.gnu-tools-for-stm32.13.3.rel1.win32_1.0.0.202411081344/tools/bin/../lib/gcc/arm-none-eabi/13.3.1/../../../../arm-none-eabi/lib/thumb/v7e-m+fp/hard\libc_nano.a(libc_a-stdio.o) (_close_r)
C:/ST/STM32CubeIDE_1.19.0/STM32CubeIDE/plugins/com.st.stm32cube.ide.mcu.externaltools.gnu-tools-for-stm32.13.3.rel1.win32_1.0.0.202411081344/tools/bin/../lib/gcc/arm-none-eabi/13.3.1/../../../../arm-none-eabi/lib/thumb/v7e-m+fp/hard\libc_nano.a(libc_a-reent.o)
                              C:/ST/STM32CubeIDE_1.19.0/STM32CubeIDE/plugins/com.st.stm32cube.ide.mcu.externaltools.gnu-tools-for-stm32.13.3.rel1.win32_1.0.0.202411081344/tools/bin/../lib/gcc/arm-none-eabi/13.3.1/../../../../arm-none-eabi/lib/thumb/v7e-m+fp/hard\libc_nano.a(libc_a-closer.o) (errno)
C:/ST/STM32CubeIDE_1.19.0/STM32CubeIDE/plugins/com.st.stm32cube.ide.mcu.externaltools.gnu-tools-for-stm32.13.3.rel1.win32_1.0.0.202411081344/tools/bin/../lib/gcc/arm-none-eabi/13.3.1/../../../../arm-none-eabi/lib/thumb/v7e-m+fp/hard\libc_nano.a(libc_a-impure.o)
                              C:/ST/STM32CubeIDE_1.19.0/STM32CubeIDE/plugins/com.st.stm32cube.ide.mcu.externaltools.gnu-tools-for-stm32.13.3.rel1.win32_1.0.0.202411081344/tools/bin/../lib/gcc/arm-none-eabi/13.3.1/../../../../arm-none-eabi/lib/thumb/v7e-m+fp/hard\libc_nano.a(libc_a-rand.o) (_impure_ptr)
[...]
Memory Configuration

Name             Origin             Length             Attributes
CCMRAM           0x10000000         0x00010000         xrw
RAM              0x20000000         0x00020000         xrw
FLASH            0x08000000         0x00100000         xr
*default*        0x00000000         0xffffffff

Linker script and memory map

LOAD C:/ST/STM32CubeIDE_1.19.0/STM32CubeIDE/plugins/com.st.stm32cube.ide.mcu.externaltools.gnu-tools-for-stm32.13.3.rel1.win32_1.0.0.202411081344/tools/bin/../lib/gcc/arm-none-eabi/13.3.1/thumb/v7e-m+fp/hard/crti.o
LOAD C:/ST/STM32CubeIDE_1.19.0/STM32CubeIDE/plugins/com.st.stm32cube.ide.mcu.externaltools.gnu-tools-for-stm32.13.3.rel1.win32_1.0.0.202411081344/tools/bin/../lib/gcc/arm-none-eabi/13.3.1/thumb/v7e-m+fp/hard/crtbegin.o
LOAD C:/ST/STM32CubeIDE_1.19.0/STM32CubeIDE/plugins/com.st.stm32cube.ide.mcu.externaltools.gnu-tools-for-stm32.13.3.rel1.win32_1.0.0.202411081344/tools/bin/../lib/gcc/arm-none-eabi/13.3.1/../../../../arm-none-eabi/lib/thumb/v7e-m+fp/hard/crt0.o
LOAD ./Core/Src/main.o
LOAD ./Core/Src/stm32f4xx_hal_msp.o
LOAD ./Core/Src/stm32f4xx_it.o
LOAD ./Core/Src/syscalls.o
LOAD ./Core/Src/sysmem.o
LOAD ./Core/Src/system_stm32f4xx.o
LOAD ./Core/Startup/startup_stm32f407vgtx.o
LOAD ./Drivers/GAME/snake.o
LOAD ./Drivers/GAME2/pingpong.o
LOAD ./Drivers/MPU6050/mpu6050.o
LOAD ./Drivers/STM32F4xx_HAL_Driver/Src/stm32f4xx_hal.o
LOAD ./Drivers/STM32F4xx_HAL_Driver/Src/stm32f4xx_hal_adc.o
LOAD ./Drivers/STM32F4xx_HAL_Driver/Src/stm32f4xx_hal_adc_ex.o
LOAD ./Drivers/STM32F4xx_HAL_Driver/Src/stm32f4xx_hal_cortex.o
LOAD ./Drivers/STM32F4xx_HAL_Driver/Src/stm32f4xx_hal_dma.o
LOAD ./Drivers/STM32F4xx_HAL_Driver/Src/stm32f4xx_hal_dma_ex.o
LOAD ./Drivers/STM32F4xx_HAL_Driver/Src/stm32f4xx_hal_exti.o
LOAD ./Drivers/STM32F4xx_HAL_Driver/Src/stm32f4xx_hal_flash.o
LOAD ./Drivers/STM32F4xx_HAL_Driver/Src/stm32f4xx_hal_flash_ex.o
LOAD ./Drivers/STM32F4xx_HAL_Driver/Src/stm32f4xx_hal_flash_ramfunc.o
LOAD ./Drivers/STM32F4xx_HAL_Driver/Src/stm32f4xx_hal_gpio.o
LOAD ./Drivers/STM32F4xx_HAL_Driver/Src/stm32f4xx_hal_i2c.o
LOAD ./Drivers/STM32F4xx_HAL_Driver/Src/stm32f4xx_hal_i2c_ex.o
LOAD ./Drivers/STM32F4xx_HAL_Driver/Src/stm32f4xx_hal_pwr.o
LOAD ./Drivers/STM32F4xx_HAL_Driver/Src/stm32f4xx_hal_pwr_ex.o
LOAD ./Drivers/STM32F4xx_HAL_Driver/Src/stm32f4xx_hal_rcc.o
LOAD ./Drivers/STM32F4xx_HAL_Driver/Src/stm32f4xx_hal_rcc_ex.o
LOAD ./Drivers/STM32F4xx_HAL_Driver/Src/stm32f4xx_hal_spi.o
LOAD ./Drivers/STM32F4xx_HAL_Driver/Src/stm32f4xx_hal_uart.o
LOAD ./Drivers/STM32F4xx_HAL_Driver/Src/stm32f4xx_ll_adc.o
LOAD ./Drivers/TFT/fonts.o
LOAD ./Drivers/TFT/ili9341.o
LOAD ./Drivers/TFT/testimg.o
START GROUP
LOAD C:/ST/STM32CubeIDE_1.19.0/STM32CubeIDE/plugins/com.st.stm32cube.ide.mcu.externaltools.gnu-tools-for-stm32.13.3.rel1.win32_1.0.0.202411081344/tools/bin/../lib/gcc/arm-none-eabi/13.3.1/../../../../arm-none-eabi/lib/thumb/v7e-m+fp/hard\libc_nano.a
LOAD C:/ST/STM32CubeIDE_1.19.0/STM32CubeIDE/plugins/com.st.stm32cube.ide.mcu.externaltools.gnu-tools-for-stm32.13.3.rel1.win32_1.0.0.202411081344/tools/bin/../lib/gcc/arm-none-eabi/13.3.1/../../../../arm-none-eabi/lib/thumb/v7e-m+fp/hard\libm.a
END GROUP
START GROUP
LOAD C:/ST/STM32CubeIDE_1.19.0/STM32CubeIDE/plugins/com.st.stm32cube.ide.mcu.externaltools.gnu-tools-for-stm32.13.3.rel1.win32_1.0.0.202411081344/tools/bin/../lib/gcc/arm-none-eabi/13.3.1/thumb/v7e-m+fp/hard\libgcc.a
LOAD C:/ST/STM32CubeIDE_1.19.0/STM32CubeIDE/plugins/com.st.stm32cube.ide.mcu.externaltools.gnu-tools-for-stm32.13.3.rel1.win32_1.0.0.202411081344/tools/bin/../lib/gcc/arm-none-eabi/13.3.1/../../../../arm-none-eabi/lib/thumb/v7e-m+fp/hard\libc_nano.a
END GROUP
START GROUP
LOAD C:/ST/STM32CubeIDE_1.19.0/STM32CubeIDE/plugins/com.st.stm32cube.ide.mcu.externaltools.gnu-tools-for-stm32.13.3.rel1.win32_1.0.0.202411081344/tools/bin/../lib/gcc/arm-none-eabi/13.3.1/thumb/v7e-m+fp/hard\libgcc.a
LOAD C:/ST/STM32CubeIDE_1.19.0/STM32CubeIDE/plugins/com.st.stm32cube.ide.mcu.externaltools.gnu-tools-for-stm32.13.3.rel1.win32_1.0.0.202411081344/tools/bin/../lib/gcc/arm-none-eabi/13.3.1/../../../../arm-none-eabi/lib/thumb/v7e-m+fp/hard\libc_nano.a
LOAD C:/ST/STM32CubeIDE_1.19.0/STM32CubeIDE/plugins/com.st.stm32cube.ide.mcu.externaltools.gnu-tools-for-stm32.13.3.rel1.win32_1.0.0.202411081344/tools/bin/../lib/gcc/arm-none-eabi/13.3.1/../../../../arm-none-eabi/lib/thumb/v7e-m+fp/hard\libnosys.a
END GROUP
START GROUP
LOAD C:/ST/STM32CubeIDE_1.19.0/STM32CubeIDE/plugins/com.st.stm32cube.ide.mcu.externaltools.gnu-tools-for-stm32.13.3.rel1.win32_1.0.0.202411081344/tools/bin/../lib/gcc/arm-none-eabi/13.3.1/thumb/v7e-m+fp/hard\libgcc.a
LOAD C:/ST/STM32CubeIDE_1.19.0/STM32CubeIDE/plugins/com.st.stm32cube.ide.mcu.externaltools.gnu-tools-for-stm32.13.3.rel1.win32_1.0.0.202411081344/tools/bin/../lib/gcc/arm-none-eabi/13.3.1/../../../../arm-none-eabi/lib/thumb/v7e-m+fp/hard\libc_nano.a
LOAD C:/ST/STM32CubeIDE_1.19.0/STM32CubeIDE/plugins/com.st.stm32cube.ide.mcu.externaltools.gnu-tools-for-stm32.13.3.rel1.win32_1.0.0.202411081344/tools/bin/../lib/gcc/arm-none-eabi/13.3.1/../../../../arm-none-eabi/lib/thumb/v7e-m+fp/hard\libnosys.a
END GROUP
LOAD C:/ST/STM32CubeIDE_1.19.0/STM32CubeIDE/plugins/com.st.stm32cube.ide.mcu.externaltools.gnu-tools-for-stm32.13.3.rel1.win32_1.0.0.202411081344/tools/bin/../lib/gcc/arm-none-eabi/13.3.1/thumb/v7e-m+fp/hard/crtend.o
LOAD C:/ST/STM32CubeIDE_1.19.0/STM32CubeIDE/plugins/com.st.stm32cube.ide.mcu.externaltools.gnu-tools-for-stm32.13.3.rel1.win32_1.0.0.202411081344/tools/bin/../lib/gcc/arm-none-eabi/13.3.1/thumb/v7e-m+fp/hard/crtn.o
                0x20020000                        _estack = (ORIGIN (RAM) + LENGTH (RAM))
                0x00000200                        _Min_Heap_Size = 0x200
                0x00000400                        _Min_Stack_Size = 0x400

.isr_vector     0x08000000      0x188
                0x08000000                        . = ALIGN (0x4)
 *(.isr_vector)
 .isr_vector    0x08000000      0x188 ./Core/Startup/startup_stm32f407vgtx.o
                0x08000000                g_pfnVectors
                0x08000188                        . = ALIGN (0x4)

.text           0x08000190     0x67e8
                0x08000190                        . = ALIGN (0x4)
 *(.text)
 .text          0x08000190       0x40 C:/ST/STM32CubeIDE_1.19.0/STM32CubeIDE/plugins/com.st.stm32cube.ide.mcu.externaltools.gnu-tools-for-stm32.13.3.rel1.win32_1.0.0.202411081344/tools/bin/../lib/gcc/arm-none-eabi/13.3.1/thumb/v7e-m+fp/hard/crtbegin.o
 .text          0x080001d0       0xa0 C:/ST/STM32CubeIDE_1.19.0/STM32CubeIDE/plugins/com.st.stm32cube.ide.mcu.externaltools.gnu-tools-for-stm32.13.3.rel1.win32_1.0.0.202411081344/tools/bin/../lib/gcc/arm-none-eabi/13.3.1/../../../../arm-none-eabi/lib/thumb/v7e-m+fp/hard\libc_nano.a(libc_a-memchr.o)
                0x080001d0                memchr
 .text          0x08000270       0x30 C:/ST/STM32CubeIDE_1.19.0/STM32CubeIDE/plugins/com.st.stm32cube.ide.mcu.externaltools.gnu-tools-for-stm32.13.3.rel1.win32_1.0.0.202411081344/tools/bin/../lib/gcc/arm-none-eabi/13.3.1/thumb/v7e-m+fp/hard\libgcc.a(_aeabi_uldivmod.o)
                0x08000270                __aeabi_uldivmod
 .text          0x080002a0      0x2f8 C:/ST/STM32CubeIDE_1.19.0/STM32CubeIDE/plugins/com.st.stm32cube.ide.mcu.externaltools.gnu-tools-for-stm32.13.3.rel1.win32_1.0.0.202411081344/tools/bin/../lib/gcc/arm-none-eabi/13.3.1/thumb/v7e-m+fp/hard\libgcc.a(_udivmoddi4.o)
                0x080002a0                __udivmoddi4
 .text          0x08000598        0x4 C:/ST/STM32CubeIDE_1.19.0/STM32CubeIDE/plugins/com.st.stm32cube.ide.mcu.externaltools.gnu-tools-for-stm32.13.3.rel1.win32_1.0.0.202411081344/tools/bin/../lib/gcc/arm-none-eabi/13.3.1/thumb/v7e-m+fp/hard\libgcc.a(_dvmd_tls.o)
                0x08000598                __aeabi_idiv0
                0x08000598                __aeabi_ldiv0
 *(.text*)
 .text.main     0x0800059c       0x78 ./Core/Src/main.o
                0x0800059c                main
 .text.drawIntroScreen
                0x08000614       0x70 ./Core/Src/main.o
                0x08000614                drawIntroScreen
 .text.drawMenuScreen
                0x08000684       0xb0 ./Core/Src/main.o
                0x08000684                drawMenuScreen
 .text.drawGameOverScreen
                0x08000734       0x94 ./Core/Src/main.o
                0x08000734                drawGameOverScreen
 .text.handleInput
                0x080007c8      0x164 ./Core/Src/main.o
                0x080007c8                handleInput
 .text.isButtonHeld
                0x0800092c       0x2a ./Core/Src/main.o
                0x0800092c                isButtonHeld
 *fill*         0x08000956        0x2 
 .text.runSnakeGame
                0x08000958      0x140 ./Core/Src/main.o
                0x08000958                runSnakeGame
 .text.runPingPongGame
                0x08000a98       0xac ./Core/Src/main.o
                0x08000a98                runPingPongGame
 .text.getADC   0x08000b44       0x5c ./Core/Src/main.o
                0x08000b44                getADC
 .text.SystemClock_Config
                0x08000ba0       0xbc ./Core/Src/main.o
                0x08000ba0                SystemClock_Config
 .text.MX_ADC1_Init
                0x08000c5c       0xa4 ./Core/Src/main.o
 .text.MX_I2C2_Init
                0x08000d00       0x5c ./Core/Src/main.o
 .text.MX_SPI2_Init
                0x08000d5c       0x6c ./Core/Src/main.o
 .text.MX_UART4_Init
                0x08000dc8       0x54 ./Core/Src/main.o
 .text.MX_GPIO_Init
                0x08000e1c      0x154 ./Core/Src/main.o
 .text.Error_Handler
                0x08000f70        0xc ./Core/Src/main.o
                0x08000f70                Error_Handler
 .text.HAL_MspInit
                0x08000f7c       0x50 ./Core/Src/stm32f4xx_hal_msp.o
                0x08000f7c                HAL_MspInit
 .text.HAL_ADC_MspInit
                0x08000fcc       0x88 ./Core/Src/stm32f4xx_hal_msp.o
                0x08000fcc                HAL_ADC_MspInit
 .text.HAL_I2C_MspInit
                0x08001054       0x90 ./Core/Src/stm32f4xx_hal_msp.o
                0x08001054                HAL_I2C_MspInit
 .text.HAL_SPI_MspInit
                0x080010e4       0xd0 ./Core/Src/stm32f4xx_hal_msp.o
                0x080010e4                HAL_SPI_MspInit
 .text.HAL_UART_MspInit
                0x080011b4       0x90 ./Core/Src/stm32f4xx_hal_msp.o
                0x080011b4                HAL_UART_MspInit
 .text.NMI_Handler
                0x08001244        0x8 ./Core/Src/stm32f4xx_it.o
                0x08001244                NMI_Handler
 .text.HardFault_Handler
                0x0800124c        0x8 ./Core/Src/stm32f4xx_it.o
                0x0800124c                HardFault_Handler
 .text.MemManage_Handler
                0x08001254        0x8 ./Core/Src/stm32f4xx_it.o
                0x08001254                MemManage_Handler
 .text.BusFault_Handler
                0x0800125c        0x8 ./Core/Src/stm32f4xx_it.o
                0x0800125c                BusFault_Handler
 .text.UsageFault_Handler
                0x08001264        0x8 ./Core/Src/stm32f4xx_it.o
                0x08001264                UsageFault_Handler
 .text.SVC_Handler
                0x0800126c        0xe ./Core/Src/stm32f4xx_it.o
                0x0800126c                SVC_Handler
 .text.DebugMon_Handler
                0x0800127a        0xe ./Core/Src/stm32f4xx_it.o
                0x0800127a                DebugMon_Handler
 .text.PendSV_Handler
                0x08001288        0xe ./Core/Src/stm32f4xx_it.o
                0x08001288                PendSV_Handler
 .text.SysTick_Handler
                0x08001296        0xc ./Core/Src/stm32f4xx_it.o
                0x08001296                SysTick_Handler
 .text._getpid  0x080012a2       0x10 ./Core/Src/syscalls.o
                0x080012a2                _getpid
 .text._kill    0x080012b2       0x20 ./Core/Src/syscalls.o
                0x080012b2                _kill
 .text._exit    0x080012d2       0x16 ./Core/Src/syscalls.o
                0x080012d2                _exit
 .text._read    0x080012e8       0x3a ./Core/Src/syscalls.o
                0x080012e8                _read
 .text._write   0x08001322       0x38 ./Core/Src/syscalls.o
                0x08001322                _write
 .text._close   0x0800135a       0x18 ./Core/Src/syscalls.o
                0x0800135a                _close
 .text._fstat   0x08001372       0x20 ./Core/Src/syscalls.o
                0x08001372                _fstat
 .text._isatty  0x08001392       0x16 ./Core/Src/syscalls.o
                0x08001392                _isatty
 .text._lseek   0x080013a8       0x1a ./Core/Src/syscalls.o
                0x080013a8                _lseek
 *fill*         0x080013c2        0x2 
 .text._sbrk    0x080013c4       0x6c ./Core/Src/sysmem.o
                0x080013c4                _sbrk
 .text.SystemInit
                0x08001430       0x24 ./Core/Src/system_stm32f4xx.o
                0x08001430                SystemInit
 .text.Reset_Handler
                0x08001454       0x50 ./Core/Startup/startup_stm32f407vgtx.o
                0x08001454                Reset_Handler
 .text.Default_Handler
                0x080014a4        0x2 ./Core/Startup/startup_stm32f407vgtx.o
                0x080014a4                RTC_Alarm_IRQHandler
                0x080014a4                HASH_RNG_IRQHandler
                0x080014a4                EXTI2_IRQHandler
                0x080014a4                TIM8_CC_IRQHandler
                0x080014a4                TIM1_CC_IRQHandler
                0x080014a4                DMA2_Stream5_IRQHandler
                0x080014a4                DMA1_Stream5_IRQHandler
                0x080014a4                PVD_IRQHandler
                0x080014a4                SDIO_IRQHandler
                0x080014a4                TAMP_STAMP_IRQHandler
                0x080014a4                CAN2_RX1_IRQHandler
                0x080014a4                EXTI3_IRQHandler
                0x080014a4                TIM8_TRG_COM_TIM14_IRQHandler
                0x080014a4                TIM1_UP_TIM10_IRQHandler
                0x080014a4                TIM8_UP_TIM13_IRQHandler
                0x080014a4                I2C3_ER_IRQHandler
                0x080014a4                EXTI0_IRQHandler
                0x080014a4                I2C2_EV_IRQHandler
                0x080014a4                DMA1_Stream2_IRQHandler
                0x080014a4                CAN1_RX0_IRQHandler
                0x080014a4                FPU_IRQHandler
                0x080014a4                OTG_HS_WKUP_IRQHandler
                0x080014a4                CAN2_SCE_IRQHandler
                0x080014a4                DMA2_Stream2_IRQHandler
                0x080014a4                SPI1_IRQHandler
                0x080014a4                TIM6_DAC_IRQHandler
                0x080014a4                TIM1_BRK_TIM9_IRQHandler
                0x080014a4                DCMI_IRQHandler
                0x080014a4                CAN2_RX0_IRQHandler
                0x080014a4                DMA2_Stream3_IRQHandler
                0x080014a4                USART6_IRQHandler
                0x080014a4                USART3_IRQHandler
                0x080014a4                CAN1_RX1_IRQHandler
                0x080014a4                UART5_IRQHandler
                0x080014a4                DMA2_Stream0_IRQHandler
                0x080014a4                TIM4_IRQHandler
                0x080014a4                I2C1_EV_IRQHandler
                0x080014a4                DMA1_Stream6_IRQHandler
                0x080014a4                DMA1_Stream1_IRQHandler
                0x080014a4                UART4_IRQHandler
                0x080014a4                TIM3_IRQHandler
                0x080014a4                RCC_IRQHandler
                0x080014a4                TIM8_BRK_TIM12_IRQHandler
                0x080014a4                Default_Handler
                0x080014a4                EXTI15_10_IRQHandler
                0x080014a4                ADC_IRQHandler
                0x080014a4                DMA1_Stream7_IRQHandler
                0x080014a4                TIM7_IRQHandler
                0x080014a4                CAN2_TX_IRQHandler
                0x080014a4                TIM5_IRQHandler
                0x080014a4                DMA2_Stream7_IRQHandler
                0x080014a4                I2C3_EV_IRQHandler
                0x080014a4                EXTI9_5_IRQHandler
                0x080014a4                RTC_WKUP_IRQHandler
                0x080014a4                ETH_WKUP_IRQHandler
                0x080014a4                SPI2_IRQHandler
                0x080014a4                OTG_HS_EP1_IN_IRQHandler
                0x080014a4                DMA1_Stream0_IRQHandler
                0x080014a4                CAN1_TX_IRQHandler
                0x080014a4                EXTI4_IRQHandler
                0x080014a4                FSMC_IRQHandler
                0x080014a4                ETH_IRQHandler
                0x080014a4                OTG_HS_EP1_OUT_IRQHandler
                0x080014a4                WWDG_IRQHandler
                0x080014a4                TIM2_IRQHandler
                0x080014a4                OTG_FS_WKUP_IRQHandler
                0x080014a4                TIM1_TRG_COM_TIM11_IRQHandler
                0x080014a4                OTG_HS_IRQHandler
                0x080014a4                EXTI1_IRQHandler
                0x080014a4                USART2_IRQHandler
                0x080014a4                I2C2_ER_IRQHandler
                0x080014a4                DMA2_Stream1_IRQHandler
                0x080014a4                CAN1_SCE_IRQHandler
                0x080014a4                FLASH_IRQHandler
                0x080014a4                DMA2_Stream4_IRQHandler
                0x080014a4                USART1_IRQHandler
                0x080014a4                OTG_FS_IRQHandler
                0x080014a4                SPI3_IRQHandler
                0x080014a4                DMA1_Stream4_IRQHandler
                0x080014a4                I2C1_ER_IRQHandler
                0x080014a4                DMA2_Stream6_IRQHandler
                0x080014a4                DMA1_Stream3_IRQHandler
 *fill*         0x080014a6        0x2 
 .text.genNewApple
                0x080014a8       0xd4 ./Drivers/GAME/snake.o
                0x080014a8                genNewApple
 .text.SNAKE_Init
                0x0800157c       0x78 ./Drivers/GAME/snake.o
                0x0800157c                SNAKE_Init
 .text.SNAKE_updateGame
                0x080015f4      0x1c0 ./Drivers/GAME/snake.o
                0x080015f4                SNAKE_updateGame
 .text.SNAKE_drawGame
                0x080017b4      0x21c ./Drivers/GAME/snake.o
                0x080017b4                SNAKE_drawGame
 .text.SNAKE_ChangeDirection
                0x080019d0       0x64 ./Drivers/GAME/snake.o
                0x080019d0                SNAKE_ChangeDirection
 .text.SNAKE_getOver
                0x08001a34       0x18 ./Drivers/GAME/snake.o
                0x08001a34                SNAKE_getOver
 .text.resetBall
                0x08001a4c       0x58 ./Drivers/GAME2/pingpong.o
 .text.PingPong_Init
                0x08001aa4       0x74 ./Drivers/GAME2/pingpong.o
                0x08001aa4                PingPong_Init
 .text.PingPong_Update
                0x08001b18      0x26c ./Drivers/GAME2/pingpong.o
                0x08001b18                PingPong_Update
 .text.PingPong_Draw
                0x08001d84      0x110 ./Drivers/GAME2/pingpong.o
                0x08001d84                PingPong_Draw
 .text.PingPong_IsGameOver
                0x08001e94       0x18 ./Drivers/GAME2/pingpong.o
                0x08001e94                PingPong_IsGameOver
 .text.MPU6050_Init
                0x08001eac       0xc8 ./Drivers/MPU6050/mpu6050.o
                0x08001eac                MPU6050_Init
 .text.MPU6050_Read_Accel
                0x08001f74       0x90 ./Drivers/MPU6050/mpu6050.o
                0x08001f74                MPU6050_Read_Accel
 .text.HAL_Init
                0x08002004       0x44 ./Drivers/STM32F4xx_HAL_Driver/Src/stm32f4xx_hal.o
                0x08002004                HAL_Init
 .text.HAL_InitTick
                0x08002048       0x60 ./Drivers/STM32F4xx_HAL_Driver/Src/stm32f4xx_hal.o
                0x08002048                HAL_InitTick
 .text.HAL_IncTick
                0x080020a8       0x28 ./Drivers/STM32F4xx_HAL_Driver/Src/stm32f4xx_hal.o
                0x080020a8                HAL_IncTick
 .text.HAL_GetTick
                0x080020d0       0x18 ./Drivers/STM32F4xx_HAL_Driver/Src/stm32f4xx_hal.o
                0x080020d0                HAL_GetTick
 .text.HAL_Delay
                0x080020e8       0x48 ./Drivers/STM32F4xx_HAL_Driver/Src/stm32f4xx_hal.o
                0x080020e8                HAL_Delay
 .text.HAL_ADC_Init
                0x08002130       0x86 ./Drivers/STM32F4xx_HAL_Driver/Src/stm32f4xx_hal_adc.o
                0x08002130                HAL_ADC_Init
 *fill*         0x080021b6        0x2 
 .text.HAL_ADC_Start
                0x080021b8      0x1a4 ./Drivers/STM32F4xx_HAL_Driver/Src/stm32f4xx_hal_adc.o
                0x080021b8                HAL_ADC_Start
 .text.HAL_ADC_Stop
                0x0800235c       0x66 ./Drivers/STM32F4xx_HAL_Driver/Src/stm32f4xx_hal_adc.o
                0x0800235c                HAL_ADC_Stop
 .text.HAL_ADC_PollForConversion
                0x080023c2      0x116 ./Drivers/STM32F4xx_HAL_Driver/Src/stm32f4xx_hal_adc.o
                0x080023c2                HAL_ADC_PollForConversion
 .text.HAL_ADC_GetValue
                0x080024d8       0x1a ./Drivers/STM32F4xx_HAL_Driver/Src/stm32f4xx_hal_adc.o
                0x080024d8                HAL_ADC_GetValue
 *fill*         0x080024f2        0x2 
 .text.HAL_ADC_ConfigChannel
                0x080024f4      0x244 ./Drivers/STM32F4xx_HAL_Driver/Src/stm32f4xx_hal_adc.o
                0x080024f4                HAL_ADC_ConfigChannel
 .text.ADC_Init
                0x08002738      0x1f8 ./Drivers/STM32F4xx_HAL_Driver/Src/stm32f4xx_hal_adc.o
 .text.__NVIC_SetPriorityGrouping
                0x08002930       0x48 ./Drivers/STM32F4xx_HAL_Driver/Src/stm32f4xx_hal_cortex.o
 .text.__NVIC_GetPriorityGrouping
                0x08002978       0x1c ./Drivers/STM32F4xx_HAL_Driver/Src/stm32f4xx_hal_cortex.o
 .text.__NVIC_SetPriority
                0x08002994       0x54 ./Drivers/STM32F4xx_HAL_Driver/Src/stm32f4xx_hal_cortex.o
 .text.NVIC_EncodePriority
                0x080029e8       0x66 ./Drivers/STM32F4xx_HAL_Driver/Src/stm32f4xx_hal_cortex.o
 *fill*         0x08002a4e        0x2 
 .text.SysTick_Config
                0x08002a50       0x44 ./Drivers/STM32F4xx_HAL_Driver/Src/stm32f4xx_hal_cortex.o
 .text.HAL_NVIC_SetPriorityGrouping
                0x08002a94       0x16 ./Drivers/STM32F4xx_HAL_Driver/Src/stm32f4xx_hal_cortex.o
                0x08002a94                HAL_NVIC_SetPriorityGrouping
 .text.HAL_NVIC_SetPriority
                0x08002aaa       0x38 ./Drivers/STM32F4xx_HAL_Driver/Src/stm32f4xx_hal_cortex.o
                0x08002aaa                HAL_NVIC_SetPriority
 .text.HAL_SYSTICK_Config
                0x08002ae2       0x18 ./Drivers/STM32F4xx_HAL_Driver/Src/stm32f4xx_hal_cortex.o
                0x08002ae2                HAL_SYSTICK_Config
 *fill*         0x08002afa        0x2 
 .text.HAL_GPIO_Init
                0x08002afc      0x338 ./Drivers/STM32F4xx_HAL_Driver/Src/stm32f4xx_hal_gpio.o
                0x08002afc                HAL_GPIO_Init
 .text.HAL_GPIO_ReadPin
                0x08002e34       0x30 ./Drivers/STM32F4xx_HAL_Driver/Src/stm32f4xx_hal_gpio.o
                0x08002e34                HAL_GPIO_ReadPin
 .text.HAL_GPIO_WritePin
                0x08002e64       0x32 ./Drivers/STM32F4xx_HAL_Driver/Src/stm32f4xx_hal_gpio.o
                0x08002e64                HAL_GPIO_WritePin
 *fill*         0x08002e96        0x2 
 .text.HAL_I2C_Init
                0x08002e98      0x288 ./Drivers/STM32F4xx_HAL_Driver/Src/stm32f4xx_hal_i2c.o
                0x08002e98                HAL_I2C_Init
 .text.HAL_I2C_Mem_Write
                0x08003120      0x1f4 ./Drivers/STM32F4xx_HAL_Driver/Src/stm32f4xx_hal_i2c.o
                0x08003120                HAL_I2C_Mem_Write
 .text.HAL_I2C_Mem_Read
                0x08003314      0x464 ./Drivers/STM32F4xx_HAL_Driver/Src/stm32f4xx_hal_i2c.o
                0x08003314                HAL_I2C_Mem_Read
 .text.I2C_RequestMemoryWrite
                0x08003778      0x12c ./Drivers/STM32F4xx_HAL_Driver/Src/stm32f4xx_hal_i2c.o
 .text.I2C_RequestMemoryRead
                0x080038a4      0x1d0 ./Drivers/STM32F4xx_HAL_Driver/Src/stm32f4xx_hal_i2c.o
 .text.I2C_WaitOnFlagUntilTimeout
                0x08003a74       0xf4 ./Drivers/STM32F4xx_HAL_Driver/Src/stm32f4xx_hal_i2c.o
 .text.I2C_WaitOnMasterAddressFlagUntilTimeout
                0x08003b68      0x140 ./Drivers/STM32F4xx_HAL_Driver/Src/stm32f4xx_hal_i2c.o
 .text.I2C_WaitOnTXEFlagUntilTimeout
                0x08003ca8       0x90 ./Drivers/STM32F4xx_HAL_Driver/Src/stm32f4xx_hal_i2c.o
 .text.I2C_WaitOnBTFFlagUntilTimeout
                0x08003d38       0x90 ./Drivers/STM32F4xx_HAL_Driver/Src/stm32f4xx_hal_i2c.o
 .text.I2C_WaitOnRXNEFlagUntilTimeout
                0x08003dc8       0xba ./Drivers/STM32F4xx_HAL_Driver/Src/stm32f4xx_hal_i2c.o
 .text.I2C_IsAcknowledgeFailed
                0x08003e82       0x5e ./Drivers/STM32F4xx_HAL_Driver/Src/stm32f4xx_hal_i2c.o
 .text.HAL_RCC_OscConfig
                0x08003ee0      0x4f0 ./Drivers/STM32F4xx_HAL_Driver/Src/stm32f4xx_hal_rcc.o
                0x08003ee0                HAL_RCC_OscConfig
 .text.HAL_RCC_ClockConfig
                0x080043d0      0x1cc ./Drivers/STM32F4xx_HAL_Driver/Src/stm32f4xx_hal_rcc.o
                0x080043d0                HAL_RCC_ClockConfig
 .text.HAL_RCC_GetSysClockFreq
                0x0800459c      0x18c ./Drivers/STM32F4xx_HAL_Driver/Src/stm32f4xx_hal_rcc.o
                0x0800459c                HAL_RCC_GetSysClockFreq
 .text.HAL_RCC_GetHCLKFreq
                0x08004728       0x18 ./Drivers/STM32F4xx_HAL_Driver/Src/stm32f4xx_hal_rcc.o
                0x08004728                HAL_RCC_GetHCLKFreq
 .text.HAL_RCC_GetPCLK1Freq
                0x08004740       0x28 ./Drivers/STM32F4xx_HAL_Driver/Src/stm32f4xx_hal_rcc.o
                0x08004740                HAL_RCC_GetPCLK1Freq
 .text.HAL_RCC_GetPCLK2Freq
                0x08004768       0x28 ./Drivers/STM32F4xx_HAL_Driver/Src/stm32f4xx_hal_rcc.o
                0x08004768                HAL_RCC_GetPCLK2Freq
 .text.HAL_SPI_Init
                0x08004790      0x112 ./Drivers/STM32F4xx_HAL_Driver/Src/stm32f4xx_hal_spi.o
                0x08004790                HAL_SPI_Init
 .text.HAL_SPI_Transmit
                0x080048a2      0x288 ./Drivers/STM32F4xx_HAL_Driver/Src/stm32f4xx_hal_spi.o
                0x080048a2                HAL_SPI_Transmit
 *fill*         0x08004b2a        0x2 
 .text.SPI_WaitFlagStateUntilTimeout
                0x08004b2c      0x110 ./Drivers/STM32F4xx_HAL_Driver/Src/stm32f4xx_hal_spi.o
 .text.SPI_EndRxTxTransaction
                0x08004c3c       0xa8 ./Drivers/STM32F4xx_HAL_Driver/Src/stm32f4xx_hal_spi.o
 .text.HAL_UART_Init
                0x08004ce4       0xa0 ./Drivers/STM32F4xx_HAL_Driver/Src/stm32f4xx_hal_uart.o
                0x08004ce4                HAL_UART_Init
 .text.UART_SetConfig
                0x08004d84      0x4e8 ./Drivers/STM32F4xx_HAL_Driver/Src/stm32f4xx_hal_uart.o
 .text.ILI9341_Select
                0x0800526c       0x18 ./Drivers/TFT/ili9341.o
 .text.ILI9341_Unselect
                0x08005284       0x18 ./Drivers/TFT/ili9341.o
                0x08005284                ILI9341_Unselect
 .text.ILI9341_Reset
                0x0800529c       0x28 ./Drivers/TFT/ili9341.o
 .text.ILI9341_WriteCommand
                0x080052c4       0x34 ./Drivers/TFT/ili9341.o
 .text.ILI9341_WriteData
                0x080052f8       0x5c ./Drivers/TFT/ili9341.o
 .text.ILI9341_SetAddressWindow
                0x08005354       0x90 ./Drivers/TFT/ili9341.o
 .text.ILI9341_Init
                0x080053e4      0x25c ./Drivers/TFT/ili9341.o
                0x080053e4                ILI9341_Init
 .text.ILI9341_WriteChar
                0x08005640       0xe4 ./Drivers/TFT/ili9341.o
 .text.ILI9341_WriteString
                0x08005724       0x96 ./Drivers/TFT/ili9341.o
                0x08005724                ILI9341_WriteString
 *fill*         0x080057ba        0x2 
 .text.ILI9341_FillRectangle
                0x080057bc       0xdc ./Drivers/TFT/ili9341.o
                0x080057bc                ILI9341_FillRectangle
 .text.ILI9341_FillScreen
                0x08005898       0x24 ./Drivers/TFT/ili9341.o
                0x08005898                ILI9341_FillScreen
 .text.ILI9341_DrawImage
                0x080058bc       0x90 ./Drivers/TFT/ili9341.o
                0x080058bc                ILI9341_DrawImage
 .text.srand    0x0800594c       0x5c C:/ST/STM32CubeIDE_1.19.0/STM32CubeIDE/plugins/com.st.stm32cube.ide.mcu.externaltools.gnu-tools-for-stm32.13.3.rel1.win32_1.0.0.202411081344/tools/bin/../lib/gcc/arm-none-eabi/13.3.1/../../../../arm-none-eabi/lib/thumb/v7e-m+fp/hard\libc_nano.a(libc_a-rand.o)
                0x0800594c                srand
 .text.rand     0x080059a8       0x7c C:/ST/STM32CubeIDE_1.19.0/STM32CubeIDE/plugins/com.st.stm32cube.ide.mcu.externaltools.gnu-tools-for-stm32.13.3.rel1.win32_1.0.0.202411081344/tools/bin/../lib/gcc/arm-none-eabi/13.3.1/../../../../arm-none-eabi/lib/thumb/v7e-m+fp/hard\libc_nano.a(libc_a-rand.o)
                0x080059a8                rand
 .text.std      0x08005a24       0x6c C:/ST/STM32CubeIDE_1.19.0/STM32CubeIDE/plugins/com.st.stm32cube.ide.mcu.externaltools.gnu-tools-for-stm32.13.3.rel1.win32_1.0.0.202411081344/tools/bin/../lib/gcc/arm-none-eabi/13.3.1/../../../../arm-none-eabi/lib/thumb/v7e-m+fp/hard\libc_nano.a(libc_a-findfp.o)
 .text.stdio_exit_handler
                0x08005a90       0x18 C:/ST/STM32CubeIDE_1.19.0/STM32CubeIDE/plugins/com.st.stm32cube.ide.mcu.externaltools.gnu-tools-for-stm32.13.3.rel1.win32_1.0.0.202411081344/tools/bin/../lib/gcc/arm-none-eabi/13.3.1/../../../../arm-none-eabi/lib/thumb/v7e-m+fp/hard\libc_nano.a(libc_a-findfp.o)
 .text.cleanup_stdio
                0x08005aa8       0x40 C:/ST/STM32CubeIDE_1.19.0/STM32CubeIDE/plugins/com.st.stm32cube.ide.mcu.externaltools.gnu-tools-for-stm32.13.3.rel1.win32_1.0.0.202411081344/tools/bin/../lib/gcc/arm-none-eabi/13.3.1/../../../../arm-none-eabi/lib/thumb/v7e-m+fp/hard\libc_nano.a(libc_a-findfp.o)
 .text.global_stdio_init.part.0
                0x08005ae8       0x3c C:/ST/STM32CubeIDE_1.19.0/STM32CubeIDE/plugins/com.st.stm32cube.ide.mcu.externaltools.gnu-tools-for-stm32.13.3.rel1.win32_1.0.0.202411081344/tools/bin/../lib/gcc/arm-none-eabi/13.3.1/../../../../arm-none-eabi/lib/thumb/v7e-m+fp/hard\libc_nano.a(libc_a-findfp.o)
 .text.__sfp_lock_acquire
                0x08005b24        0xc C:/ST/STM32CubeIDE_1.19.0/STM32CubeIDE/plugins/com.st.stm32cube.ide.mcu.externaltools.gnu-tools-for-stm32.13.3.rel1.win32_1.0.0.202411081344/tools/bin/../lib/gcc/arm-none-eabi/13.3.1/../../../../arm-none-eabi/lib/thumb/v7e-m+fp/hard\libc_nano.a(libc_a-findfp.o)
                0x08005b24                __sfp_lock_acquire
 .text.__sfp_lock_release
                0x08005b30        0xc C:/ST/STM32CubeIDE_1.19.0/STM32CubeIDE/plugins/com.st.stm32cube.ide.mcu.externaltools.gnu-tools-for-stm32.13.3.rel1.win32_1.0.0.202411081344/tools/bin/../lib/gcc/arm-none-eabi/13.3.1/../../../../arm-none-eabi/lib/thumb/v7e-m+fp/hard\libc_nano.a(libc_a-findfp.o)
                0x08005b30                __sfp_lock_release
 .text.__sinit  0x08005b3c       0x30 C:/ST/STM32CubeIDE_1.19.0/STM32CubeIDE/plugins/com.st.stm32cube.ide.mcu.externaltools.gnu-tools-for-stm32.13.3.rel1.win32_1.0.0.202411081344/tools/bin/../lib/gcc/arm-none-eabi/13.3.1/../../../../arm-none-eabi/lib/thumb/v7e-m+fp/hard\libc_nano.a(libc_a-findfp.o)
                0x08005b3c                __sinit
 .text._fwalk_sglue
                0x08005b6c       0x3c C:/ST/STM32CubeIDE_1.19.0/STM32CubeIDE/plugins/com.st.stm32cube.ide.mcu.externaltools.gnu-tools-for-stm32.13.3.rel1.win32_1.0.0.202411081344/tools/bin/../lib/gcc/arm-none-eabi/13.3.1/../../../../arm-none-eabi/lib/thumb/v7e-m+fp/hard\libc_nano.a(libc_a-fwalk.o)
                0x08005b6c                _fwalk_sglue
 .text.__sread  0x08005ba8       0x22 C:/ST/STM32CubeIDE_1.19.0/STM32CubeIDE/plugins/com.st.stm32cube.ide.mcu.externaltools.gnu-tools-for-stm32.13.3.rel1.win32_1.0.0.202411081344/tools/bin/../lib/gcc/arm-none-eabi/13.3.1/../../../../arm-none-eabi/lib/thumb/v7e-m+fp/hard\libc_nano.a(libc_a-stdio.o)
                0x08005ba8                __sread
 .text.__swrite
                0x08005bca       0x38 C:/ST/STM32CubeIDE_1.19.0/STM32CubeIDE/plugins/com.st.stm32cube.ide.mcu.externaltools.gnu-tools-for-stm32.13.3.rel1.win32_1.0.0.202411081344/tools/bin/../lib/gcc/arm-none-eabi/13.3.1/../../../../arm-none-eabi/lib/thumb/v7e-m+fp/hard\libc_nano.a(libc_a-stdio.o)
                0x08005bca                __swrite
 .text.__sseek  0x08005c02       0x24 C:/ST/STM32CubeIDE_1.19.0/STM32CubeIDE/plugins/com.st.stm32cube.ide.mcu.externaltools.gnu-tools-for-stm32.13.3.rel1.win32_1.0.0.202411081344/tools/bin/../lib/gcc/arm-none-eabi/13.3.1/../../../../arm-none-eabi/lib/thumb/v7e-m+fp/hard\libc_nano.a(libc_a-stdio.o)
                0x08005c02                __sseek
 .text.__sclose
                0x08005c26        0x8 C:/ST/STM32CubeIDE_1.19.0/STM32CubeIDE/plugins/com.st.stm32cube.ide.mcu.externaltools.gnu-tools-for-stm32.13.3.rel1.win32_1.0.0.202411081344/tools/bin/../lib/gcc/arm-none-eabi/13.3.1/../../../../arm-none-eabi/lib/thumb/v7e-m+fp/hard\libc_nano.a(libc_a-stdio.o)
                0x08005c26                __sclose
 .text.memset   0x08005c2e       0x10 C:/ST/STM32CubeIDE_1.19.0/STM32CubeIDE/plugins/com.st.stm32cube.ide.mcu.externaltools.gnu-tools-for-stm32.13.3.rel1.win32_1.0.0.202411081344/tools/bin/../lib/gcc/arm-none-eabi/13.3.1/../../../../arm-none-eabi/lib/thumb/v7e-m+fp/hard\libc_nano.a(libc_a-memset.o)
                0x08005c2e                memset
 *fill*         0x08005c3e        0x2 
 .text._close_r
                0x08005c40       0x20 C:/ST/STM32CubeIDE_1.19.0/STM32CubeIDE/plugins/com.st.stm32cube.ide.mcu.externaltools.gnu-tools-for-stm32.13.3.rel1.win32_1.0.0.202411081344/tools/bin/../lib/gcc/arm-none-eabi/13.3.1/../../../../arm-none-eabi/lib/thumb/v7e-m+fp/hard\libc_nano.a(libc_a-closer.o)
                0x08005c40                _close_r
 .text._lseek_r
                0x08005c60       0x24 C:/ST/STM32CubeIDE_1.19.0/STM32CubeIDE/plugins/com.st.stm32cube.ide.mcu.externaltools.gnu-tools-for-stm32.13.3.rel1.win32_1.0.0.202411081344/tools/bin/../lib/gcc/arm-none-eabi/13.3.1/../../../../arm-none-eabi/lib/thumb/v7e-m+fp/hard\libc_nano.a(libc_a-lseekr.o)
                0x08005c60                _lseek_r
 .text._read_r  0x08005c84       0x24 C:/ST/STM32CubeIDE_1.19.0/STM32CubeIDE/plugins/com.st.stm32cube.ide.mcu.externaltools.gnu-tools-for-stm32.13.3.rel1.win32_1.0.0.202411081344/tools/bin/../lib/gcc/arm-none-eabi/13.3.1/../../../../arm-none-eabi/lib/thumb/v7e-m+fp/hard\libc_nano.a(libc_a-readr.o)
                0x08005c84                _read_r
 .text._write_r
                0x08005ca8       0x24 C:/ST/STM32CubeIDE_1.19.0/STM32CubeIDE/plugins/com.st.stm32cube.ide.mcu.externaltools.gnu-tools-for-stm32.13.3.rel1.win32_1.0.0.202411081344/tools/bin/../lib/gcc/arm-none-eabi/13.3.1/../../../../arm-none-eabi/lib/thumb/v7e-m+fp/hard\libc_nano.a(libc_a-writer.o)
                0x08005ca8                _write_r
 .text.__errno  0x08005ccc        0xc C:/ST/STM32CubeIDE_1.19.0/STM32CubeIDE/plugins/com.st.stm32cube.ide.mcu.externaltools.gnu-tools-for-stm32.13.3.rel1.win32_1.0.0.202411081344/tools/bin/../lib/gcc/arm-none-eabi/13.3.1/../../../../arm-none-eabi/lib/thumb/v7e-m+fp/hard\libc_nano.a(libc_a-errno.o)
                0x08005ccc                __errno
 .text.__libc_init_array
                0x08005cd8       0x48 C:/ST/STM32CubeIDE_1.19.0/STM32CubeIDE/plugins/com.st.stm32cube.ide.mcu.externaltools.gnu-tools-for-stm32.13.3.rel1.win32_1.0.0.202411081344/tools/bin/../lib/gcc/arm-none-eabi/13.3.1/../../../../arm-none-eabi/lib/thumb/v7e-m+fp/hard\libc_nano.a(libc_a-init.o)
                0x08005cd8                __libc_init_array
 .text.__retarget_lock_init_recursive
                0x08005d20        0x2 C:/ST/STM32CubeIDE_1.19.0/STM32CubeIDE/plugins/com.st.stm32cube.ide.mcu.externaltools.gnu-tools-for-stm32.13.3.rel1.win32_1.0.0.202411081344/tools/bin/../lib/gcc/arm-none-eabi/13.3.1/../../../../arm-none-eabi/lib/thumb/v7e-m+fp/hard\libc_nano.a(libc_a-lock.o)
                0x08005d20                __retarget_lock_init_recursive
 .text.__retarget_lock_acquire_recursive
                0x08005d22        0x2 C:/ST/STM32CubeIDE_1.19.0/STM32CubeIDE/plugins/com.st.stm32cube.ide.mcu.externaltools.gnu-tools-for-stm32.13.3.rel1.win32_1.0.0.202411081344/tools/bin/../lib/gcc/arm-none-eabi/13.3.1/../../../../arm-none-eabi/lib/thumb/v7e-m+fp/hard\libc_nano.a(libc_a-lock.o)
                0x08005d22                __retarget_lock_acquire_recursive
 .text.__retarget_lock_release_recursive
                0x08005d24        0x2 C:/ST/STM32CubeIDE_1.19.0/STM32CubeIDE/plugins/com.st.stm32cube.ide.mcu.externaltools.gnu-tools-for-stm32.13.3.rel1.win32_1.0.0.202411081344/tools/bin/../lib/gcc/arm-none-eabi/13.3.1/../../../../arm-none-eabi/lib/thumb/v7e-m+fp/hard\libc_nano.a(libc_a-lock.o)
                0x08005d24                __retarget_lock_release_recursive
 *fill*         0x08005d26        0x2 
 .text.__assert_func
                0x08005d28       0x3c C:/ST/STM32CubeIDE_1.19.0/STM32CubeIDE/plugins/com.st.stm32cube.ide.mcu.externaltools.gnu-tools-for-stm32.13.3.rel1.win32_1.0.0.202411081344/tools/bin/../lib/gcc/arm-none-eabi/13.3.1/../../../../arm-none-eabi/lib/thumb/v7e-m+fp/hard\libc_nano.a(libc_a-assert.o)
                0x08005d28                __assert_func
 .text._free_r  0x08005d64       0x94 C:/ST/STM32CubeIDE_1.19.0/STM32CubeIDE/plugins/com.st.stm32cube.ide.mcu.externaltools.gnu-tools-for-stm32.13.3.rel1.win32_1.0.0.202411081344/tools/bin/../lib/gcc/arm-none-eabi/13.3.1/../../../../arm-none-eabi/lib/thumb/v7e-m+fp/hard\libc_nano.a(libc_a-freer.o)
                0x08005d64                _free_r
 .text.malloc   0x08005df8       0x10 C:/ST/STM32CubeIDE_1.19.0/STM32CubeIDE/plugins/com.st.stm32cube.ide.mcu.externaltools.gnu-tools-for-stm32.13.3.rel1.win32_1.0.0.202411081344/tools/bin/../lib/gcc/arm-none-eabi/13.3.1/../../../../arm-none-eabi/lib/thumb/v7e-m+fp/hard\libc_nano.a(libc_a-malloc.o)
                0x08005df8                malloc
 .text.sbrk_aligned
                0x08005e08       0x44 C:/ST/STM32CubeIDE_1.19.0/STM32CubeIDE/plugins/com.st.stm32cube.ide.mcu.externaltools.gnu-tools-for-stm32.13.3.rel1.win32_1.0.0.202411081344/tools/bin/../lib/gcc/arm-none-eabi/13.3.1/../../../../arm-none-eabi/lib/thumb/v7e-m+fp/hard\libc_nano.a(libc_a-mallocr.o)
 .text._malloc_r
                0x08005e4c      0x100 C:/ST/STM32CubeIDE_1.19.0/STM32CubeIDE/plugins/com.st.stm32cube.ide.mcu.externaltools.gnu-tools-for-stm32.13.3.rel1.win32_1.0.0.202411081344/tools/bin/../lib/gcc/arm-none-eabi/13.3.1/../../../../arm-none-eabi/lib/thumb/v7e-m+fp/hard\libc_nano.a(libc_a-mallocr.o)
                0x08005e4c                _malloc_r
 .text.__malloc_lock
                0x08005f4c        0xc C:/ST/STM32CubeIDE_1.19.0/STM32CubeIDE/plugins/com.st.stm32cube.ide.mcu.externaltools.gnu-tools-for-stm32.13.3.rel1.win32_1.0.0.202411081344/tools/bin/../lib/gcc/arm-none-eabi/13.3.1/../../../../arm-none-eabi/lib/thumb/v7e-m+fp/hard\libc_nano.a(libc_a-mlock.o)
                0x08005f4c                __malloc_lock
 .text.__malloc_unlock
                0x08005f58        0xc C:/ST/STM32CubeIDE_1.19.0/STM32CubeIDE/plugins/com.st.stm32cube.ide.mcu.externaltools.gnu-tools-for-stm32.13.3.rel1.win32_1.0.0.202411081344/tools/bin/../lib/gcc/arm-none-eabi/13.3.1/../../../../arm-none-eabi/lib/thumb/v7e-m+fp/hard\libc_nano.a(libc_a-mlock.o)
                0x08005f58                __malloc_unlock
 .text.__sflush_r
                0x08005f64      0x108 C:/ST/STM32CubeIDE_1.19.0/STM32CubeIDE/plugins/com.st.stm32cube.ide.mcu.externaltools.gnu-tools-for-stm32.13.3.rel1.win32_1.0.0.202411081344/tools/bin/../lib/gcc/arm-none-eabi/13.3.1/../../../../arm-none-eabi/lib/thumb/v7e-m+fp/hard\libc_nano.a(libc_a-fflush.o)
                0x08005f64                __sflush_r
 .text._fflush_r
                0x0800606c       0x50 C:/ST/STM32CubeIDE_1.19.0/STM32CubeIDE/plugins/com.st.stm32cube.ide.mcu.externaltools.gnu-tools-for-stm32.13.3.rel1.win32_1.0.0.202411081344/tools/bin/../lib/gcc/arm-none-eabi/13.3.1/../../../../arm-none-eabi/lib/thumb/v7e-m+fp/hard\libc_nano.a(libc_a-fflush.o)
                0x0800606c                _fflush_r
 .text.fprintf  0x080060bc       0x24 C:/ST/STM32CubeIDE_1.19.0/STM32CubeIDE/plugins/com.st.stm32cube.ide.mcu.externaltools.gnu-tools-for-stm32.13.3.rel1.win32_1.0.0.202411081344/tools/bin/../lib/gcc/arm-none-eabi/13.3.1/../../../../arm-none-eabi/lib/thumb/v7e-m+fp/hard\libc_nano.a(libc_a-fprintf.o)
                0x080060bc                fiprintf
                0x080060bc                fprintf
 .text._sbrk_r  0x080060e0       0x20 C:/ST/STM32CubeIDE_1.19.0/STM32CubeIDE/plugins/com.st.stm32cube.ide.mcu.externaltools.gnu-tools-for-stm32.13.3.rel1.win32_1.0.0.202411081344/tools/bin/../lib/gcc/arm-none-eabi/13.3.1/../../../../arm-none-eabi/lib/thumb/v7e-m+fp/hard\libc_nano.a(libc_a-sbrkr.o)
                0x080060e0                _sbrk_r
 .text.abort    0x08006100        0xe C:/ST/STM32CubeIDE_1.19.0/STM32CubeIDE/plugins/com.st.stm32cube.ide.mcu.externaltools.gnu-tools-for-stm32.13.3.rel1.win32_1.0.0.202411081344/tools/bin/../lib/gcc/arm-none-eabi/13.3.1/../../../../arm-none-eabi/lib/thumb/v7e-m+fp/hard\libc_nano.a(libc_a-abort.o)
                0x08006100                abort
 .text.__sfputc_r
                0x0800610e       0x2e C:/ST/STM32CubeIDE_1.19.0/STM32CubeIDE/plugins/com.st.stm32cube.ide.mcu.externaltools.gnu-tools-for-stm32.13.3.rel1.win32_1.0.0.202411081344/tools/bin/../lib/gcc/arm-none-eabi/13.3.1/../../../../arm-none-eabi/lib/thumb/v7e-m+fp/hard\libc_nano.a(libc_a-nano-vfprintf.o)
 .text.__sfputs_r
                0x0800613c       0x24 C:/ST/STM32CubeIDE_1.19.0/STM32CubeIDE/plugins/com.st.stm32cube.ide.mcu.externaltools.gnu-tools-for-stm32.13.3.rel1.win32_1.0.0.202411081344/tools/bin/../lib/gcc/arm-none-eabi/13.3.1/../../../../arm-none-eabi/lib/thumb/v7e-m+fp/hard\libc_nano.a(libc_a-nano-vfprintf.o)
                0x0800613c                __sfputs_r
 .text._vfprintf_r
                0x08006160      0x230 C:/ST/STM32CubeIDE_1.19.0/STM32CubeIDE/plugins/com.st.stm32cube.ide.mcu.externaltools.gnu-tools-for-stm32.13.3.rel1.win32_1.0.0.202411081344/tools/bin/../lib/gcc/arm-none-eabi/13.3.1/../../../../arm-none-eabi/lib/thumb/v7e-m+fp/hard\libc_nano.a(libc_a-nano-vfprintf.o)
                0x08006160                _vfprintf_r
                0x08006160                _vfiprintf_r
 .text._printf_common
                0x08006390       0xda C:/ST/STM32CubeIDE_1.19.0/STM32CubeIDE/plugins/com.st.stm32cube.ide.mcu.externaltools.gnu-tools-for-stm32.13.3.rel1.win32_1.0.0.202411081344/tools/bin/../lib/gcc/arm-none-eabi/13.3.1/../../../../arm-none-eabi/lib/thumb/v7e-m+fp/hard\libc_nano.a(libc_a-nano-vfprintf_i.o)
                0x08006390                _printf_common
 *fill*         0x0800646a        0x2 
 .text._printf_i
                0x0800646c      0x23c C:/ST/STM32CubeIDE_1.19.0/STM32CubeIDE/plugins/com.st.stm32cube.ide.mcu.externaltools.gnu-tools-for-stm32.13.3.rel1.win32_1.0.0.202411081344/tools/bin/../lib/gcc/arm-none-eabi/13.3.1/../../../../arm-none-eabi/lib/thumb/v7e-m+fp/hard\libc_nano.a(libc_a-nano-vfprintf_i.o)
                0x0800646c                _printf_i
 .text.__swbuf_r
                0x080066a8       0x7c C:/ST/STM32CubeIDE_1.19.0/STM32CubeIDE/plugins/com.st.stm32cube.ide.mcu.externaltools.gnu-tools-for-stm32.13.3.rel1.win32_1.0.0.202411081344/tools/bin/../lib/gcc/arm-none-eabi/13.3.1/../../../../arm-none-eabi/lib/thumb/v7e-m+fp/hard\libc_nano.a(libc_a-wbuf.o)
                0x080066a8                __swbuf_r
 .text.__swsetup_r
                0x08006724       0xac C:/ST/STM32CubeIDE_1.19.0/STM32CubeIDE/plugins/com.st.stm32cube.ide.mcu.externaltools.gnu-tools-for-stm32.13.3.rel1.win32_1.0.0.202411081344/tools/bin/../lib/gcc/arm-none-eabi/13.3.1/../../../../arm-none-eabi/lib/thumb/v7e-m+fp/hard\libc_nano.a(libc_a-wsetup.o)
                0x08006724                __swsetup_r
 .text._raise_r
                0x080067d0       0x50 C:/ST/STM32CubeIDE_1.19.0/STM32CubeIDE/plugins/com.st.stm32cube.ide.mcu.externaltools.gnu-tools-for-stm32.13.3.rel1.win32_1.0.0.202411081344/tools/bin/../lib/gcc/arm-none-eabi/13.3.1/../../../../arm-none-eabi/lib/thumb/v7e-m+fp/hard\libc_nano.a(libc_a-signal.o)
                0x080067d0                _raise_r
 .text.raise    0x08006820       0x10 C:/ST/STM32CubeIDE_1.19.0/STM32CubeIDE/plugins/com.st.stm32cube.ide.mcu.externaltools.gnu-tools-for-stm32.13.3.rel1.win32_1.0.0.202411081344/tools/bin/../lib/gcc/arm-none-eabi/13.3.1/../../../../arm-none-eabi/lib/thumb/v7e-m+fp/hard\libc_nano.a(libc_a-signal.o)
                0x08006820                raise
 .text._kill_r  0x08006830       0x24 C:/ST/STM32CubeIDE_1.19.0/STM32CubeIDE/plugins/com.st.stm32cube.ide.mcu.externaltools.gnu-tools-for-stm32.13.3.rel1.win32_1.0.0.202411081344/tools/bin/../lib/gcc/arm-none-eabi/13.3.1/../../../../arm-none-eabi/lib/thumb/v7e-m+fp/hard\libc_nano.a(libc_a-signalr.o)
                0x08006830                _kill_r
 .text._getpid_r
                0x08006854        0x4 C:/ST/STM32CubeIDE_1.19.0/STM32CubeIDE/plugins/com.st.stm32cube.ide.mcu.externaltools.gnu-tools-for-stm32.13.3.rel1.win32_1.0.0.202411081344/tools/bin/../lib/gcc/arm-none-eabi/13.3.1/../../../../arm-none-eabi/lib/thumb/v7e-m+fp/hard\libc_nano.a(libc_a-signalr.o)
                0x08006854                _getpid_r
 .text.__swhatbuf_r
                0x08006858       0x4c C:/ST/STM32CubeIDE_1.19.0/STM32CubeIDE/plugins/com.st.stm32cube.ide.mcu.externaltools.gnu-tools-for-stm32.13.3.rel1.win32_1.0.0.202411081344/tools/bin/../lib/gcc/arm-none-eabi/13.3.1/../../../../arm-none-eabi/lib/thumb/v7e-m+fp/hard\libc_nano.a(libc_a-makebuf.o)
                0x08006858                __swhatbuf_r
 .text.__smakebuf_r
                0x080068a4       0x78 C:/ST/STM32CubeIDE_1.19.0/STM32CubeIDE/plugins/com.st.stm32cube.ide.mcu.externaltools.gnu-tools-for-stm32.13.3.rel1.win32_1.0.0.202411081344/tools/bin/../lib/gcc/arm-none-eabi/13.3.1/../../../../arm-none-eabi/lib/thumb/v7e-m+fp/hard\libc_nano.a(libc_a-makebuf.o)
                0x080068a4                __smakebuf_r
 .text._fstat_r
                0x0800691c       0x24 C:/ST/STM32CubeIDE_1.19.0/STM32CubeIDE/plugins/com.st.stm32cube.ide.mcu.externaltools.gnu-tools-for-stm32.13.3.rel1.win32_1.0.0.202411081344/tools/bin/../lib/gcc/arm-none-eabi/13.3.1/../../../../arm-none-eabi/lib/thumb/v7e-m+fp/hard\libc_nano.a(libc_a-fstatr.o)
                0x0800691c                _fstat_r
 .text._isatty_r
                0x08006940       0x20 C:/ST/STM32CubeIDE_1.19.0/STM32CubeIDE/plugins/com.st.stm32cube.ide.mcu.externaltools.gnu-tools-for-stm32.13.3.rel1.win32_1.0.0.202411081344/tools/bin/../lib/gcc/arm-none-eabi/13.3.1/../../../../arm-none-eabi/lib/thumb/v7e-m+fp/hard\libc_nano.a(libc_a-isattyr.o)
                0x08006940                _isatty_r
 *(.glue_7)
 .glue_7        0x08006960        0x0 linker stubs
 *(.glue_7t)
 .glue_7t       0x08006960        0x0 linker stubs
 *(.eh_frame)
 .eh_frame      0x08006960        0x0 C:/ST/STM32CubeIDE_1.19.0/STM32CubeIDE/plugins/com.st.stm32cube.ide.mcu.externaltools.gnu-tools-for-stm32.13.3.rel1.win32_1.0.0.202411081344/tools/bin/../lib/gcc/arm-none-eabi/13.3.1/thumb/v7e-m+fp/hard/crtbegin.o
 *(.init)
 .init          0x08006960        0x4 C:/ST/STM32CubeIDE_1.19.0/STM32CubeIDE/plugins/com.st.stm32cube.ide.mcu.externaltools.gnu-tools-for-stm32.13.3.rel1.win32_1.0.0.202411081344/tools/bin/../lib/gcc/arm-none-eabi/13.3.1/thumb/v7e-m+fp/hard/crti.o
                0x08006960                _init
 .init          0x08006964        0x8 C:/ST/STM32CubeIDE_1.19.0/STM32CubeIDE/plugins/com.st.stm32cube.ide.mcu.externaltools.gnu-tools-for-stm32.13.3.rel1.win32_1.0.0.202411081344/tools/bin/../lib/gcc/arm-none-eabi/13.3.1/thumb/v7e-m+fp/hard/crtn.o
 *(.fini)
 .fini          0x0800696c        0x4 C:/ST/STM32CubeIDE_1.19.0/STM32CubeIDE/plugins/com.st.stm32cube.ide.mcu.externaltools.gnu-tools-for-stm32.13.3.rel1.win32_1.0.0.202411081344/tools/bin/../lib/gcc/arm-none-eabi/13.3.1/thumb/v7e-m+fp/hard/crti.o
                0x0800696c                _fini
 .fini          0x08006970        0x8 C:/ST/STM32CubeIDE_1.19.0/STM32CubeIDE/plugins/com.st.stm32cube.ide.mcu.externaltools.gnu-tools-for-stm32.13.3.rel1.win32_1.0.0.202411081344/tools/bin/../lib/gcc/arm-none-eabi/13.3.1/thumb/v7e-m+fp/hard/crtn.o
                0x08006978                        . = ALIGN (0x4)
                0x08006978                        _etext = .

.vfp11_veneer   0x08006978        0x0
 .vfp11_veneer  0x08006978        0x0 linker stubs

.v4_bx          0x08006978        0x0
 .v4_bx         0x08006978        0x0 linker stubs

.iplt           0x08006978        0x0
 .iplt          0x08006978        0x0 C:/ST/STM32CubeIDE_1.19.0/STM32CubeIDE/plugins/com.st.stm32cube.ide.mcu.externaltools.gnu-tools-for-stm32.13.3.rel1.win32_1.0.0.202411081344/tools/bin/../lib/gcc/arm-none-eabi/13.3.1/thumb/v7e-m+fp/hard/crtbegin.o

.rodata         0x08006978    0x5d124
                0x08006978                        . = ALIGN (0x4)
 *(.rodata)
 .rodata        0x08006978       0x38 ./Core/Src/main.o
 .rodata        0x080069b0        0xa ./Drivers/GAME2/pingpong.o
 *fill*         0x080069ba        0x2 
 .rodata        0x080069bc       0x33 ./Drivers/TFT/ili9341.o
 *(.rodata*)
 *fill*         0x080069ef        0x1 
 .rodata.AHBPrescTable
                0x080069f0       0x10 ./Core/Src/system_stm32f4xx.o
                0x080069f0                AHBPrescTable
 .rodata.APBPrescTable
                0x08006a00        0x8 ./Core/Src/system_stm32f4xx.o
                0x08006a00                APBPrescTable
 .rodata.Font7x10
                0x08006a08      0x76c ./Drivers/TFT/fonts.o
 .rodata.Font16x26
                0x08007174     0x134c ./Drivers/TFT/fonts.o
 .rodata.head1  0x080084c0      0x320 ./Drivers/TFT/testimg.o
                0x080084c0                head1
 .rodata.head2  0x080087e0      0x320 ./Drivers/TFT/testimg.o
                0x080087e0                head2
 .rodata.head3  0x08008b00      0x320 ./Drivers/TFT/testimg.o
                0x08008b00                head3
 .rodata.head4  0x08008e20      0x320 ./Drivers/TFT/testimg.o
                0x08008e20                head4
 .rodata.body4  0x08009140      0x320 ./Drivers/TFT/testimg.o
                0x08009140                body4
 .rodata.body3  0x08009460      0x320 ./Drivers/TFT/testimg.o
                0x08009460                body3
 .rodata.body2  0x08009780      0x320 ./Drivers/TFT/testimg.o
                0x08009780                body2
 .rodata.body1  0x08009aa0      0x320 ./Drivers/TFT/testimg.o
                0x08009aa0                body1
 .rodata.snake_intro
                0x08009dc0    0x1c200 ./Drivers/TFT/testimg.o
                0x08009dc0                snake_intro
 .rodata.snake_outro
                0x08025fc0    0x1c200 ./Drivers/TFT/testimg.o
                0x08025fc0                snake_outro
 .rodata.intro  0x080421c0     0x2000 ./Drivers/TFT/testimg.o
                0x080421c0                intro
 .rodata.menu1_2
                0x080441c0     0x3200 ./Drivers/TFT/testimg.o
                0x080441c0                menu1_2
 .rodata.menu1_1
                0x080473c0     0x3200 ./Drivers/TFT/testimg.o
                0x080473c0                menu1_1
 .rodata.menu2_1
                0x0804a5c0     0x3200 ./Drivers/TFT/testimg.o
                0x0804a5c0                menu2_1
 .rodata.menu2_2
                0x0804d7c0     0x3200 ./Drivers/TFT/testimg.o
                0x0804d7c0                menu2_2
 .rodata.bg_final_top
                0x080509c0     0x5780 ./Drivers/TFT/testimg.o
                0x080509c0                bg_final_top
 .rodata.bg_final_bottom
                0x08056140     0x5780 ./Drivers/TFT/testimg.o
                0x08056140                bg_final_bottom
 .rodata.bg_final_left
                0x0805b8c0     0x3e6c ./Drivers/TFT/testimg.o
                0x0805b8c0                bg_final_left
 .rodata.bg_final_right
                0x0805f72c     0x3d18 ./Drivers/TFT/testimg.o
                0x0805f72c                bg_final_right
 .rodata.paddle
                0x08063444      0x4b0 ./Drivers/TFT/testimg.o
                0x08063444                paddle
 .rodata.ball   0x080638f4       0xc8 ./Drivers/TFT/testimg.o
                0x080638f4                ball
 .rodata.srand.str1.1
                0x080639bc       0xde C:/ST/STM32CubeIDE_1.19.0/STM32CubeIDE/plugins/com.st.stm32cube.ide.mcu.externaltools.gnu-tools-for-stm32.13.3.rel1.win32_1.0.0.202411081344/tools/bin/../lib/gcc/arm-none-eabi/13.3.1/../../../../arm-none-eabi/lib/thumb/v7e-m+fp/hard\libc_nano.a(libc_a-rand.o)
                                 0x6f (size before relaxing)
 .rodata.__assert_func.str1.1
                0x08063a9a       0x3d C:/ST/STM32CubeIDE_1.19.0/STM32CubeIDE/plugins/com.st.stm32cube.ide.mcu.externaltools.gnu-tools-for-stm32.13.3.rel1.win32_1.0.0.202411081344/tools/bin/../lib/gcc/arm-none-eabi/13.3.1/../../../../arm-none-eabi/lib/thumb/v7e-m+fp/hard\libc_nano.a(libc_a-assert.o)
 .rodata._vfprintf_r.str1.1
                0x08063a9a       0x11 C:/ST/STM32CubeIDE_1.19.0/STM32CubeIDE/plugins/com.st.stm32cube.ide.mcu.externaltools.gnu-tools-for-stm32.13.3.rel1.win32_1.0.0.202411081344/tools/bin/../lib/gcc/arm-none-eabi/13.3.1/../../../../arm-none-eabi/lib/thumb/v7e-m+fp/hard\libc_nano.a(libc_a-nano-vfprintf.o)
 .rodata._printf_i.str1.1
                0x08063a9a       0x22 C:/ST/STM32CubeIDE_1.19.0/STM32CubeIDE/plugins/com.st.stm32cube.ide.mcu.externaltools.gnu-tools-for-stm32.13.3.rel1.win32_1.0.0.202411081344/tools/bin/../lib/gcc/arm-none-eabi/13.3.1/../../../../arm-none-eabi/lib/thumb/v7e-m+fp/hard\libc_nano.a(libc_a-nano-vfprintf_i.o)
                0x08063ad8                        . = ALIGN (0x4)
 *fill*         0x08063a9a        0x2 

.ARM.extab      0x08063a9c        0x0
                0x08063a9c                        . = ALIGN (0x4)
 *(.ARM.extab* .gnu.linkonce.armextab.*)
                0x08063a9c                        . = ALIGN (0x4)

.ARM            0x08063a9c        0x8
                0x08063a9c                        . = ALIGN (0x4)
                0x08063a9c                        __exidx_start = .
 *(.ARM.exidx*)
 .ARM.exidx     0x08063a9c        0x8 C:/ST/STM32CubeIDE_1.19.0/STM32CubeIDE/plugins/com.st.stm32cube.ide.mcu.externaltools.gnu-tools-for-stm32.13.3.rel1.win32_1.0.0.202411081344/tools/bin/../lib/gcc/arm-none-eabi/13.3.1/../../../../arm-none-eabi/lib/thumb/v7e-m+fp/hard\libc_nano.a(libc_a-memchr.o)
 .ARM.exidx     0x08063aa4        0x0 C:/ST/STM32CubeIDE_1.19.0/STM32CubeIDE/plugins/com.st.stm32cube.ide.mcu.externaltools.gnu-tools-for-stm32.13.3.rel1.win32_1.0.0.202411081344/tools/bin/../lib/gcc/arm-none-eabi/13.3.1/thumb/v7e-m+fp/hard\libgcc.a(_udivmoddi4.o)
                                  0x8 (size before relaxing)
                0x08063aa4                        __exidx_end = .
                0x08063aa4                        . = ALIGN (0x4)

.preinit_array  0x08063aa4        0x0
                0x08063aa4                        . = ALIGN (0x4)
                0x08063aa4                        PROVIDE (__preinit_array_start = .)
 *(.preinit_array*)
                0x08063aa4                        PROVIDE (__preinit_array_end = .)
                0x08063aa4                        . = ALIGN (0x4)

.init_array     0x08063aa4        0x4
                0x08063aa4                        . = ALIGN (0x4)
                0x08063aa4                        PROVIDE (__init_array_start = .)
 *(SORT_BY_NAME(.init_array.*))
 *(.init_array*)
 .init_array    0x08063aa4        0x4 C:/ST/STM32CubeIDE_1.19.0/STM32CubeIDE/plugins/com.st.stm32cube.ide.mcu.externaltools.gnu-tools-for-stm32.13.3.rel1.win32_1.0.0.202411081344/tools/bin/../lib/gcc/arm-none-eabi/13.3.1/thumb/v7e-m+fp/hard/crtbegin.o
                0x08063aa8                        PROVIDE (__init_array_end = .)
                0x08063aa8                        . = ALIGN (0x4)

.fini_array     0x08063aa8        0x4
                0x08063aa8                        . = ALIGN (0x4)
                [!provide]                        PROVIDE (__fini_array_start = .)
 *(SORT_BY_NAME(.fini_array.*))
 *(.fini_array*)
 .fini_array    0x08063aa8        0x4 C:/ST/STM32CubeIDE_1.19.0/STM32CubeIDE/plugins/com.st.stm32cube.ide.mcu.externaltools.gnu-tools-for-stm32.13.3.rel1.win32_1.0.0.202411081344/tools/bin/../lib/gcc/arm-none-eabi/13.3.1/thumb/v7e-m+fp/hard/crtbegin.o
                [!provide]                        PROVIDE (__fini_array_end = .)
                0x08063aac                        . = ALIGN (0x4)
                0x08063aac                        _sidata = LOADADDR (.data)

.rel.dyn        0x08063aac        0x0
 .rel.iplt      0x08063aac        0x0 C:/ST/STM32CubeIDE_1.19.0/STM32CubeIDE/plugins/com.st.stm32cube.ide.mcu.externaltools.gnu-tools-for-stm32.13.3.rel1.win32_1.0.0.202411081344/tools/bin/../lib/gcc/arm-none-eabi/13.3.1/thumb/v7e-m+fp/hard/crtbegin.o

.data           0x20000000       0x84 load address 0x08063aac
                0x20000000                        . = ALIGN (0x4)
                0x20000000                        _sdata = .
 *(.data)
 *(.data*)
 .data.first_snake_dir
                0x20000000        0x1 ./Core/Src/main.o
                0x20000000                first_snake_dir
 *fill*         0x20000001        0x3 
 .data.SystemCoreClock
                0x20000004        0x4 ./Core/Src/system_stm32f4xx.o
                0x20000004                SystemCoreClock
 .data.num_apple
                0x20000008        0x4 ./Drivers/GAME/snake.o
                0x20000008                num_apple
 .data.num_body
                0x2000000c        0x4 ./Drivers/GAME/snake.o
                0x2000000c                num_body
 .data.uwTickPrio
                0x20000010        0x4 ./Drivers/STM32F4xx_HAL_Driver/Src/stm32f4xx_hal.o
                0x20000010                uwTickPrio
 .data.uwTickFreq
                0x20000014        0x1 ./Drivers/STM32F4xx_HAL_Driver/Src/stm32f4xx_hal.o
                0x20000014                uwTickFreq
 *fill*         0x20000015        0x3 
 .data.Font_7x10
                0x20000018        0x8 ./Drivers/TFT/fonts.o
                0x20000018                Font_7x10
 .data.Font_16x26
                0x20000020        0x8 ./Drivers/TFT/fonts.o
                0x20000020                Font_16x26
 .data.__sglue  0x20000028        0xc C:/ST/STM32CubeIDE_1.19.0/STM32CubeIDE/plugins/com.st.stm32cube.ide.mcu.externaltools.gnu-tools-for-stm32.13.3.rel1.win32_1.0.0.202411081344/tools/bin/../lib/gcc/arm-none-eabi/13.3.1/../../../../arm-none-eabi/lib/thumb/v7e-m+fp/hard\libc_nano.a(libc_a-findfp.o)
                0x20000028                __sglue
 .data._impure_ptr
                0x20000034        0x4 C:/ST/STM32CubeIDE_1.19.0/STM32CubeIDE/plugins/com.st.stm32cube.ide.mcu.externaltools.gnu-tools-for-stm32.13.3.rel1.win32_1.0.0.202411081344/tools/bin/../lib/gcc/arm-none-eabi/13.3.1/../../../../arm-none-eabi/lib/thumb/v7e-m+fp/hard\libc_nano.a(libc_a-impure.o)
                0x20000034                _impure_ptr
 .data._impure_data
                0x20000038       0x4c C:/ST/STM32CubeIDE_1.19.0/STM32CubeIDE/plugins/com.st.stm32cube.ide.mcu.externaltools.gnu-tools-for-stm32.13.3.rel1.win32_1.0.0.202411081344/tools/bin/../lib/gcc/arm-none-eabi/13.3.1/../../../../arm-none-eabi/lib/thumb/v7e-m+fp/hard\libc_nano.a(libc_a-impure.o)
                0x20000038                _impure_data
 *(.RamFunc)
 *(.RamFunc*)
                0x20000084                        . = ALIGN (0x4)
                0x20000084                        _edata = .
                0x08063b30                        _siccmram = LOADADDR (.ccmram)

.igot.plt       0x20000084        0x0 load address 0x08063b30
 .igot.plt      0x20000084        0x0 C:/ST/STM32CubeIDE_1.19.0/STM32CubeIDE/plugins/com.st.stm32cube.ide.mcu.externaltools.gnu-tools-for-stm32.13.3.rel1.win32_1.0.0.202411081344/tools/bin/../lib/gcc/arm-none-eabi/13.3.1/thumb/v7e-m+fp/hard/crtbegin.o

.ccmram         0x10000000        0x0 load address 0x08063b30
                0x10000000                        . = ALIGN (0x4)
                0x10000000                        _sccmram = .
 *(.ccmram)
 *(.ccmram*)
                0x10000000                        . = ALIGN (0x4)
                0x10000000                        _eccmram = .
                0x10000000                        . = ALIGN (0x4)

.bss            0x20000084      0x610
                0x20000084                        _sbss = .
                0x20000084                        __bss_start__ = _sbss
 *(.bss)
 .bss           0x20000084       0x1c C:/ST/STM32CubeIDE_1.19.0/STM32CubeIDE/plugins/com.st.stm32cube.ide.mcu.externaltools.gnu-tools-for-stm32.13.3.rel1.win32_1.0.0.202411081344/tools/bin/../lib/gcc/arm-none-eabi/13.3.1/thumb/v7e-m+fp/hard/crtbegin.o
 *(.bss*)
 .bss.currentState
                0x200000a0        0x4 ./Core/Src/main.o
                0x200000a0                currentState
 .bss.menuSelection
                0x200000a4        0x4 ./Core/Src/main.o
                0x200000a4                menuSelection
 .bss.isMpuControl
                0x200000a8        0x1 ./Core/Src/main.o
                0x200000a8                isMpuControl
 *fill*         0x200000a9        0x3 
 .bss.mpu_x     0x200000ac        0x4 ./Core/Src/main.o
                0x200000ac                mpu_x
 .bss.mpu_y     0x200000b0        0x4 ./Core/Src/main.o
                0x200000b0                mpu_y
 .bss.mpu_z     0x200000b4        0x4 ./Core/Src/main.o
                0x200000b4                mpu_z
 .bss.hadc1     0x200000b8       0x48 ./Core/Src/main.o
                0x200000b8                hadc1
 .bss.hi2c2     0x20000100       0x54 ./Core/Src/main.o
                0x20000100                hi2c2
 .bss.hspi2     0x20000154       0x58 ./Core/Src/main.o
                0x20000154                hspi2
 .bss.huart4    0x200001ac       0x48 ./Core/Src/main.o
                0x200001ac                huart4
 .bss.__sbrk_heap_end
                0x200001f4        0x4 ./Core/Src/sysmem.o
 .bss.snake     0x200001f8      0x320 ./Drivers/GAME/snake.o
                0x200001f8                snake
 .bss.snakelen  0x20000518        0x4 ./Drivers/GAME/snake.o
                0x20000518                snakelen
 .bss.current_dir
                0x2000051c        0x4 ./Drivers/GAME/snake.o
                0x2000051c                current_dir
 .bss.apple_x   0x20000520        0x4 ./Drivers/GAME/snake.o
                0x20000520                apple_x
 .bss.apple_y   0x20000524        0x4 ./Drivers/GAME/snake.o
                0x20000524                apple_y
 .bss.isover    0x20000528        0x1 ./Drivers/GAME/snake.o
                0x20000528                isover
 *fill*         0x20000529        0x1 
 .bss.playerPaddleY
                0x2000052a        0x2 ./Drivers/GAME2/pingpong.o
 .bss.aiPaddleY
                0x2000052c        0x2 ./Drivers/GAME2/pingpong.o
 .bss.ballX     0x2000052e        0x2 ./Drivers/GAME2/pingpong.o
 .bss.ballY     0x20000530        0x2 ./Drivers/GAME2/pingpong.o
 .bss.prevPlayerPaddleY
                0x20000532        0x2 ./Drivers/GAME2/pingpong.o
 .bss.prevAiPaddleY
                0x20000534        0x2 ./Drivers/GAME2/pingpong.o
 .bss.prevBallX
                0x20000536        0x2 ./Drivers/GAME2/pingpong.o
 .bss.prevBallY
                0x20000538        0x2 ./Drivers/GAME2/pingpong.o
 .bss.ballDX    0x2000053a        0x1 ./Drivers/GAME2/pingpong.o
 .bss.ballDY    0x2000053b        0x1 ./Drivers/GAME2/pingpong.o
 .bss.playerLosses
                0x2000053c        0x4 ./Drivers/GAME2/pingpong.o
 .bss.gameOver  0x20000540        0x1 ./Drivers/GAME2/pingpong.o
 *fill*         0x20000541        0x3 
 .bss.uwTick    0x20000544        0x4 ./Drivers/STM32F4xx_HAL_Driver/Src/stm32f4xx_hal.o
                0x20000544                uwTick
 .bss.__sf      0x20000548      0x138 C:/ST/STM32CubeIDE_1.19.0/STM32CubeIDE/plugins/com.st.stm32cube.ide.mcu.externaltools.gnu-tools-for-stm32.13.3.rel1.win32_1.0.0.202411081344/tools/bin/../lib/gcc/arm-none-eabi/13.3.1/../../../../arm-none-eabi/lib/thumb/v7e-m+fp/hard\libc_nano.a(libc_a-findfp.o)
                0x20000548                __sf
 .bss.__stdio_exit_handler
                0x20000680        0x4 C:/ST/STM32CubeIDE_1.19.0/STM32CubeIDE/plugins/com.st.stm32cube.ide.mcu.externaltools.gnu-tools-for-stm32.13.3.rel1.win32_1.0.0.202411081344/tools/bin/../lib/gcc/arm-none-eabi/13.3.1/../../../../arm-none-eabi/lib/thumb/v7e-m+fp/hard\libc_nano.a(libc_a-findfp.o)
                0x20000680                __stdio_exit_handler
 .bss.errno     0x20000684        0x4 C:/ST/STM32CubeIDE_1.19.0/STM32CubeIDE/plugins/com.st.stm32cube.ide.mcu.externaltools.gnu-tools-for-stm32.13.3.rel1.win32_1.0.0.202411081344/tools/bin/../lib/gcc/arm-none-eabi/13.3.1/../../../../arm-none-eabi/lib/thumb/v7e-m+fp/hard\libc_nano.a(libc_a-reent.o)
                0x20000684                errno
 .bss.__lock___malloc_recursive_mutex
                0x20000688        0x1 C:/ST/STM32CubeIDE_1.19.0/STM32CubeIDE/plugins/com.st.stm32cube.ide.mcu.externaltools.gnu-tools-for-stm32.13.3.rel1.win32_1.0.0.202411081344/tools/bin/../lib/gcc/arm-none-eabi/13.3.1/../../../../arm-none-eabi/lib/thumb/v7e-m+fp/hard\libc_nano.a(libc_a-lock.o)
                0x20000688                __lock___malloc_recursive_mutex
 .bss.__lock___sfp_recursive_mutex
                0x20000689        0x1 C:/ST/STM32CubeIDE_1.19.0/STM32CubeIDE/plugins/com.st.stm32cube.ide.mcu.externaltools.gnu-tools-for-stm32.13.3.rel1.win32_1.0.0.202411081344/tools/bin/../lib/gcc/arm-none-eabi/13.3.1/../../../../arm-none-eabi/lib/thumb/v7e-m+fp/hard\libc_nano.a(libc_a-lock.o)
                0x20000689                __lock___sfp_recursive_mutex
 *fill*         0x2000068a        0x2 
 .bss.__malloc_sbrk_start
                0x2000068c        0x4 C:/ST/STM32CubeIDE_1.19.0/STM32CubeIDE/plugins/com.st.stm32cube.ide.mcu.externaltools.gnu-tools-for-stm32.13.3.rel1.win32_1.0.0.202411081344/tools/bin/../lib/gcc/arm-none-eabi/13.3.1/../../../../arm-none-eabi/lib/thumb/v7e-m+fp/hard\libc_nano.a(libc_a-mallocr.o)
                0x2000068c                __malloc_sbrk_start
 .bss.__malloc_free_list
                0x20000690        0x4 C:/ST/STM32CubeIDE_1.19.0/STM32CubeIDE/plugins/com.st.stm32cube.ide.mcu.externaltools.gnu-tools-for-stm32.13.3.rel1.win32_1.0.0.202411081344/tools/bin/../lib/gcc/arm-none-eabi/13.3.1/../../../../arm-none-eabi/lib/thumb/v7e-m+fp/hard\libc_nano.a(libc_a-mallocr.o)
                0x20000690                __malloc_free_list
 *(COMMON)
                0x20000694                        . = ALIGN (0x4)
                0x20000694                        _ebss = .
                0x20000694                        __bss_end__ = _ebss

._user_heap_stack
                0x20000694      0x604
                0x20000698                        . = ALIGN (0x8)
 *fill*         0x20000694        0x4 
                [!provide]                        PROVIDE (end = .)
                0x20000698                        PROVIDE (_end = .)
                0x20000898                        . = (. + _Min_Heap_Size)
 *fill*         0x20000698      0x200 
                0x20000c98                        . = (. + _Min_Stack_Size)
 *fill*         0x20000898      0x400 
                0x20000c98                        . = ALIGN (0x8)

/DISCARD/
 libc.a(*)
 libm.a(*)
 libgcc.a(*)

.ARM.attributes
                0x00000000       0x30
 *(.ARM.attributes)
 .ARM.attributes
                0x00000000       0x22 C:/ST/STM32CubeIDE_1.19.0/STM32CubeIDE/plugins/com.st.stm32cube.ide.mcu.externaltools.gnu-tools-for-stm32.13.3.rel1.win32_1.0.0.202411081344/tools/bin/../lib/gcc/arm-none-eabi/13.3.1/thumb/v7e-m+fp/hard/crti.o
 .ARM.attributes
                0x00000022       0x34 C:/ST/STM32CubeIDE_1.19.0/STM32CubeIDE/plugins/com.st.stm32cube.ide.mcu.externaltools.gnu-tools-for-stm32.13.3.rel1.win32_1.0.0.202411081344/tools/bin/../lib/gcc/arm-none-eabi/13.3.1/thumb/v7e-m+fp/hard/crtbegin.o
 .ARM.attributes
                0x00000056       0x34 ./Core/Src/main.o
 .ARM.attributes
                0x0000008a       0x34 ./Core/Src/stm32f4xx_hal_msp.o
 .ARM.attributes
                0x000000be       0x34 ./Core/Src/stm32f4xx_it.o
 .ARM.attributes
                0x000000f2       0x34 ./Core/Src/syscalls.o
 .ARM.attributes
                0x00000126       0x34 ./Core/Src/sysmem.o
 .ARM.attributes
                0x0000015a       0x34 ./Core/Src/system_stm32f4xx.o
 .ARM.attributes
                0x0000018e       0x21 ./Core/Startup/startup_stm32f407vgtx.o
 .ARM.attributes
                0x000001af       0x34 ./Drivers/GAME/snake.o
 .ARM.attributes
                0x000001e3       0x34 ./Drivers/GAME2/pingpong.o
 .ARM.attributes
                0x00000217       0x34 ./Drivers/MPU6050/mpu6050.o
 .ARM.attributes
                0x0000024b       0x34 ./Drivers/STM32F4xx_HAL_Driver/Src/stm32f4xx_hal.o
 .ARM.attributes
                0x0000027f       0x34 ./Drivers/STM32F4xx_HAL_Driver/Src/stm32f4xx_hal_adc.o
 .ARM.attributes
                0x000002b3       0x34 ./Drivers/STM32F4xx_HAL_Driver/Src/stm32f4xx_hal_cortex.o
 .ARM.attributes
                0x000002e7       0x34 ./Drivers/STM32F4xx_HAL_Driver/Src/stm32f4xx_hal_gpio.o
 .ARM.attributes
                0x0000031b       0x34 ./Drivers/STM32F4xx_HAL_Driver/Src/stm32f4xx_hal_i2c.o
 .ARM.attributes
                0x0000034f       0x34 ./Drivers/STM32F4xx_HAL_Driver/Src/stm32f4xx_hal_rcc.o
 .ARM.attributes
                0x00000383       0x34 ./Drivers/STM32F4xx_HAL_Driver/Src/stm32f4xx_hal_spi.o
 .ARM.attributes
                0x000003b7       0x34 ./Drivers/STM32F4xx_HAL_Driver/Src/stm32f4xx_hal_uart.o
 .ARM.attributes
                0x000003eb       0x34 ./Drivers/TFT/fonts.o
 .ARM.attributes
                0x0000041f       0x34 ./Drivers/TFT/ili9341.o
 .ARM.attributes
                0x00000453       0x34 ./Drivers/TFT/testimg.o
 .ARM.attributes
                0x00000487       0x34 C:/ST/STM32CubeIDE_1.19.0/STM32CubeIDE/plugins/com.st.stm32cube.ide.mcu.externaltools.gnu-tools-for-stm32.13.3.rel1.win32_1.0.0.202411081344/tools/bin/../lib/gcc/arm-none-eabi/13.3.1/../../../../arm-none-eabi/lib/thumb/v7e-m+fp/hard\libc_nano.a(libc_a-rand.o)
 .ARM.attributes
                0x000004bb       0x34 C:/ST/STM32CubeIDE_1.19.0/STM32CubeIDE/plugins/com.st.stm32cube.ide.mcu.externaltools.gnu-tools-for-stm32.13.3.rel1.win32_1.0.0.202411081344/tools/bin/../lib/gcc/arm-none-eabi/13.3.1/../../../../arm-none-eabi/lib/thumb/v7e-m+fp/hard\libc_nano.a(libc_a-findfp.o)
 .ARM.attributes
                0x000004ef       0x34 C:/ST/STM32CubeIDE_1.19.0/STM32CubeIDE/plugins/com.st.stm32cube.ide.mcu.externaltools.gnu-tools-for-stm32.13.3.rel1.win32_1.0.0.202411081344/tools/bin/../lib/gcc/arm-none-eabi/13.3.1/../../../../arm-none-eabi/lib/thumb/v7e-m+fp/hard\libc_nano.a(libc_a-fwalk.o)
 .ARM.attributes
                0x00000523       0x34 C:/ST/STM32CubeIDE_1.19.0/STM32CubeIDE/plugins/com.st.stm32cube.ide.mcu.externaltools.gnu-tools-for-stm32.13.3.rel1.win32_1.0.0.202411081344/tools/bin/../lib/gcc/arm-none-eabi/13.3.1/../../../../arm-none-eabi/lib/thumb/v7e-m+fp/hard\libc_nano.a(libc_a-stdio.o)
 .ARM.attributes
                0x00000557       0x34 C:/ST/STM32CubeIDE_1.19.0/STM32CubeIDE/plugins/com.st.stm32cube.ide.mcu.externaltools.gnu-tools-for-stm32.13.3.rel1.win32_1.0.0.202411081344/tools/bin/../lib/gcc/arm-none-eabi/13.3.1/../../../../arm-none-eabi/lib/thumb/v7e-m+fp/hard\libc_nano.a(libc_a-memset.o)
 .ARM.attributes
                0x0000058b       0x34 C:/ST/STM32CubeIDE_1.19.0/STM32CubeIDE/plugins/com.st.stm32cube.ide.mcu.externaltools.gnu-tools-for-stm32.13.3.rel1.win32_1.0.0.202411081344/tools/bin/../lib/gcc/arm-none-eabi/13.3.1/../../../../arm-none-eabi/lib/thumb/v7e-m+fp/hard\libc_nano.a(libc_a-closer.o)
 .ARM.attributes
                0x000005bf       0x34 C:/ST/STM32CubeIDE_1.19.0/STM32CubeIDE/plugins/com.st.stm32cube.ide.mcu.externaltools.gnu-tools-for-stm32.13.3.rel1.win32_1.0.0.202411081344/tools/bin/../lib/gcc/arm-none-eabi/13.3.1/../../../../arm-none-eabi/lib/thumb/v7e-m+fp/hard\libc_nano.a(libc_a-reent.o)
 .ARM.attributes
                0x000005f3       0x34 C:/ST/STM32CubeIDE_1.19.0/STM32CubeIDE/plugins/com.st.stm32cube.ide.mcu.externaltools.gnu-tools-for-stm32.13.3.rel1.win32_1.0.0.202411081344/tools/bin/../lib/gcc/arm-none-eabi/13.3.1/../../../../arm-none-eabi/lib/thumb/v7e-m+fp/hard\libc_nano.a(libc_a-impure.o)
 .ARM.attributes
                0x00000627       0x34 C:/ST/STM32CubeIDE_1.19.0/STM32CubeIDE/plugins/com.st.stm32cube.ide.mcu.externaltools.gnu-tools-for-stm32.13.3.rel1.win32_1.0.0.202411081344/tools/bin/../lib/gcc/arm-none-eabi/13.3.1/../../../../arm-none-eabi/lib/thumb/v7e-m+fp/hard\libc_nano.a(libc_a-lseekr.o)
 .ARM.attributes
                0x0000065b       0x34 C:/ST/STM32CubeIDE_1.19.0/STM32CubeIDE/plugins/com.st.stm32cube.ide.mcu.externaltools.gnu-tools-for-stm32.13.3.rel1.win32_1.0.0.202411081344/tools/bin/../lib/gcc/arm-none-eabi/13.3.1/../../../../arm-none-eabi/lib/thumb/v7e-m+fp/hard\libc_nano.a(libc_a-readr.o)
 .ARM.attributes
                0x0000068f       0x34 C:/ST/STM32CubeIDE_1.19.0/STM32CubeIDE/plugins/com.st.stm32cube.ide.mcu.externaltools.gnu-tools-for-stm32.13.3.rel1.win32_1.0.0.202411081344/tools/bin/../lib/gcc/arm-none-eabi/13.3.1/../../../../arm-none-eabi/lib/thumb/v7e-m+fp/hard\libc_nano.a(libc_a-writer.o)
 .ARM.attributes
                0x000006c3       0x34 C:/ST/STM32CubeIDE_1.19.0/STM32CubeIDE/plugins/com.st.stm32cube.ide.mcu.externaltools.gnu-tools-for-stm32.13.3.rel1.win32_1.0.0.202411081344/tools/bin/../lib/gcc/arm-none-eabi/13.3.1/../../../../arm-none-eabi/lib/thumb/v7e-m+fp/hard\libc_nano.a(libc_a-errno.o)
 .ARM.attributes
                0x000006f7       0x34 C:/ST/STM32CubeIDE_1.19.0/STM32CubeIDE/plugins/com.st.stm32cube.ide.mcu.externaltools.gnu-tools-for-stm32.13.3.rel1.win32_1.0.0.202411081344/tools/bin/../lib/gcc/arm-none-eabi/13.3.1/../../../../arm-none-eabi/lib/thumb/v7e-m+fp/hard\libc_nano.a(libc_a-init.o)
 .ARM.attributes
                0x0000072b       0x34 C:/ST/STM32CubeIDE_1.19.0/STM32CubeIDE/plugins/com.st.stm32cube.ide.mcu.externaltools.gnu-tools-for-stm32.13.3.rel1.win32_1.0.0.202411081344/tools/bin/../lib/gcc/arm-none-eabi/13.3.1/../../../../arm-none-eabi/lib/thumb/v7e-m+fp/hard\libc_nano.a(libc_a-lock.o)
 .ARM.attributes
                0x0000075f       0x34 C:/ST/STM32CubeIDE_1.19.0/STM32CubeIDE/plugins/com.st.stm32cube.ide.mcu.externaltools.gnu-tools-for-stm32.13.3.rel1.win32_1.0.0.202411081344/tools/bin/../lib/gcc/arm-none-eabi/13.3.1/../../../../arm-none-eabi/lib/thumb/v7e-m+fp/hard\libc_nano.a(libc_a-assert.o)
 .ARM.attributes
                0x00000793       0x34 C:/ST/STM32CubeIDE_1.19.0/STM32CubeIDE/plugins/com.st.stm32cube.ide.mcu.externaltools.gnu-tools-for-stm32.13.3.rel1.win32_1.0.0.202411081344/tools/bin/../lib/gcc/arm-none-eabi/13.3.1/../../../../arm-none-eabi/lib/thumb/v7e-m+fp/hard\libc_nano.a(libc_a-freer.o)
 .ARM.attributes
                0x000007c7       0x34 C:/ST/STM32CubeIDE_1.19.0/STM32CubeIDE/plugins/com.st.stm32cube.ide.mcu.externaltools.gnu-tools-for-stm32.13.3.rel1.win32_1.0.0.202411081344/tools/bin/../lib/gcc/arm-none-eabi/13.3.1/../../../../arm-none-eabi/lib/thumb/v7e-m+fp/hard\libc_nano.a(libc_a-malloc.o)
 .ARM.attributes
                0x000007fb       0x34 C:/ST/STM32CubeIDE_1.19.0/STM32CubeIDE/plugins/com.st.stm32cube.ide.mcu.externaltools.gnu-tools-for-stm32.13.3.rel1.win32_1.0.0.202411081344/tools/bin/../lib/gcc/arm-none-eabi/13.3.1/../../../../arm-none-eabi/lib/thumb/v7e-m+fp/hard\libc_nano.a(libc_a-mallocr.o)
 .ARM.attributes
                0x0000082f       0x34 C:/ST/STM32CubeIDE_1.19.0/STM32CubeIDE/plugins/com.st.stm32cube.ide.mcu.externaltools.gnu-tools-for-stm32.13.3.rel1.win32_1.0.0.202411081344/tools/bin/../lib/gcc/arm-none-eabi/13.3.1/../../../../arm-none-eabi/lib/thumb/v7e-m+fp/hard\libc_nano.a(libc_a-mlock.o)
 .ARM.attributes
                0x00000863       0x34 C:/ST/STM32CubeIDE_1.19.0/STM32CubeIDE/plugins/com.st.stm32cube.ide.mcu.externaltools.gnu-tools-for-stm32.13.3.rel1.win32_1.0.0.202411081344/tools/bin/../lib/gcc/arm-none-eabi/13.3.1/../../../../arm-none-eabi/lib/thumb/v7e-m+fp/hard\libc_nano.a(libc_a-fflush.o)
 .ARM.attributes
                0x00000897       0x34 C:/ST/STM32CubeIDE_1.19.0/STM32CubeIDE/plugins/com.st.stm32cube.ide.mcu.externaltools.gnu-tools-for-stm32.13.3.rel1.win32_1.0.0.202411081344/tools/bin/../lib/gcc/arm-none-eabi/13.3.1/../../../../arm-none-eabi/lib/thumb/v7e-m+fp/hard\libc_nano.a(libc_a-fprintf.o)
 .ARM.attributes
                0x000008cb       0x34 C:/ST/STM32CubeIDE_1.19.0/STM32CubeIDE/plugins/com.st.stm32cube.ide.mcu.externaltools.gnu-tools-for-stm32.13.3.rel1.win32_1.0.0.202411081344/tools/bin/../lib/gcc/arm-none-eabi/13.3.1/../../../../arm-none-eabi/lib/thumb/v7e-m+fp/hard\libc_nano.a(libc_a-sbrkr.o)
 .ARM.attributes
                0x000008ff       0x34 C:/ST/STM32CubeIDE_1.19.0/STM32CubeIDE/plugins/com.st.stm32cube.ide.mcu.externaltools.gnu-tools-for-stm32.13.3.rel1.win32_1.0.0.202411081344/tools/bin/../lib/gcc/arm-none-eabi/13.3.1/../../../../arm-none-eabi/lib/thumb/v7e-m+fp/hard\libc_nano.a(libc_a-abort.o)
 .ARM.attributes
                0x00000933       0x34 C:/ST/STM32CubeIDE_1.19.0/STM32CubeIDE/plugins/com.st.stm32cube.ide.mcu.externaltools.gnu-tools-for-stm32.13.3.rel1.win32_1.0.0.202411081344/tools/bin/../lib/gcc/arm-none-eabi/13.3.1/../../../../arm-none-eabi/lib/thumb/v7e-m+fp/hard\libc_nano.a(libc_a-nano-vfprintf.o)
 .ARM.attributes
                0x00000967       0x34 C:/ST/STM32CubeIDE_1.19.0/STM32CubeIDE/plugins/com.st.stm32cube.ide.mcu.externaltools.gnu-tools-for-stm32.13.3.rel1.win32_1.0.0.202411081344/tools/bin/../lib/gcc/arm-none-eabi/13.3.1/../../../../arm-none-eabi/lib/thumb/v7e-m+fp/hard\libc_nano.a(libc_a-nano-vfprintf_i.o)
 .ARM.attributes
                0x0000099b       0x34 C:/ST/STM32CubeIDE_1.19.0/STM32CubeIDE/plugins/com.st.stm32cube.ide.mcu.externaltools.gnu-tools-for-stm32.13.3.rel1.win32_1.0.0.202411081344/tools/bin/../lib/gcc/arm-none-eabi/13.3.1/../../../../arm-none-eabi/lib/thumb/v7e-m+fp/hard\libc_nano.a(libc_a-wbuf.o)
 .ARM.attributes
                0x000009cf       0x34 C:/ST/STM32CubeIDE_1.19.0/STM32CubeIDE/plugins/com.st.stm32cube.ide.mcu.externaltools.gnu-tools-for-stm32.13.3.rel1.win32_1.0.0.202411081344/tools/bin/../lib/gcc/arm-none-eabi/13.3.1/../../../../arm-none-eabi/lib/thumb/v7e-m+fp/hard\libc_nano.a(libc_a-wsetup.o)
 .ARM.attributes
                0x00000a03       0x34 C:/ST/STM32CubeIDE_1.19.0/STM32CubeIDE/plugins/com.st.stm32cube.ide.mcu.externaltools.gnu-tools-for-stm32.13.3.rel1.win32_1.0.0.202411081344/tools/bin/../lib/gcc/arm-none-eabi/13.3.1/../../../../arm-none-eabi/lib/thumb/v7e-m+fp/hard\libc_nano.a(libc_a-signal.o)
 .ARM.attributes
                0x00000a37       0x34 C:/ST/STM32CubeIDE_1.19.0/STM32CubeIDE/plugins/com.st.stm32cube.ide.mcu.externaltools.gnu-tools-for-stm32.13.3.rel1.win32_1.0.0.202411081344/tools/bin/../lib/gcc/arm-none-eabi/13.3.1/../../../../arm-none-eabi/lib/thumb/v7e-m+fp/hard\libc_nano.a(libc_a-signalr.o)
 .ARM.attributes
                0x00000a6b       0x1c C:/ST/STM32CubeIDE_1.19.0/STM32CubeIDE/plugins/com.st.stm32cube.ide.mcu.externaltools.gnu-tools-for-stm32.13.3.rel1.win32_1.0.0.202411081344/tools/bin/../lib/gcc/arm-none-eabi/13.3.1/../../../../arm-none-eabi/lib/thumb/v7e-m+fp/hard\libc_nano.a(libc_a-memchr.o)
 .ARM.attributes
                0x00000a87       0x34 C:/ST/STM32CubeIDE_1.19.0/STM32CubeIDE/plugins/com.st.stm32cube.ide.mcu.externaltools.gnu-tools-for-stm32.13.3.rel1.win32_1.0.0.202411081344/tools/bin/../lib/gcc/arm-none-eabi/13.3.1/../../../../arm-none-eabi/lib/thumb/v7e-m+fp/hard\libc_nano.a(libc_a-makebuf.o)
 .ARM.attributes
                0x00000abb       0x34 C:/ST/STM32CubeIDE_1.19.0/STM32CubeIDE/plugins/com.st.stm32cube.ide.mcu.externaltools.gnu-tools-for-stm32.13.3.rel1.win32_1.0.0.202411081344/tools/bin/../lib/gcc/arm-none-eabi/13.3.1/../../../../arm-none-eabi/lib/thumb/v7e-m+fp/hard\libc_nano.a(libc_a-fstatr.o)
 .ARM.attributes
                0x00000aef       0x34 C:/ST/STM32CubeIDE_1.19.0/STM32CubeIDE/plugins/com.st.stm32cube.ide.mcu.externaltools.gnu-tools-for-stm32.13.3.rel1.win32_1.0.0.202411081344/tools/bin/../lib/gcc/arm-none-eabi/13.3.1/../../../../arm-none-eabi/lib/thumb/v7e-m+fp/hard\libc_nano.a(libc_a-isattyr.o)
 .ARM.attributes
                0x00000b23       0x22 C:/ST/STM32CubeIDE_1.19.0/STM32CubeIDE/plugins/com.st.stm32cube.ide.mcu.externaltools.gnu-tools-for-stm32.13.3.rel1.win32_1.0.0.202411081344/tools/bin/../lib/gcc/arm-none-eabi/13.3.1/thumb/v7e-m+fp/hard\libgcc.a(_aeabi_uldivmod.o)
 .ARM.attributes
                0x00000b45       0x34 C:/ST/STM32CubeIDE_1.19.0/STM32CubeIDE/plugins/com.st.stm32cube.ide.mcu.externaltools.gnu-tools-for-stm32.13.3.rel1.win32_1.0.0.202411081344/tools/bin/../lib/gcc/arm-none-eabi/13.3.1/thumb/v7e-m+fp/hard\libgcc.a(_udivmoddi4.o)
 .ARM.attributes
                0x00000b79       0x22 C:/ST/STM32CubeIDE_1.19.0/STM32CubeIDE/plugins/com.st.stm32cube.ide.mcu.externaltools.gnu-tools-for-stm32.13.3.rel1.win32_1.0.0.202411081344/tools/bin/../lib/gcc/arm-none-eabi/13.3.1/thumb/v7e-m+fp/hard\libgcc.a(_dvmd_tls.o)
 .ARM.attributes
                0x00000b9b       0x22 C:/ST/STM32CubeIDE_1.19.0/STM32CubeIDE/plugins/com.st.stm32cube.ide.mcu.externaltools.gnu-tools-for-stm32.13.3.rel1.win32_1.0.0.202411081344/tools/bin/../lib/gcc/arm-none-eabi/13.3.1/thumb/v7e-m+fp/hard/crtn.o
OUTPUT(HandHeld-Gaming-Console.elf elf32-littlearm)
LOAD linker stubs
LOAD C:/ST/STM32CubeIDE_1.19.0/STM32CubeIDE/plugins/com.st.stm32cube.ide.mcu.externaltools.gnu-tools-for-stm32.13.3.rel1.win32_1.0.0.202411081344/tools/bin/../lib/gcc/arm-none-eabi/13.3.1/../../../../arm-none-eabi/lib/thumb/v7e-m+fp/hard\libc.a
LOAD C:/ST/STM32CubeIDE_1.19.0/STM32CubeIDE/plugins/com.st.stm32cube.ide.mcu.externaltools.gnu-tools-for-stm32.13.3.rel1.win32_1.0.0.202411081344/tools/bin/../lib/gcc/arm-none-eabi/13.3.1/../../../../arm-none-eabi/lib/thumb/v7e-m+fp/hard\libm.a
LOAD C:/ST/STM32CubeIDE_1.19.0/STM32CubeIDE/plugins/com.st.stm32cube.ide.mcu.externaltools.gnu-tools-for-stm32.13.3.rel1.win32_1.0.0.202411081344/tools/bin/../lib/gcc/arm-none-eabi/13.3.1/thumb/v7e-m+fp/hard\libgcc.a

.debug_info     0x00000000     0xf7cc
 .debug_info    0x00000000     0x19a5 ./Core/Src/main.o
 .debug_info    0x000019a5     0x1202 ./Core/Src/stm32f4xx_hal_msp.o
 .debug_info    0x00002ba7      0x112 ./Core/Src/stm32f4xx_it.o
 .debug_info    0x00002cb9      0x6a3 ./Core/Src/syscalls.o
 .debug_info    0x0000335c      0x168 ./Core/Src/sysmem.o
 .debug_info    0x000034c4      0x512 ./Core/Src/system_stm32f4xx.o
 .debug_info    0x000039d6       0x30 ./Core/Startup/startup_stm32f407vgtx.o
 .debug_info    0x00003a06      0x3a7 ./Drivers/GAME/snake.o
 .debug_info    0x00003dad      0x3a0 ./Drivers/GAME2/pingpong.o
 .debug_info    0x0000414d      0x812 ./Drivers/MPU6050/mpu6050.o
 .debug_info    0x0000495f      0x944 ./Drivers/STM32F4xx_HAL_Driver/Src/stm32f4xx_hal.o
 .debug_info    0x000052a3      0xce3 ./Drivers/STM32F4xx_HAL_Driver/Src/stm32f4xx_hal_adc.o
 .debug_info    0x00005f86      0xd8c ./Drivers/STM32F4xx_HAL_Driver/Src/stm32f4xx_hal_cortex.o
 .debug_info    0x00006d12      0x6c3 ./Drivers/STM32F4xx_HAL_Driver/Src/stm32f4xx_hal_gpio.o
 .debug_info    0x000073d5     0x2415 ./Drivers/STM32F4xx_HAL_Driver/Src/stm32f4xx_hal_i2c.o
 .debug_info    0x000097ea      0x8c3 ./Drivers/STM32F4xx_HAL_Driver/Src/stm32f4xx_hal_rcc.o
 .debug_info    0x0000a0ad     0x1525 ./Drivers/STM32F4xx_HAL_Driver/Src/stm32f4xx_hal_spi.o
 .debug_info    0x0000b5d2     0x2f4f ./Drivers/STM32F4xx_HAL_Driver/Src/stm32f4xx_hal_uart.o
 .debug_info    0x0000e521      0x19a ./Drivers/TFT/fonts.o
 .debug_info    0x0000e6bb      0xd75 ./Drivers/TFT/ili9341.o
 .debug_info    0x0000f430      0x39c ./Drivers/TFT/testimg.o

.debug_abbrev   0x00000000     0x2631
 .debug_abbrev  0x00000000      0x36a ./Core/Src/main.o
 .debug_abbrev  0x0000036a      0x1ee ./Core/Src/stm32f4xx_hal_msp.o
 .debug_abbrev  0x00000558       0x73 ./Core/Src/stm32f4xx_it.o
 .debug_abbrev  0x000005cb      0x1b6 ./Core/Src/syscalls.o
 .debug_abbrev  0x00000781       0xbc ./Core/Src/sysmem.o
 .debug_abbrev  0x0000083d      0x11a ./Core/Src/system_stm32f4xx.o
 .debug_abbrev  0x00000957       0x24 ./Core/Startup/startup_stm32f407vgtx.o
 .debug_abbrev  0x0000097b      0x194 ./Drivers/GAME/snake.o
 .debug_abbrev  0x00000b0f      0x15e ./Drivers/GAME2/pingpong.o
 .debug_abbrev  0x00000c6d      0x1a5 ./Drivers/MPU6050/mpu6050.o
 .debug_abbrev  0x00000e12      0x214 ./Drivers/STM32F4xx_HAL_Driver/Src/stm32f4xx_hal.o
 .debug_abbrev  0x00001026      0x252 ./Drivers/STM32F4xx_HAL_Driver/Src/stm32f4xx_hal_adc.o
 .debug_abbrev  0x00001278      0x31d ./Drivers/STM32F4xx_HAL_Driver/Src/stm32f4xx_hal_cortex.o
 .debug_abbrev  0x00001595      0x1d4 ./Drivers/STM32F4xx_HAL_Driver/Src/stm32f4xx_hal_gpio.o
 .debug_abbrev  0x00001769      0x2ad ./Drivers/STM32F4xx_HAL_Driver/Src/stm32f4xx_hal_i2c.o
 .debug_abbrev  0x00001a16      0x2b7 ./Drivers/STM32F4xx_HAL_Driver/Src/stm32f4xx_hal_rcc.o
 .debug_abbrev  0x00001ccd      0x27a ./Drivers/STM32F4xx_HAL_Driver/Src/stm32f4xx_hal_spi.o
 .debug_abbrev  0x00001f47      0x30e ./Drivers/STM32F4xx_HAL_Driver/Src/stm32f4xx_hal_uart.o
 .debug_abbrev  0x00002255       0xb3 ./Drivers/TFT/fonts.o
 .debug_abbrev  0x00002308      0x27d ./Drivers/TFT/ili9341.o
 .debug_abbrev  0x00002585       0xac ./Drivers/TFT/testimg.o

.debug_aranges  0x00000000      0xe50
 .debug_aranges
                0x00000000       0x98 ./Core/Src/main.o
 .debug_aranges
                0x00000098       0x60 ./Core/Src/stm32f4xx_hal_msp.o
 .debug_aranges
                0x000000f8       0x60 ./Core/Src/stm32f4xx_it.o
 .debug_aranges
                0x00000158       0xa8 ./Core/Src/syscalls.o
 .debug_aranges
                0x00000200       0x20 ./Core/Src/sysmem.o
 .debug_aranges
                0x00000220       0x28 ./Core/Src/system_stm32f4xx.o
 .debug_aranges
                0x00000248       0x28 ./Core/Startup/startup_stm32f407vgtx.o
 .debug_aranges
                0x00000270       0x48 ./Drivers/GAME/snake.o
 .debug_aranges
                0x000002b8       0x40 ./Drivers/GAME2/pingpong.o
 .debug_aranges
                0x000002f8       0x38 ./Drivers/MPU6050/mpu6050.o
 .debug_aranges
                0x00000330       0xf0 ./Drivers/STM32F4xx_HAL_Driver/Src/stm32f4xx_hal.o
 .debug_aranges
                0x00000420       0xe8 ./Drivers/STM32F4xx_HAL_Driver/Src/stm32f4xx_hal_adc.o
 .debug_aranges
                0x00000508      0x130 ./Drivers/STM32F4xx_HAL_Driver/Src/stm32f4xx_hal_cortex.o
 .debug_aranges
                0x00000638       0x58 ./Drivers/STM32F4xx_HAL_Driver/Src/stm32f4xx_hal_gpio.o
 .debug_aranges
                0x00000690      0x2a8 ./Drivers/STM32F4xx_HAL_Driver/Src/stm32f4xx_hal_i2c.o
 .debug_aranges
                0x00000938       0x88 ./Drivers/STM32F4xx_HAL_Driver/Src/stm32f4xx_hal_rcc.o
 .debug_aranges
                0x000009c0      0x1d0 ./Drivers/STM32F4xx_HAL_Driver/Src/stm32f4xx_hal_spi.o
 .debug_aranges
                0x00000b90      0x208 ./Drivers/STM32F4xx_HAL_Driver/Src/stm32f4xx_hal_uart.o
 .debug_aranges
                0x00000d98       0x18 ./Drivers/TFT/fonts.o
 .debug_aranges
                0x00000db0       0x88 ./Drivers/TFT/ili9341.o
 .debug_aranges
                0x00000e38       0x18 ./Drivers/TFT/testimg.o

.debug_rnglists
                0x00000000      0xb0a
 .debug_rnglists
                0x00000000       0x81 ./Core/Src/main.o
 .debug_rnglists
                0x00000081       0x47 ./Core/Src/stm32f4xx_hal_msp.o
 .debug_rnglists
                0x000000c8       0x43 ./Core/Src/stm32f4xx_it.o
 .debug_rnglists
                0x0000010b       0x79 ./Core/Src/syscalls.o
 .debug_rnglists
                0x00000184       0x13 ./Core/Src/sysmem.o
 .debug_rnglists
                0x00000197       0x1a ./Core/Src/system_stm32f4xx.o
 .debug_rnglists
                0x000001b1       0x19 ./Core/Startup/startup_stm32f407vgtx.o
 .debug_rnglists
                0x000001ca       0x34 ./Drivers/GAME/snake.o
 .debug_rnglists
                0x000001fe       0x2d ./Drivers/GAME2/pingpong.o
 .debug_rnglists
                0x0000022b       0x28 ./Drivers/MPU6050/mpu6050.o
 .debug_rnglists
                0x00000253       0xaf ./Drivers/STM32F4xx_HAL_Driver/Src/stm32f4xx_hal.o
 .debug_rnglists
                0x00000302       0xb5 ./Drivers/STM32F4xx_HAL_Driver/Src/stm32f4xx_hal_adc.o
 .debug_rnglists
                0x000003b7       0xe0 ./Drivers/STM32F4xx_HAL_Driver/Src/stm32f4xx_hal_cortex.o
 .debug_rnglists
                0x00000497       0x3f ./Drivers/STM32F4xx_HAL_Driver/Src/stm32f4xx_hal_gpio.o
 .debug_rnglists
                0x000004d6      0x23c ./Drivers/STM32F4xx_HAL_Driver/Src/stm32f4xx_hal_i2c.o
 .debug_rnglists
                0x00000712       0x66 ./Drivers/STM32F4xx_HAL_Driver/Src/stm32f4xx_hal_rcc.o
 .debug_rnglists
                0x00000778      0x16f ./Drivers/STM32F4xx_HAL_Driver/Src/stm32f4xx_hal_spi.o
 .debug_rnglists
                0x000008e7      0x1bc ./Drivers/STM32F4xx_HAL_Driver/Src/stm32f4xx_hal_uart.o
 .debug_rnglists
                0x00000aa3       0x67 ./Drivers/TFT/ili9341.o

.debug_macro    0x00000000    0x239ec
 .debug_macro   0x00000000      0x395 ./Core/Src/main.o
 .debug_macro   0x00000395      0xad8 ./Core/Src/main.o
 .debug_macro   0x00000e6d      0x2a7 ./Core/Src/main.o
 .debug_macro   0x00001114       0x2e ./Core/Src/main.o
 .debug_macro   0x00001142       0x2f ./Core/Src/main.o
 .debug_macro   0x00001171       0x22 ./Core/Src/main.o
 .debug_macro   0x00001193       0x8e ./Core/Src/main.o
 .debug_macro   0x00001221       0x51 ./Core/Src/main.o
 .debug_macro   0x00001272      0x103 ./Core/Src/main.o
 .debug_macro   0x00001375       0x6a ./Core/Src/main.o
 .debug_macro   0x000013df      0x1df ./Core/Src/main.o
 .debug_macro   0x000015be       0x1c ./Core/Src/main.o
 .debug_macro   0x000015da       0x22 ./Core/Src/main.o
 .debug_macro   0x000015fc       0xfb ./Core/Src/main.o
 .debug_macro   0x000016f7     0x1011 ./Core/Src/main.o
 .debug_macro   0x00002708      0x11f ./Core/Src/main.o
 .debug_macro   0x00002827    0x15ea5 ./Core/Src/main.o
 .debug_macro   0x000186cc       0x6d ./Core/Src/main.o
 .debug_macro   0x00018739     0x3693 ./Core/Src/main.o
 .debug_macro   0x0001bdcc      0x190 ./Core/Src/main.o
 .debug_macro   0x0001bf5c       0x5c ./Core/Src/main.o
 .debug_macro   0x0001bfb8      0x980 ./Core/Src/main.o
 .debug_macro   0x0001c938      0x9e9 ./Core/Src/main.o
 .debug_macro   0x0001d321      0x115 ./Core/Src/main.o
 .debug_macro   0x0001d436      0x13e ./Core/Src/main.o
 .debug_macro   0x0001d574       0xa5 ./Core/Src/main.o
 .debug_macro   0x0001d619      0x174 ./Core/Src/main.o
 .debug_macro   0x0001d78d      0x287 ./Core/Src/main.o
 .debug_macro   0x0001da14       0x5f ./Core/Src/main.o
 .debug_macro   0x0001da73      0x236 ./Core/Src/main.o
 .debug_macro   0x0001dca9      0xb5b ./Core/Src/main.o
 .debug_macro   0x0001e804      0x38b ./Core/Src/main.o
 .debug_macro   0x0001eb8f      0x176 ./Core/Src/main.o
 .debug_macro   0x0001ed05       0xf9 ./Core/Src/main.o
 .debug_macro   0x0001edfe      0x12c ./Core/Src/main.o
 .debug_macro   0x0001ef2a      0x21e ./Core/Src/main.o
 .debug_macro   0x0001f148       0x2e ./Core/Src/main.o
 .debug_macro   0x0001f176      0x1b5 ./Core/Src/main.o
 .debug_macro   0x0001f32b       0xd6 ./Core/Src/main.o
 .debug_macro   0x0001f401      0x127 ./Core/Src/main.o
 .debug_macro   0x0001f528       0x7e ./Core/Src/main.o
 .debug_macro   0x0001f5a6       0x89 ./Core/Src/main.o
 .debug_macro   0x0001f62f      0x225 ./Core/Src/main.o
 .debug_macro   0x0001f854      0x2aa ./Core/Src/main.o
 .debug_macro   0x0001fafe      0x12d ./Core/Src/main.o
 .debug_macro   0x0001fc2b       0x22 ./Core/Src/main.o
 .debug_macro   0x0001fc4d       0x61 ./Core/Src/main.o
 .debug_macro   0x0001fcae       0x2a ./Core/Src/main.o
 .debug_macro   0x0001fcd8       0x43 ./Core/Src/main.o
 .debug_macro   0x0001fd1b       0x34 ./Core/Src/main.o
 .debug_macro   0x0001fd4f      0x370 ./Core/Src/main.o
 .debug_macro   0x000200bf       0x16 ./Core/Src/main.o
 .debug_macro   0x000200d5       0x4a ./Core/Src/main.o
 .debug_macro   0x0002011f       0x34 ./Core/Src/main.o
 .debug_macro   0x00020153       0x10 ./Core/Src/main.o
 .debug_macro   0x00020163       0x58 ./Core/Src/main.o
 .debug_macro   0x000201bb       0x8e ./Core/Src/main.o
 .debug_macro   0x00020249       0x1c ./Core/Src/main.o
 .debug_macro   0x00020265      0x185 ./Core/Src/main.o
 .debug_macro   0x000203ea       0x10 ./Core/Src/main.o
 .debug_macro   0x000203fa       0x3c ./Core/Src/main.o
 .debug_macro   0x00020436       0x20 ./Core/Src/main.o
 .debug_macro   0x00020456       0x22 ./Core/Src/main.o
 .debug_macro   0x00020478       0x1c ./Core/Src/main.o
 .debug_macro   0x00020494       0xac ./Core/Src/main.o
 .debug_macro   0x00020540       0x46 ./Core/Src/main.o
 .debug_macro   0x00020586      0x210 ./Core/Src/stm32f4xx_hal_msp.o
 .debug_macro   0x00020796      0x21a ./Core/Src/stm32f4xx_it.o
 .debug_macro   0x000209b0      0x274 ./Core/Src/syscalls.o
 .debug_macro   0x00020c24       0x5b ./Core/Src/syscalls.o
 .debug_macro   0x00020c7f       0x94 ./Core/Src/syscalls.o
 .debug_macro   0x00020d13       0x57 ./Core/Src/syscalls.o
 .debug_macro   0x00020d6a       0x10 ./Core/Src/syscalls.o
 .debug_macro   0x00020d7a       0x10 ./Core/Src/syscalls.o
 .debug_macro   0x00020d8a       0x10 ./Core/Src/syscalls.o
 .debug_macro   0x00020d9a       0x10 ./Core/Src/syscalls.o
 .debug_macro   0x00020daa       0x1c ./Core/Src/syscalls.o
 .debug_macro   0x00020dc6       0x52 ./Core/Src/syscalls.o
 .debug_macro   0x00020e18       0x22 ./Core/Src/syscalls.o