Archive member included to satisfy reference by file (symbol)

C:/ST/STM32CubeIDE_1.19.0/STM32CubeIDE/plugins/com.st.stm32cube.ide.mcu.externaltools.gnu-tools-for-stm32.13.3.rel1.win32_1.0.0.202411081344/tools/bin/../lib/gcc/arm-none-eabi/13.3.1/../../../../arm-none-eabi/lib/thumb/v7e-m+fp/hard\libc_nano.a(libc_a-exit.o)
                              C:/ST/STM32CubeIDE_1.19.0/STM32CubeIDE/plugins/com.st.stm32cube.ide.mcu.externaltools.gnu-tools-for-stm32.13.3.rel1.win32_1.0.0.202411081344/tools/bin/../lib/gcc/arm-none-eabi/13.3.1/../../../../arm-none-eabi/lib/thumb/v7e-m+fp/hard/crt0.o (exit)
C:/ST/STM32CubeIDE_1.19.0/STM32CubeIDE/plugins/com.st.stm32cube.ide.mcu.externaltools.gnu-tools-for-stm32.13.3.rel1.win32_1.0.0.202411081344/tools/bin/../lib/gcc/arm-none-eabi/13.3.1/../../../../arm-none-eabi/lib/thumb/v7e-m+fp/hard\libc_nano.a(libc_a-rand.o)
                              ./Drivers/GAME/snake.o (srand)
C:/ST/STM32CubeIDE_1.19.0/STM32CubeIDE/plugins/com.st.stm32cube.ide.mcu.externaltools.gnu-tools-for-stm32.13.3.rel1.win32_1.0.0.202411081344/tools/bin/../lib/gcc/arm-none-eabi/13.3.1/../../../../arm-none-eabi/lib/thumb/v7e-m+fp/hard\libc_nano.a(libc_a-findfp.o)
                              C:/ST/STM32CubeIDE_1.19.0/STM32CubeIDE/plugins/com.st.stm32cube.ide.mcu.externaltools.gnu-tools-for-stm32.13.3.rel1.win32_1.0.0.202411081344/tools/bin/../lib/gcc/arm-none-eabi/13.3.1/../../../../arm-none-eabi/lib/thumb/v7e-m+fp/hard\libc_nano.a(libc_a-exit.o) (__stdio_exit_handler)
C:/ST/STM32CubeIDE_1.19.0/STM32CubeIDE/plugins/com.st.stm32cube.ide.mcu.externaltools.gnu-tools-for-stm32.13.3.rel1.win32_1.0.0.202411081344/tools/bin/../lib/gcc/arm-none-eabi/13.3.1/../../../../arm-none-eabi/lib/thumb/v7e-m+fp/hard\libc_nano.a(libc_a-fwalk.o)
                              C:/ST/STM32CubeIDE_1.19.0/STM32CubeIDE/plugins/com.st.stm32cube.ide.mcu.externaltools.gnu-tools-for-stm32.13.3.rel1.win32_1.0.0.202411081344/tools/bin/../lib/gcc/arm-none-eabi/13.3.1/../../../../arm-none-eabi/lib/thumb/v7e-m+fp/hard\libc_nano.a(libc_a-findfp.o) (_fwalk_sglue)
C:/ST/STM32CubeIDE_1.19.0/STM32CubeIDE/plugins/com.st.stm32cube.ide.mcu.externaltools.gnu-tools-for-stm32.13.3.rel1.win32_1.0.0.202411081344/tools/bin/../lib/gcc/arm-none-eabi/13.3.1/../../../../arm-none-eabi/lib/thumb/v7e-m+fp/hard\libc_nano.a(libc_a-stdio.o)
                              C:/ST/STM32CubeIDE_1.19.0/STM32CubeIDE/plugins/com.st.stm32cube.ide.mcu.externaltools.gnu-tools-for-stm32.13.3.rel1.win32_1.0.0.202411081344/tools/bin/../lib/gcc/arm-none-eabi/13.3.1/../../../../arm-none-eabi/lib/thumb/v7e-m+fp/hard\libc_nano.a(libc_a-findfp.o) (__sread)
C:/ST/STM32CubeIDE_1.19.0/STM32CubeIDE/plugins/com.st.stm32cube.ide.mcu.externaltools.gnu-tools-for-stm32.13.3.rel1.win32_1.0.0.202411081344/tools/bin/../lib/gcc/arm-none-eabi/13.3.1/../../../../arm-none-eabi/lib/thumb/v7e-m+fp/hard\libc_nano.a(libc_a-memset.o)
                              C:/ST/STM32CubeIDE_1.19.0/STM32CubeIDE/plugins/com.st.stm32cube.ide.mcu.externaltools.gnu-tools-for-stm32.13.3.rel1.win32_1.0.0.202411081344/tools/bin/../lib/gcc/arm-none-eabi/13.3.1/../../../../arm-none-eabi/lib/thumb/v7e-m+fp/hard/crt0.o (memset)
C:/ST/STM32CubeIDE_1.19.0/STM32CubeIDE/plugins/com.st.stm32cube.ide.mcu.externaltools.gnu-tools-for-stm32.13.3.rel1.win32_1.0.0.202411081344/tools/bin/../lib/gcc/arm-none-eabi/13.3.1/../../../../arm-none-eabi/lib/thumb/v7e-m+fp/hard\libc_nano.a(libc_a-closer.o)
                              C:/ST/STM32CubeIDE_1.19.0/STM32CubeIDE/plugins/com.st.stm32cube.ide.mcu.externaltools.gnu-tools-for-stm32.13.3.rel1.win32_1.0.0.202411081344/tools/bin/../lib/gcc/arm-none-eabi/13.3.1/../../../../arm-none-eabi/lib/thumb/v7e-m+fp/hard\libc_nano.a(libc_a-stdio.o) (_close_r)
C:/ST/STM32CubeIDE_1.19.0/STM32CubeIDE/plugins/com.st.stm32cube.ide.mcu.externaltools.gnu-tools-for-stm32.13.3.rel1.win32_1.0.0.202411081344/tools/bin/../lib/gcc/arm-none-eabi/13.3.1/../../../../arm-none-eabi/lib/thumb/v7e-m+fp/hard\libc_nano.a(libc_a-reent.o)
                              C:/ST/STM32CubeIDE_1.19.0/STM32CubeIDE/plugins/com.st.stm32cube.ide.mcu.externaltools.gnu-tools-for-stm32.13.3.rel1.win32_1.0.0.202411081344/tools/bin/../lib/gcc/arm-none-eabi/13.3.1/../../../../arm-none-eabi/lib/thumb/v7e-m+fp/hard\libc_nano.a(libc_a-closer.o) (errno)
C:/ST/STM32CubeIDE_1.19.0/STM32CubeIDE/plugins/com.st.stm32cube.ide.mcu.externaltools.gnu-tools-for-stm32.13.3.rel1.win32_1.0.0.202411081344/tools/bin/../lib/gcc/arm-none-eabi/13.3.1/../../../../arm-none-eabi/lib/thumb/v7e-m+fp/hard\libc_nano.a(libc_a-impure.o)
                              C:/ST/STM32CubeIDE_1.19.0/STM32CubeIDE/plugins/com.st.stm32cube.ide.mcu.externaltools.gnu-tools-for-stm32.13.3.rel1.win32_1.0.0.202411081344/tools/bin/../lib/gcc/arm-none-eabi/13.3.1/../../../../arm-none-eabi/lib/thumb/v7e-m+fp/hard\libc_nano.a(libc_a-rand.o) (_impure_ptr)
[...]
Memory Configuration

Name             Origin             Length             Attributes
RAM              0x20000000         0x00018000         xrw
FLASH            0x08000000         0x00080000         xr
*default*        0x00000000         0xffffffff

Linker script and memory map

LOAD C:/ST/STM32CubeIDE_1.19.0/STM32CubeIDE/plugins/com.st.stm32cube.ide.mcu.externaltools.gnu-tools-for-stm32.13.3.rel1.win32_1.0.0.202411081344/tools/bin/../lib/gcc/arm-none-eabi/13.3.1/thumb/v7e-m+fp/hard/crti.o
LOAD C:/ST/STM32CubeIDE_1.19.0/STM32CubeIDE/plugins/com.st.stm32cube.ide.mcu.externaltools.gnu-tools-for-stm32.13.3.rel1.win32_1.0.0.202411081344/tools/bin/../lib/gcc/arm-none-eabi/13.3.1/thumb/v7e-m+fp/hard/crtbegin.o
LOAD C:/ST/STM32CubeIDE_1.19.0/STM32CubeIDE/plugins/com.st.stm32cube.ide.mcu.externaltools.gnu-tools-for-stm32.13.3.rel1.win32_1.0.0.202411081344/tools/bin/../lib/gcc/arm-none-eabi/13.3.1/../../../../arm-none-eabi/lib/thumb/v7e-m+fp/hard/crt0.o
LOAD ./Core/Src/main.o
LOAD ./Core/Src/stm32f4xx_hal_msp.o
LOAD ./Core/Src/stm32f4xx_it.o
LOAD ./Core/Src/syscalls.o
LOAD ./Core/Src/sysmem.o
LOAD ./Core/Src/system_stm32f4xx.o
LOAD ./Core/Startup/startup_stm32f401retx.o
LOAD ./Drivers/GAME/snake.o
LOAD ./Drivers/GAME2/pingpong.o
LOAD ./Drivers/MPU6050/mpu6050.o
LOAD ./Drivers/STM32F4xx_HAL_Driver/Src/stm32f4xx_hal.o
LOAD ./Drivers/STM32F4xx_HAL_Driver/Src/stm32f4xx_hal_adc.o
LOAD ./Drivers/STM32F4xx_HAL_Driver/Src/stm32f4xx_hal_adc_ex.o
LOAD ./Drivers/STM32F4xx_HAL_Driver/Src/stm32f4xx_hal_cortex.o
LOAD ./Drivers/STM32F4xx_HAL_Driver/Src/stm32f4xx_hal_dma.o
LOAD ./Drivers/STM32F4xx_HAL_Driver/Src/stm32f4xx_hal_dma_ex.o
LOAD ./Drivers/STM32F4xx_HAL_Driver/Src/stm32f4xx_hal_exti.o
LOAD ./Drivers/STM32F4xx_HAL_Driver/Src/stm32f4xx_hal_flash.o
LOAD ./Drivers/STM32F4xx_HAL_Driver/Src/stm32f4xx_hal_flash_ex.o
LOAD ./Drivers/STM32F4xx_HAL_Driver/Src/stm32f4xx_hal_flash_ramfunc.o
LOAD ./Drivers/STM32F4xx_HAL_Driver/Src/stm32f4xx_hal_gpio.o
LOAD ./Drivers/STM32F4xx_HAL_Driver/Src/stm32f4xx_hal_i2c.o
LOAD ./Drivers/STM32F4xx_HAL_Driver/Src/stm32f4xx_hal_i2c_ex.o
LOAD ./Drivers/STM32F4xx_HAL_Driver/Src/stm32f4xx_hal_pwr.o
LOAD ./Drivers/STM32F4xx_HAL_Driver/Src/stm32f4xx_hal_pwr_ex.o
LOAD ./Drivers/STM32F4xx_HAL_Driver/Src/stm32f4xx_hal_rcc.o
LOAD ./Drivers/STM32F4xx_HAL_Driver/Src/stm32f4xx_hal_rcc_ex.o
LOAD ./Drivers/STM32F4xx_HAL_Driver/Src/stm32f4xx_hal_spi.o
LOAD ./Drivers/STM32F4xx_HAL_Driver/Src/stm32f4xx_ll_adc.o
LOAD ./Drivers/TFT/fonts.o
LOAD ./Drivers/TFT/ili9341.o
LOAD ./Drivers/TFT/testimg.o
START GROUP
LOAD C:/ST/STM32CubeIDE_1.19.0/STM32CubeIDE/plugins/com.st.stm32cube.ide.mcu.externaltools.gnu-tools-for-stm32.13.3.rel1.win32_1.0.0.202411081344/tools/bin/../lib/gcc/arm-none-eabi/13.3.1/../../../../arm-none-eabi/lib/thumb/v7e-m+fp/hard\libc_nano.a
LOAD C:/ST/STM32CubeIDE_1.19.0/STM32CubeIDE/plugins/com.st.stm32cube.ide.mcu.externaltools.gnu-tools-for-stm32.13.3.rel1.win32_1.0.0.202411081344/tools/bin/../lib/gcc/arm-none-eabi/13.3.1/../../../../arm-none-eabi/lib/thumb/v7e-m+fp/hard\libm.a
END GROUP
START GROUP
LOAD C:/ST/STM32CubeIDE_1.19.0/STM32CubeIDE/plugins/com.st.stm32cube.ide.mcu.externaltools.gnu-tools-for-stm32.13.3.rel1.win32_1.0.0.202411081344/tools/bin/../lib/gcc/arm-none-eabi/13.3.1/thumb/v7e-m+fp/hard\libgcc.a
LOAD C:/ST/STM32CubeIDE_1.19.0/STM32CubeIDE/plugins/com.st.stm32cube.ide.mcu.externaltools.gnu-tools-for-stm32.13.3.rel1.win32_1.0.0.202411081344/tools/bin/../lib/gcc/arm-none-eabi/13.3.1/../../../../arm-none-eabi/lib/thumb/v7e-m+fp/hard\libc_nano.a
END GROUP
START GROUP
LOAD C:/ST/STM32CubeIDE_1.19.0/STM32CubeIDE/plugins/com.st.stm32cube.ide.mcu.externaltools.gnu-tools-for-stm32.13.3.rel1.win32_1.0.0.202411081344/tools/bin/../lib/gcc/arm-none-eabi/13.3.1/thumb/v7e-m+fp/hard\libgcc.a
LOAD C:/ST/STM32CubeIDE_1.19.0/STM32CubeIDE/plugins/com.st.stm32cube.ide.mcu.externaltools.gnu-tools-for-stm32.13.3.rel1.win32_1.0.0.202411081344/tools/bin/../lib/gcc/arm-none-eabi/13.3.1/../../../../arm-none-eabi/lib/thumb/v7e-m+fp/hard\libc_nano.a
LOAD C:/ST/STM32CubeIDE_1.19.0/STM32CubeIDE/plugins/com.st.stm32cube.ide.mcu.externaltools.gnu-tools-for-stm32.13.3.rel1.win32_1.0.0.202411081344/tools/bin/../lib/gcc/arm-none-eabi/13.3.1/../../../../arm-none-eabi/lib/thumb/v7e-m+fp/hard\libnosys.a
END GROUP
START GROUP
LOAD C:/ST/STM32CubeIDE_1.19.0/STM32CubeIDE/plugins/com.st.stm32cube.ide.mcu.externaltools.gnu-tools-for-stm32.13.3.rel1.win32_1.0.0.202411081344/tools/bin/../lib/gcc/arm-none-eabi/13.3.1/thumb/v7e-m+fp/hard\libgcc.a
LOAD C:/ST/STM32CubeIDE_1.19.0/STM32CubeIDE/plugins/com.st.stm32cube.ide.mcu.externaltools.gnu-tools-for-stm32.13.3.rel1.win32_1.0.0.202411081344/tools/bin/../lib/gcc/arm-none-eabi/13.3.1/../../../../arm-none-eabi/lib/thumb/v7e-m+fp/hard\libc_nano.a
LOAD C:/ST/STM32CubeIDE_1.19.0/STM32CubeIDE/plugins/com.st.stm32cube.ide.mcu.externaltools.gnu-tools-for-stm32.13.3.rel1.win32_1.0.0.202411081344/tools/bin/../lib/gcc/arm-none-eabi/13.3.1/../../../../arm-none-eabi/lib/thumb/v7e-m+fp/hard\libnosys.a
END GROUP
LOAD C:/ST/STM32CubeIDE_1.19.0/STM32CubeIDE/plugins/com.st.stm32cube.ide.mcu.externaltools.gnu-tools-for-stm32.13.3.rel1.win32_1.0.0.202411081344/tools/bin/../lib/gcc/arm-none-eabi/13.3.1/thumb/v7e-m+fp/hard/crtend.o
LOAD C:/ST/STM32CubeIDE_1.19.0/STM32CubeIDE/plugins/com.st.stm32cube.ide.mcu.externaltools.gnu-tools-for-stm32.13.3.rel1.win32_1.0.0.202411081344/tools/bin/../lib/gcc/arm-none-eabi/13.3.1/thumb/v7e-m+fp/hard/crtn.o
                0x20018000                        _estack = (ORIGIN (RAM) + LENGTH (RAM))
                0x00000200                        _Min_Heap_Size = 0x200
                0x00000400                        _Min_Stack_Size = 0x400

.isr_vector     0x08000000      0x194
                0x08000000                        . = ALIGN (0x4)
 *(.isr_vector)
 .isr_vector    0x08000000      0x194 ./Core/Startup/startup_stm32f401retx.o
                0x08000000                g_pfnVectors
                0x08000194                        . = ALIGN (0x4)

.text           0x080001a0     0x6094
                0x080001a0                        . = ALIGN (0x4)
 *(.text)
 .text          0x080001a0       0x40 C:/ST/STM32CubeIDE_1.19.0/STM32CubeIDE/plugins/com.st.stm32cube.ide.mcu.externaltools.gnu-tools-for-stm32.13.3.rel1.win32_1.0.0.202411081344/tools/bin/../lib/gcc/arm-none-eabi/13.3.1/thumb/v7e-m+fp/hard/crtbegin.o
 .text          0x080001e0       0xa0 C:/ST/STM32CubeIDE_1.19.0/STM32CubeIDE/plugins/com.st.stm32cube.ide.mcu.externaltools.gnu-tools-for-stm32.13.3.rel1.win32_1.0.0.202411081344/tools/bin/../lib/gcc/arm-none-eabi/13.3.1/../../../../arm-none-eabi/lib/thumb/v7e-m+fp/hard\libc_nano.a(libc_a-memchr.o)
                0x080001e0                memchr
 .text          0x08000280       0x30 C:/ST/STM32CubeIDE_1.19.0/STM32CubeIDE/plugins/com.st.stm32cube.ide.mcu.externaltools.gnu-tools-for-stm32.13.3.rel1.win32_1.0.0.202411081344/tools/bin/../lib/gcc/arm-none-eabi/13.3.1/thumb/v7e-m+fp/hard\libgcc.a(_aeabi_uldivmod.o)
                0x08000280                __aeabi_uldivmod
 .text          0x080002b0      0x2f8 C:/ST/STM32CubeIDE_1.19.0/STM32CubeIDE/plugins/com.st.stm32cube.ide.mcu.externaltools.gnu-tools-for-stm32.13.3.rel1.win32_1.0.0.202411081344/tools/bin/../lib/gcc/arm-none-eabi/13.3.1/thumb/v7e-m+fp/hard\libgcc.a(_udivmoddi4.o)
                0x080002b0                __udivmoddi4
 .text          0x080005a8        0x4 C:/ST/STM32CubeIDE_1.19.0/STM32CubeIDE/plugins/com.st.stm32cube.ide.mcu.externaltools.gnu-tools-for-stm32.13.3.rel1.win32_1.0.0.202411081344/tools/bin/../lib/gcc/arm-none-eabi/13.3.1/thumb/v7e-m+fp/hard\libgcc.a(_dvmd_tls.o)
                0x080005a8                __aeabi_idiv0
                0x080005a8                __aeabi_ldiv0
 *(.text*)
 .text.main     0x080005ac       0x6c ./Core/Src/main.o
                0x080005ac                main
 .text.drawIntroScreen
                0x08000618       0x70 ./Core/Src/main.o
                0x08000618                drawIntroScreen
 .text.drawMenuScreen
                0x08000688       0xa4 ./Core/Src/main.o
                0x08000688                drawMenuScreen
 .text.drawGameOverScreen
                0x0800072c       0x84 ./Core/Src/main.o
                0x0800072c                drawGameOverScreen
 .text.handleInput
                0x080007b0      0x174 ./Core/Src/main.o
                0x080007b0                handleInput
 .text.isButtonHeld
                0x08000924       0x2a ./Core/Src/main.o
                0x08000924                isButtonHeld
 *fill*         0x0800094e        0x2 
 .text.runSnakeGame
                0x08000950      0x140 ./Core/Src/main.o
                0x08000950                runSnakeGame
 .text.runPingPongGame
                0x08000a90       0xb0 ./Core/Src/main.o
                0x08000a90                runPingPongGame
 .text.getADC   0x08000b40       0x5c ./Core/Src/main.o
                0x08000b40                getADC
 .text.SystemClock_Config
                0x08000b9c       0xc0 ./Core/Src/main.o
                0x08000b9c                SystemClock_Config
 .text.MX_ADC1_Init
                0x08000c5c       0xa4 ./Core/Src/main.o
 .text.MX_I2C1_Init
                0x08000d00       0x5c ./Core/Src/main.o
 .text.MX_SPI1_Init
                0x08000d5c       0x6c ./Core/Src/main.o
 .text.MX_GPIO_Init
                0x08000dc8      0x11c ./Core/Src/main.o
 .text.Error_Handler
                0x08000ee4        0xc ./Core/Src/main.o
                0x08000ee4                Error_Handler
 .text.HAL_MspInit
                0x08000ef0       0x50 ./Core/Src/stm32f4xx_hal_msp.o
                0x08000ef0                HAL_MspInit
 .text.HAL_ADC_MspInit
                0x08000f40       0xc0 ./Core/Src/stm32f4xx_hal_msp.o
                0x08000f40                HAL_ADC_MspInit
 .text.HAL_I2C_MspInit
                0x08001000       0x90 ./Core/Src/stm32f4xx_hal_msp.o
                0x08001000                HAL_I2C_MspInit
 .text.HAL_SPI_MspInit
                0x08001090       0x90 ./Core/Src/stm32f4xx_hal_msp.o
                0x08001090                HAL_SPI_MspInit
 .text.NMI_Handler
                0x08001120        0x8 ./Core/Src/stm32f4xx_it.o
                0x08001120                NMI_Handler
 .text.HardFault_Handler
                0x08001128        0x8 ./Core/Src/stm32f4xx_it.o
                0x08001128                HardFault_Handler
 .text.MemManage_Handler
                0x08001130        0x8 ./Core/Src/stm32f4xx_it.o
                0x08001130                MemManage_Handler
 .text.BusFault_Handler
                0x08001138        0x8 ./Core/Src/stm32f4xx_it.o
                0x08001138                BusFault_Handler
 .text.UsageFault_Handler
                0x08001140        0x8 ./Core/Src/stm32f4xx_it.o
                0x08001140                UsageFault_Handler
 .text.SVC_Handler
                0x08001148        0xe ./Core/Src/stm32f4xx_it.o
                0x08001148                SVC_Handler
 .text.DebugMon_Handler
                0x08001156        0xe ./Core/Src/stm32f4xx_it.o
                0x08001156                DebugMon_Handler
 .text.PendSV_Handler
                0x08001164        0xe ./Core/Src/stm32f4xx_it.o
                0x08001164                PendSV_Handler
 .text.SysTick_Handler
                0x08001172        0xc ./Core/Src/stm32f4xx_it.o
                0x08001172                SysTick_Handler
 .text._getpid  0x0800117e       0x10 ./Core/Src/syscalls.o
                0x0800117e                _getpid
 .text._kill    0x0800118e       0x20 ./Core/Src/syscalls.o
                0x0800118e                _kill
 .text._exit    0x080011ae       0x16 ./Core/Src/syscalls.o
                0x080011ae                _exit
 .text._read    0x080011c4       0x3a ./Core/Src/syscalls.o
                0x080011c4                _read
 .text._write   0x080011fe       0x38 ./Core/Src/syscalls.o
                0x080011fe                _write
 .text._close   0x08001236       0x18 ./Core/Src/syscalls.o
                0x08001236                _close
 .text._fstat   0x0800124e       0x20 ./Core/Src/syscalls.o
                0x0800124e                _fstat
 .text._isatty  0x0800126e       0x16 ./Core/Src/syscalls.o
                0x0800126e                _isatty
 .text._lseek   0x08001284       0x1a ./Core/Src/syscalls.o
                0x08001284                _lseek
 *fill*         0x0800129e        0x2 
 .text._sbrk    0x080012a0       0x6c ./Core/Src/sysmem.o
                0x080012a0                _sbrk
 .text.SystemInit
                0x0800130c       0x24 ./Core/Src/system_stm32f4xx.o
                0x0800130c                SystemInit
 .text.Reset_Handler
                0x08001330       0x50 ./Core/Startup/startup_stm32f401retx.o
                0x08001330                Reset_Handler
 .text.Default_Handler
                0x08001380        0x2 ./Core/Startup/startup_stm32f401retx.o
                0x08001380                RTC_Alarm_IRQHandler
                0x08001380                EXTI2_IRQHandler
                0x08001380                SPI4_IRQHandler
                0x08001380                TIM1_CC_IRQHandler
                0x08001380                DMA2_Stream5_IRQHandler
                0x08001380                DMA1_Stream5_IRQHandler
                0x08001380                PVD_IRQHandler
                0x08001380                SDIO_IRQHandler
                0x08001380                TAMP_STAMP_IRQHandler
                0x08001380                EXTI3_IRQHandler
                0x08001380                TIM1_UP_TIM10_IRQHandler
                0x08001380                I2C3_ER_IRQHandler
                0x08001380                EXTI0_IRQHandler
                0x08001380                I2C2_EV_IRQHandler
                0x08001380                DMA1_Stream2_IRQHandler
                0x08001380                FPU_IRQHandler
                0x08001380                DMA2_Stream2_IRQHandler
                0x08001380                SPI1_IRQHandler
                0x08001380                TIM1_BRK_TIM9_IRQHandler
                0x08001380                DMA2_Stream3_IRQHandler
                0x08001380                USART6_IRQHandler
                0x08001380                DMA2_Stream0_IRQHandler
                0x08001380                TIM4_IRQHandler
                0x08001380                I2C1_EV_IRQHandler
                0x08001380                DMA1_Stream6_IRQHandler
                0x08001380                DMA1_Stream1_IRQHandler
                0x08001380                TIM3_IRQHandler
                0x08001380                RCC_IRQHandler
                0x08001380                Default_Handler
                0x08001380                EXTI15_10_IRQHandler
                0x08001380                ADC_IRQHandler
                0x08001380                DMA1_Stream7_IRQHandler
                0x08001380                TIM5_IRQHandler
                0x08001380                DMA2_Stream7_IRQHandler
                0x08001380                I2C3_EV_IRQHandler
                0x08001380                EXTI9_5_IRQHandler
                0x08001380                RTC_WKUP_IRQHandler
                0x08001380                SPI2_IRQHandler
                0x08001380                DMA1_Stream0_IRQHandler
                0x08001380                EXTI4_IRQHandler
                0x08001380                WWDG_IRQHandler
                0x08001380                TIM2_IRQHandler
                0x08001380                OTG_FS_WKUP_IRQHandler
                0x08001380                TIM1_TRG_COM_TIM11_IRQHandler
                0x08001380                EXTI1_IRQHandler
                0x08001380                USART2_IRQHandler
                0x08001380                I2C2_ER_IRQHandler
                0x08001380                DMA2_Stream1_IRQHandler
                0x08001380                FLASH_IRQHandler
                0x08001380                DMA2_Stream4_IRQHandler
                0x08001380                USART1_IRQHandler
                0x08001380                OTG_FS_IRQHandler
                0x08001380                SPI3_IRQHandler
                0x08001380                DMA1_Stream4_IRQHandler
                0x08001380                I2C1_ER_IRQHandler
                0x08001380                DMA2_Stream6_IRQHandler
                0x08001380                DMA1_Stream3_IRQHandler
 *fill*         0x08001382        0x2 
 .text.genNewApple
                0x08001384       0xd4 ./Drivers/GAME/snake.o
                0x08001384                genNewApple
 .text.SNAKE_Init
                0x08001458       0x78 ./Drivers/GAME/snake.o
                0x08001458                SNAKE_Init
 .text.SNAKE_updateGame
                0x080014d0      0x1c0 ./Drivers/GAME/snake.o
                0x080014d0                SNAKE_updateGame
 .text.SNAKE_drawGame
                0x08001690      0x21c ./Drivers/GAME/snake.o
                0x08001690                SNAKE_drawGame
 .text.SNAKE_ChangeDirection
                0x080018ac       0x64 ./Drivers/GAME/snake.o
                0x080018ac                SNAKE_ChangeDirection
 .text.SNAKE_getOver
                0x08001910       0x18 ./Drivers/GAME/snake.o
                0x08001910                SNAKE_getOver
 .text.resetBall
                0x08001928       0x58 ./Drivers/GAME2/pingpong.o
 .text.PingPong_Init
                0x08001980       0x74 ./Drivers/GAME2/pingpong.o
                0x08001980                PingPong_Init
 .text.PingPong_Update
                0x080019f4      0x26c ./Drivers/GAME2/pingpong.o
                0x080019f4                PingPong_Update
 .text.PingPong_Draw
                0x08001c60      0x110 ./Drivers/GAME2/pingpong.o
                0x08001c60                PingPong_Draw
 .text.PingPong_IsGameOver
                0x08001d70       0x18 ./Drivers/GAME2/pingpong.o
                0x08001d70                PingPong_IsGameOver
 .text.MPU6050_Init
                0x08001d88       0xc8 ./Drivers/MPU6050/mpu6050.o
                0x08001d88                MPU6050_Init
 .text.MPU6050_Read_Accel
                0x08001e50       0x90 ./Drivers/MPU6050/mpu6050.o
                0x08001e50                MPU6050_Read_Accel
 .text.HAL_Init
                0x08001ee0       0x44 ./Drivers/STM32F4xx_HAL_Driver/Src/stm32f4xx_hal.o
                0x08001ee0                HAL_Init
 .text.HAL_InitTick
                0x08001f24       0x60 ./Drivers/STM32F4xx_HAL_Driver/Src/stm32f4xx_hal.o
                0x08001f24                HAL_InitTick
 .text.HAL_IncTick
                0x08001f84       0x28 ./Drivers/STM32F4xx_HAL_Driver/Src/stm32f4xx_hal.o
                0x08001f84                HAL_IncTick
 .text.HAL_GetTick
                0x08001fac       0x18 ./Drivers/STM32F4xx_HAL_Driver/Src/stm32f4xx_hal.o
                0x08001fac                HAL_GetTick
 .text.HAL_Delay
                0x08001fc4       0x48 ./Drivers/STM32F4xx_HAL_Driver/Src/stm32f4xx_hal.o
                0x08001fc4                HAL_Delay
 .text.HAL_ADC_Init
                0x0800200c       0x86 ./Drivers/STM32F4xx_HAL_Driver/Src/stm32f4xx_hal_adc.o
                0x0800200c                HAL_ADC_Init
 *fill*         0x08002092        0x2 
 .text.HAL_ADC_Start
                0x08002094      0x168 ./Drivers/STM32F4xx_HAL_Driver/Src/stm32f4xx_hal_adc.o
                0x08002094                HAL_ADC_Start
 .text.HAL_ADC_Stop
                0x080021fc       0x66 ./Drivers/STM32F4xx_HAL_Driver/Src/stm32f4xx_hal_adc.o
                0x080021fc                HAL_ADC_Stop
 .text.HAL_ADC_PollForConversion
                0x08002262      0x116 ./Drivers/STM32F4xx_HAL_Driver/Src/stm32f4xx_hal_adc.o
                0x08002262                HAL_ADC_PollForConversion
 .text.HAL_ADC_GetValue
                0x08002378       0x1a ./Drivers/STM32F4xx_HAL_Driver/Src/stm32f4xx_hal_adc.o
                0x08002378                HAL_ADC_GetValue
 *fill*         0x08002392        0x2 
 .text.HAL_ADC_ConfigChannel
                0x08002394      0x244 ./Drivers/STM32F4xx_HAL_Driver/Src/stm32f4xx_hal_adc.o
                0x08002394                HAL_ADC_ConfigChannel
 .text.ADC_Init
                0x080025d8      0x1f8 ./Drivers/STM32F4xx_HAL_Driver/Src/stm32f4xx_hal_adc.o
 .text.__NVIC_SetPriorityGrouping
                0x080027d0       0x48 ./Drivers/STM32F4xx_HAL_Driver/Src/stm32f4xx_hal_cortex.o
 .text.__NVIC_GetPriorityGrouping
                0x08002818       0x1c ./Drivers/STM32F4xx_HAL_Driver/Src/stm32f4xx_hal_cortex.o
 .text.__NVIC_SetPriority
                0x08002834       0x54 ./Drivers/STM32F4xx_HAL_Driver/Src/stm32f4xx_hal_cortex.o
 .text.NVIC_EncodePriority
                0x08002888       0x66 ./Drivers/STM32F4xx_HAL_Driver/Src/stm32f4xx_hal_cortex.o
 *fill*         0x080028ee        0x2 
 .text.SysTick_Config
                0x080028f0       0x44 ./Drivers/STM32F4xx_HAL_Driver/Src/stm32f4xx_hal_cortex.o
 .text.HAL_NVIC_SetPriorityGrouping
                0x08002934       0x16 ./Drivers/STM32F4xx_HAL_Driver/Src/stm32f4xx_hal_cortex.o
                0x08002934                HAL_NVIC_SetPriorityGrouping
 .text.HAL_NVIC_SetPriority
                0x0800294a       0x38 ./Drivers/STM32F4xx_HAL_Driver/Src/stm32f4xx_hal_cortex.o
                0x0800294a                HAL_NVIC_SetPriority
 .text.HAL_SYSTICK_Config
                0x08002982       0x18 ./Drivers/STM32F4xx_HAL_Driver/Src/stm32f4xx_hal_cortex.o
                0x08002982                HAL_SYSTICK_Config
 *fill*         0x0800299a        0x2 
 .text.HAL_GPIO_Init
                0x0800299c      0x308 ./Drivers/STM32F4xx_HAL_Driver/Src/stm32f4xx_hal_gpio.o
                0x0800299c                HAL_GPIO_Init
 .text.HAL_GPIO_ReadPin
                0x08002ca4       0x30 ./Drivers/STM32F4xx_HAL_Driver/Src/stm32f4xx_hal_gpio.o
                0x08002ca4                HAL_GPIO_ReadPin
 .text.HAL_GPIO_WritePin
                0x08002cd4       0x32 ./Drivers/STM32F4xx_HAL_Driver/Src/stm32f4xx_hal_gpio.o
                0x08002cd4                HAL_GPIO_WritePin
 *fill*         0x08002d06        0x2 
 .text.HAL_I2C_Init
                0x08002d08      0x288 ./Drivers/STM32F4xx_HAL_Driver/Src/stm32f4xx_hal_i2c.o
                0x08002d08                HAL_I2C_Init
 .text.HAL_I2C_Mem_Write
                0x08002f90      0x1f4 ./Drivers/STM32F4xx_HAL_Driver/Src/stm32f4xx_hal_i2c.o
                0x08002f90                HAL_I2C_Mem_Write
 .text.HAL_I2C_Mem_Read
                0x08003184      0x464 ./Drivers/STM32F4xx_HAL_Driver/Src/stm32f4xx_hal_i2c.o
                0x08003184                HAL_I2C_Mem_Read
 .text.I2C_RequestMemoryWrite
                0x080035e8      0x12c ./Drivers/STM32F4xx_HAL_Driver/Src/stm32f4xx_hal_i2c.o
 .text.I2C_RequestMemoryRead
                0x08003714      0x1d0 ./Drivers/STM32F4xx_HAL_Driver/Src/stm32f4xx_hal_i2c.o
 .text.I2C_WaitOnFlagUntilTimeout
                0x080038e4       0xf4 ./Drivers/STM32F4xx_HAL_Driver/Src/stm32f4xx_hal_i2c.o
 .text.I2C_WaitOnMasterAddressFlagUntilTimeout
                0x080039d8      0x140 ./Drivers/STM32F4xx_HAL_Driver/Src/stm32f4xx_hal_i2c.o
 .text.I2C_WaitOnTXEFlagUntilTimeout
                0x08003b18       0x90 ./Drivers/STM32F4xx_HAL_Driver/Src/stm32f4xx_hal_i2c.o
 .text.I2C_WaitOnBTFFlagUntilTimeout
                0x08003ba8       0x90 ./Drivers/STM32F4xx_HAL_Driver/Src/stm32f4xx_hal_i2c.o
 .text.I2C_WaitOnRXNEFlagUntilTimeout
                0x08003c38       0xba ./Drivers/STM32F4xx_HAL_Driver/Src/stm32f4xx_hal_i2c.o
 .text.I2C_IsAcknowledgeFailed
                0x08003cf2       0x5e ./Drivers/STM32F4xx_HAL_Driver/Src/stm32f4xx_hal_i2c.o
 .text.HAL_RCC_OscConfig
                0x08003d50      0x4f0 ./Drivers/STM32F4xx_HAL_Driver/Src/stm32f4xx_hal_rcc.o
                0x08003d50                HAL_RCC_OscConfig
 .text.HAL_RCC_ClockConfig
                0x08004240      0x1cc ./Drivers/STM32F4xx_HAL_Driver/Src/stm32f4xx_hal_rcc.o
                0x08004240                HAL_RCC_ClockConfig
 .text.HAL_RCC_GetSysClockFreq
                0x0800440c      0x18c ./Drivers/STM32F4xx_HAL_Driver/Src/stm32f4xx_hal_rcc.o
                0x0800440c                HAL_RCC_GetSysClockFreq
 .text.HAL_RCC_GetHCLKFreq
                0x08004598       0x18 ./Drivers/STM32F4xx_HAL_Driver/Src/stm32f4xx_hal_rcc.o
                0x08004598                HAL_RCC_GetHCLKFreq
 .text.HAL_RCC_GetPCLK1Freq
                0x080045b0       0x28 ./Drivers/STM32F4xx_HAL_Driver/Src/stm32f4xx_hal_rcc.o
                0x080045b0                HAL_RCC_GetPCLK1Freq
 .text.HAL_SPI_Init
                0x080045d8      0x112 ./Drivers/STM32F4xx_HAL_Driver/Src/stm32f4xx_hal_spi.o
                0x080045d8                HAL_SPI_Init
 .text.HAL_SPI_Transmit
                0x080046ea      0x288 ./Drivers/STM32F4xx_HAL_Driver/Src/stm32f4xx_hal_spi.o
                0x080046ea                HAL_SPI_Transmit
 *fill*         0x08004972        0x2 
 .text.SPI_WaitFlagStateUntilTimeout
                0x08004974      0x110 ./Drivers/STM32F4xx_HAL_Driver/Src/stm32f4xx_hal_spi.o
 .text.SPI_EndRxTxTransaction
                0x08004a84       0xa8 ./Drivers/STM32F4xx_HAL_Driver/Src/stm32f4xx_hal_spi.o
 .text.ILI9341_Select
                0x08004b2c       0x18 ./Drivers/TFT/ili9341.o
 .text.ILI9341_Unselect
                0x08004b44       0x18 ./Drivers/TFT/ili9341.o
                0x08004b44                ILI9341_Unselect
 .text.ILI9341_Reset
                0x08004b5c       0x28 ./Drivers/TFT/ili9341.o
 .text.ILI9341_WriteCommand
                0x08004b84       0x34 ./Drivers/TFT/ili9341.o
 .text.ILI9341_WriteData
                0x08004bb8       0x58 ./Drivers/TFT/ili9341.o
 .text.ILI9341_SetAddressWindow
                0x08004c10       0x90 ./Drivers/TFT/ili9341.o
 .text.ILI9341_Init
                0x08004ca0      0x25c ./Drivers/TFT/ili9341.o
                0x08004ca0                ILI9341_Init
 .text.ILI9341_WriteChar
                0x08004efc       0xe4 ./Drivers/TFT/ili9341.o
 .text.ILI9341_WriteString
                0x08004fe0       0x96 ./Drivers/TFT/ili9341.o
                0x08004fe0                ILI9341_WriteString
 *fill*         0x08005076        0x2 
 .text.ILI9341_FillRectangle
                0x08005078       0xdc ./Drivers/TFT/ili9341.o
                0x08005078                ILI9341_FillRectangle
 .text.ILI9341_FillScreen
                0x08005154       0x24 ./Drivers/TFT/ili9341.o
                0x08005154                ILI9341_FillScreen
 .text.ILI9341_DrawImage
                0x08005178       0x90 ./Drivers/TFT/ili9341.o
                0x08005178                ILI9341_DrawImage
 .text.srand    0x08005208       0x5c C:/ST/STM32CubeIDE_1.19.0/STM32CubeIDE/plugins/com.st.stm32cube.ide.mcu.externaltools.gnu-tools-for-stm32.13.3.rel1.win32_1.0.0.202411081344/tools/bin/../lib/gcc/arm-none-eabi/13.3.1/../../../../arm-none-eabi/lib/thumb/v7e-m+fp/hard\libc_nano.a(libc_a-rand.o)
                0x08005208                srand
 .text.rand     0x08005264       0x7c C:/ST/STM32CubeIDE_1.19.0/STM32CubeIDE/plugins/com.st.stm32cube.ide.mcu.externaltools.gnu-tools-for-stm32.13.3.rel1.win32_1.0.0.202411081344/tools/bin/../lib/gcc/arm-none-eabi/13.3.1/../../../../arm-none-eabi/lib/thumb/v7e-m+fp/hard\libc_nano.a(libc_a-rand.o)
                0x08005264                rand
 .text.std      0x080052e0       0x6c C:/ST/STM32CubeIDE_1.19.0/STM32CubeIDE/plugins/com.st.stm32cube.ide.mcu.externaltools.gnu-tools-for-stm32.13.3.rel1.win32_1.0.0.202411081344/tools/bin/../lib/gcc/arm-none-eabi/13.3.1/../../../../arm-none-eabi/lib/thumb/v7e-m+fp/hard\libc_nano.a(libc_a-findfp.o)
 .text.stdio_exit_handler
                0x0800534c       0x18 C:/ST/STM32CubeIDE_1.19.0/STM32CubeIDE/plugins/com.st.stm32cube.ide.mcu.externaltools.gnu-tools-for-stm32.13.3.rel1.win32_1.0.0.202411081344/tools/bin/../lib/gcc/arm-none-eabi/13.3.1/../../../../arm-none-eabi/lib/thumb/v7e-m+fp/hard\libc_nano.a(libc_a-findfp.o)
 .text.cleanup_stdio
                0x08005364       0x40 C:/ST/STM32CubeIDE_1.19.0/STM32CubeIDE/plugins/com.st.stm32cube.ide.mcu.externaltools.gnu-tools-for-stm32.13.3.rel1.win32_1.0.0.202411081344/tools/bin/../lib/gcc/arm-none-eabi/13.3.1/../../../../arm-none-eabi/lib/thumb/v7e-m+fp/hard\libc_nano.a(libc_a-findfp.o)
 .text.global_stdio_init.part.0
                0x080053a4       0x3c C:/ST/STM32CubeIDE_1.19.0/STM32CubeIDE/plugins/com.st.stm32cube.ide.mcu.externaltools.gnu-tools-for-stm32.13.3.rel1.win32_1.0.0.202411081344/tools/bin/../lib/gcc/arm-none-eabi/13.3.1/../../../../arm-none-eabi/lib/thumb/v7e-m+fp/hard\libc_nano.a(libc_a-findfp.o)
 .text.__sfp_lock_acquire
                0x080053e0        0xc C:/ST/STM32CubeIDE_1.19.0/STM32CubeIDE/plugins/com.st.stm32cube.ide.mcu.externaltools.gnu-tools-for-stm32.13.3.rel1.win32_1.0.0.202411081344/tools/bin/../lib/gcc/arm-none-eabi/13.3.1/../../../../arm-none-eabi/lib/thumb/v7e-m+fp/hard\libc_nano.a(libc_a-findfp.o)
                0x080053e0                __sfp_lock_acquire
 .text.__sfp_lock_release
                0x080053ec        0xc C:/ST/STM32CubeIDE_1.19.0/STM32CubeIDE/plugins/com.st.stm32cube.ide.mcu.externaltools.gnu-tools-for-stm32.13.3.rel1.win32_1.0.0.202411081344/tools/bin/../lib/gcc/arm-none-eabi/13.3.1/../../../../arm-none-eabi/lib/thumb/v7e-m+fp/hard\libc_nano.a(libc_a-findfp.o)
                0x080053ec                __sfp_lock_release
 .text.__sinit  0x080053f8       0x30 C:/ST/STM32CubeIDE_1.19.0/STM32CubeIDE/plugins/com.st.stm32cube.ide.mcu.externaltools.gnu-tools-for-stm32.13.3.rel1.win32_1.0.0.202411081344/tools/bin/../lib/gcc/arm-none-eabi/13.3.1/../../../../arm-none-eabi/lib/thumb/v7e-m+fp/hard\libc_nano.a(libc_a-findfp.o)
                0x080053f8                __sinit
 .text._fwalk_sglue
                0x08005428       0x3c C:/ST/STM32CubeIDE_1.19.0/STM32CubeIDE/plugins/com.st.stm32cube.ide.mcu.externaltools.gnu-tools-for-stm32.13.3.rel1.win32_1.0.0.202411081344/tools/bin/../lib/gcc/arm-none-eabi/13.3.1/../../../../arm-none-eabi/lib/thumb/v7e-m+fp/hard\libc_nano.a(libc_a-fwalk.o)
                0x08005428                _fwalk_sglue
 .text.__sread  0x08005464       0x22 C:/ST/STM32CubeIDE_1.19.0/STM32CubeIDE/plugins/com.st.stm32cube.ide.mcu.externaltools.gnu-tools-for-stm32.13.3.rel1.win32_1.0.0.202411081344/tools/bin/../lib/gcc/arm-none-eabi/13.3.1/../../../../arm-none-eabi/lib/thumb/v7e-m+fp/hard\libc_nano.a(libc_a-stdio.o)
                0x08005464                __sread
 .text.__swrite
                0x08005486       0x38 C:/ST/STM32CubeIDE_1.19.0/STM32CubeIDE/plugins/com.st.stm32cube.ide.mcu.externaltools.gnu-tools-for-stm32.13.3.rel1.win32_1.0.0.202411081344/tools/bin/../lib/gcc/arm-none-eabi/13.3.1/../../../../arm-none-eabi/lib/thumb/v7e-m+fp/hard\libc_nano.a(libc_a-stdio.o)
                0x08005486                __swrite
 .text.__sseek  0x080054be       0x24 C:/ST/STM32CubeIDE_1.19.0/STM32CubeIDE/plugins/com.st.stm32cube.ide.mcu.externaltools.gnu-tools-for-stm32.13.3.rel1.win32_1.0.0.202411081344/tools/bin/../lib/gcc/arm-none-eabi/13.3.1/../../../../arm-none-eabi/lib/thumb/v7e-m+fp/hard\libc_nano.a(libc_a-stdio.o)
                0x080054be                __sseek
 .text.__sclose
                0x080054e2        0x8 C:/ST/STM32CubeIDE_1.19.0/STM32CubeIDE/plugins/com.st.stm32cube.ide.mcu.externaltools.gnu-tools-for-stm32.13.3.rel1.win32_1.0.0.202411081344/tools/bin/../lib/gcc/arm-none-eabi/13.3.1/../../../../arm-none-eabi/lib/thumb/v7e-m+fp/hard\libc_nano.a(libc_a-stdio.o)
                0x080054e2                __sclose
 .text.memset   0x080054ea       0x10 C:/ST/STM32CubeIDE_1.19.0/STM32CubeIDE/plugins/com.st.stm32cube.ide.mcu.externaltools.gnu-tools-for-stm32.13.3.rel1.win32_1.0.0.202411081344/tools/bin/../lib/gcc/arm-none-eabi/13.3.1/../../../../arm-none-eabi/lib/thumb/v7e-m+fp/hard\libc_nano.a(libc_a-memset.o)
                0x080054ea                memset
 *fill*         0x080054fa        0x2 
 .text._close_r
                0x080054fc       0x20 C:/ST/STM32CubeIDE_1.19.0/STM32CubeIDE/plugins/com.st.stm32cube.ide.mcu.externaltools.gnu-tools-for-stm32.13.3.rel1.win32_1.0.0.202411081344/tools/bin/../lib/gcc/arm-none-eabi/13.3.1/../../../../arm-none-eabi/lib/thumb/v7e-m+fp/hard\libc_nano.a(libc_a-closer.o)
                0x080054fc                _close_r
 .text._lseek_r
                0x0800551c       0x24 C:/ST/STM32CubeIDE_1.19.0/STM32CubeIDE/plugins/com.st.stm32cube.ide.mcu.externaltools.gnu-tools-for-stm32.13.3.rel1.win32_1.0.0.202411081344/tools/bin/../lib/gcc/arm-none-eabi/13.3.1/../../../../arm-none-eabi/lib/thumb/v7e-m+fp/hard\libc_nano.a(libc_a-lseekr.o)
                0x0800551c                _lseek_r
 .text._read_r  0x08005540       0x24 C:/ST/STM32CubeIDE_1.19.0/STM32CubeIDE/plugins/com.st.stm32cube.ide.mcu.externaltools.gnu-tools-for-stm32.13.3.rel1.win32_1.0.0.202411081344/tools/bin/../lib/gcc/arm-none-eabi/13.3.1/../../../../arm-none-eabi/lib/thumb/v7e-m+fp/hard\libc_nano.a(libc_a-readr.o)
                0x08005540                _read_r
 .text._write_r
                0x08005564       0x24 C:/ST/STM32CubeIDE_1.19.0/STM32CubeIDE/plugins/com.st.stm32cube.ide.mcu.externaltools.gnu-tools-for-stm32.13.3.rel1.win32_1.0.0.202411081344/tools/bin/../lib/gcc/arm-none-eabi/13.3.1/../../../../arm-none-eabi/lib/thumb/v7e-m+fp/hard\libc_nano.a(libc_a-writer.o)
                0x08005564                _write_r
 .text.__errno  0x08005588        0xc C:/ST/STM32CubeIDE_1.19.0/STM32CubeIDE/plugins/com.st.stm32cube.ide.mcu.externaltools.gnu-tools-for-stm32.13.3.rel1.win32_1.0.0.202411081344/tools/bin/../lib/gcc/arm-none-eabi/13.3.1/../../../../arm-none-eabi/lib/thumb/v7e-m+fp/hard\libc_nano.a(libc_a-errno.o)
                0x08005588                __errno
 .text.__libc_init_array
                0x08005594       0x48 C:/ST/STM32CubeIDE_1.19.0/STM32CubeIDE/plugins/com.st.stm32cube.ide.mcu.externaltools.gnu-tools-for-stm32.13.3.rel1.win32_1.0.0.202411081344/tools/bin/../lib/gcc/arm-none-eabi/13.3.1/../../../../arm-none-eabi/lib/thumb/v7e-m+fp/hard\libc_nano.a(libc_a-init.o)
                0x08005594                __libc_init_array
 .text.__retarget_lock_init_recursive
                0x080055dc        0x2 C:/ST/STM32CubeIDE_1.19.0/STM32CubeIDE/plugins/com.st.stm32cube.ide.mcu.externaltools.gnu-tools-for-stm32.13.3.rel1.win32_1.0.0.202411081344/tools/bin/../lib/gcc/arm-none-eabi/13.3.1/../../../../arm-none-eabi/lib/thumb/v7e-m+fp/hard\libc_nano.a(libc_a-lock.o)
                0x080055dc                __retarget_lock_init_recursive
 .text.__retarget_lock_acquire_recursive
                0x080055de        0x2 C:/ST/STM32CubeIDE_1.19.0/STM32CubeIDE/plugins/com.st.stm32cube.ide.mcu.externaltools.gnu-tools-for-stm32.13.3.rel1.win32_1.0.0.202411081344/tools/bin/../lib/gcc/arm-none-eabi/13.3.1/../../../../arm-none-eabi/lib/thumb/v7e-m+fp/hard\libc_nano.a(libc_a-lock.o)
                0x080055de                __retarget_lock_acquire_recursive
 .text.__retarget_lock_release_recursive
                0x080055e0        0x2 C:/ST/STM32CubeIDE_1.19.0/STM32CubeIDE/plugins/com.st.stm32cube.ide.mcu.externaltools.gnu-tools-for-stm32.13.3.rel1.win32_1.0.0.202411081344/tools/bin/../lib/gcc/arm-none-eabi/13.3.1/../../../../arm-none-eabi/lib/thumb/v7e-m+fp/hard\libc_nano.a(libc_a-lock.o)
                0x080055e0                __retarget_lock_release_recursive
 *fill*         0x080055e2        0x2 
 .text.__assert_func
                0x080055e4       0x3c C:/ST/STM32CubeIDE_1.19.0/STM32CubeIDE/plugins/com.st.stm32cube.ide.mcu.externaltools.gnu-tools-for-stm32.13.3.rel1.win32_1.0.0.202411081344/tools/bin/../lib/gcc/arm-none-eabi/13.3.1/../../../../arm-none-eabi/lib/thumb/v7e-m+fp/hard\libc_nano.a(libc_a-assert.o)
                0x080055e4                __assert_func
 .text._free_r  0x08005620       0x94 C:/ST/STM32CubeIDE_1.19.0/STM32CubeIDE/plugins/com.st.stm32cube.ide.mcu.externaltools.gnu-tools-for-stm32.13.3.rel1.win32_1.0.0.202411081344/tools/bin/../lib/gcc/arm-none-eabi/13.3.1/../../../../arm-none-eabi/lib/thumb/v7e-m+fp/hard\libc_nano.a(libc_a-freer.o)
                0x08005620                _free_r
 .text.malloc   0x080056b4       0x10 C:/ST/STM32CubeIDE_1.19.0/STM32CubeIDE/plugins/com.st.stm32cube.ide.mcu.externaltools.gnu-tools-for-stm32.13.3.rel1.win32_1.0.0.202411081344/tools/bin/../lib/gcc/arm-none-eabi/13.3.1/../../../../arm-none-eabi/lib/thumb/v7e-m+fp/hard\libc_nano.a(libc_a-malloc.o)
                0x080056b4                malloc
 .text.sbrk_aligned
                0x080056c4       0x44 C:/ST/STM32CubeIDE_1.19.0/STM32CubeIDE/plugins/com.st.stm32cube.ide.mcu.externaltools.gnu-tools-for-stm32.13.3.rel1.win32_1.0.0.202411081344/tools/bin/../lib/gcc/arm-none-eabi/13.3.1/../../../../arm-none-eabi/lib/thumb/v7e-m+fp/hard\libc_nano.a(libc_a-mallocr.o)
 .text._malloc_r
                0x08005708      0x100 C:/ST/STM32CubeIDE_1.19.0/STM32CubeIDE/plugins/com.st.stm32cube.ide.mcu.externaltools.gnu-tools-for-stm32.13.3.rel1.win32_1.0.0.202411081344/tools/bin/../lib/gcc/arm-none-eabi/13.3.1/../../../../arm-none-eabi/lib/thumb/v7e-m+fp/hard\libc_nano.a(libc_a-mallocr.o)
                0x08005708                _malloc_r
 .text.__malloc_lock
                0x08005808        0xc C:/ST/STM32CubeIDE_1.19.0/STM32CubeIDE/plugins/com.st.stm32cube.ide.mcu.externaltools.gnu-tools-for-stm32.13.3.rel1.win32_1.0.0.202411081344/tools/bin/../lib/gcc/arm-none-eabi/13.3.1/../../../../arm-none-eabi/lib/thumb/v7e-m+fp/hard\libc_nano.a(libc_a-mlock.o)
                0x08005808                __malloc_lock
 .text.__malloc_unlock
                0x08005814        0xc C:/ST/STM32CubeIDE_1.19.0/STM32CubeIDE/plugins/com.st.stm32cube.ide.mcu.externaltools.gnu-tools-for-stm32.13.3.rel1.win32_1.0.0.202411081344/tools/bin/../lib/gcc/arm-none-eabi/13.3.1/../../../../arm-none-eabi/lib/thumb/v7e-m+fp/hard\libc_nano.a(libc_a-mlock.o)
                0x08005814                __malloc_unlock
 .text.__sflush_r
                0x08005820      0x108 C:/ST/STM32CubeIDE_1.19.0/STM32CubeIDE/plugins/com.st.stm32cube.ide.mcu.externaltools.gnu-tools-for-stm32.13.3.rel1.win32_1.0.0.202411081344/tools/bin/../lib/gcc/arm-none-eabi/13.3.1/../../../../arm-none-eabi/lib/thumb/v7e-m+fp/hard\libc_nano.a(libc_a-fflush.o)
                0x08005820                __sflush_r
 .text._fflush_r
                0x08005928       0x50 C:/ST/STM32CubeIDE_1.19.0/STM32CubeIDE/plugins/com.st.stm32cube.ide.mcu.externaltools.gnu-tools-for-stm32.13.3.rel1.win32_1.0.0.202411081344/tools/bin/../lib/gcc/arm-none-eabi/13.3.1/../../../../arm-none-eabi/lib/thumb/v7e-m+fp/hard\libc_nano.a(libc_a-fflush.o)
                0x08005928                _fflush_r
 .text.fprintf  0x08005978       0x24 C:/ST/STM32CubeIDE_1.19.0/STM32CubeIDE/plugins/com.st.stm32cube.ide.mcu.externaltools.gnu-tools-for-stm32.13.3.rel1.win32_1.0.0.202411081344/tools/bin/../lib/gcc/arm-none-eabi/13.3.1/../../../../arm-none-eabi/lib/thumb/v7e-m+fp/hard\libc_nano.a(libc_a-fprintf.o)
                0x08005978                fiprintf
                0x08005978                fprintf
 .text._sbrk_r  0x0800599c       0x20 C:/ST/STM32CubeIDE_1.19.0/STM32CubeIDE/plugins/com.st.stm32cube.ide.mcu.externaltools.gnu-tools-for-stm32.13.3.rel1.win32_1.0.0.202411081344/tools/bin/../lib/gcc/arm-none-eabi/13.3.1/../../../../arm-none-eabi/lib/thumb/v7e-m+fp/hard\libc_nano.a(libc_a-sbrkr.o)
                0x0800599c                _sbrk_r
 .text.abort    0x080059bc        0xe C:/ST/STM32CubeIDE_1.19.0/STM32CubeIDE/plugins/com.st.stm32cube.ide.mcu.externaltools.gnu-tools-for-stm32.13.3.rel1.win32_1.0.0.202411081344/tools/bin/../lib/gcc/arm-none-eabi/13.3.1/../../../../arm-none-eabi/lib/thumb/v7e-m+fp/hard\libc_nano.a(libc_a-abort.o)
                0x080059bc                abort
 .text.__sfputc_r
                0x080059ca       0x2e C:/ST/STM32CubeIDE_1.19.0/STM32CubeIDE/plugins/com.st.stm32cube.ide.mcu.externaltools.gnu-tools-for-stm32.13.3.rel1.win32_1.0.0.202411081344/tools/bin/../lib/gcc/arm-none-eabi/13.3.1/../../../../arm-none-eabi/lib/thumb/v7e-m+fp/hard\libc_nano.a(libc_a-nano-vfprintf.o)
 .text.__sfputs_r
                0x080059f8       0x24 C:/ST/STM32CubeIDE_1.19.0/STM32CubeIDE/plugins/com.st.stm32cube.ide.mcu.externaltools.gnu-tools-for-stm32.13.3.rel1.win32_1.0.0.202411081344/tools/bin/../lib/gcc/arm-none-eabi/13.3.1/../../../../arm-none-eabi/lib/thumb/v7e-m+fp/hard\libc_nano.a(libc_a-nano-vfprintf.o)
                0x080059f8                __sfputs_r
 .text._vfprintf_r
                0x08005a1c      0x230 C:/ST/STM32CubeIDE_1.19.0/STM32CubeIDE/plugins/com.st.stm32cube.ide.mcu.externaltools.gnu-tools-for-stm32.13.3.rel1.win32_1.0.0.202411081344/tools/bin/../lib/gcc/arm-none-eabi/13.3.1/../../../../arm-none-eabi/lib/thumb/v7e-m+fp/hard\libc_nano.a(libc_a-nano-vfprintf.o)
                0x08005a1c                _vfprintf_r
                0x08005a1c                _vfiprintf_r
 .text._printf_common
                0x08005c4c       0xda C:/ST/STM32CubeIDE_1.19.0/STM32CubeIDE/plugins/com.st.stm32cube.ide.mcu.externaltools.gnu-tools-for-stm32.13.3.rel1.win32_1.0.0.202411081344/tools/bin/../lib/gcc/arm-none-eabi/13.3.1/../../../../arm-none-eabi/lib/thumb/v7e-m+fp/hard\libc_nano.a(libc_a-nano-vfprintf_i.o)
                0x08005c4c                _printf_common
 *fill*         0x08005d26        0x2 
 .text._printf_i
                0x08005d28      0x23c C:/ST/STM32CubeIDE_1.19.0/STM32CubeIDE/plugins/com.st.stm32cube.ide.mcu.externaltools.gnu-tools-for-stm32.13.3.rel1.win32_1.0.0.202411081344/tools/bin/../lib/gcc/arm-none-eabi/13.3.1/../../../../arm-none-eabi/lib/thumb/v7e-m+fp/hard\libc_nano.a(libc_a-nano-vfprintf_i.o)
                0x08005d28                _printf_i
 .text.__swbuf_r
                0x08005f64       0x7c C:/ST/STM32CubeIDE_1.19.0/STM32CubeIDE/plugins/com.st.stm32cube.ide.mcu.externaltools.gnu-tools-for-stm32.13.3.rel1.win32_1.0.0.202411081344/tools/bin/../lib/gcc/arm-none-eabi/13.3.1/../../../../arm-none-eabi/lib/thumb/v7e-m+fp/hard\libc_nano.a(libc_a-wbuf.o)
                0x08005f64                __swbuf_r
 .text.__swsetup_r
                0x08005fe0       0xac C:/ST/STM32CubeIDE_1.19.0/STM32CubeIDE/plugins/com.st.stm32cube.ide.mcu.externaltools.gnu-tools-for-stm32.13.3.rel1.win32_1.0.0.202411081344/tools/bin/../lib/gcc/arm-none-eabi/13.3.1/../../../../arm-none-eabi/lib/thumb/v7e-m+fp/hard\libc_nano.a(libc_a-wsetup.o)
                0x08005fe0                __swsetup_r
 .text._raise_r
                0x0800608c       0x50 C:/ST/STM32CubeIDE_1.19.0/STM32CubeIDE/plugins/com.st.stm32cube.ide.mcu.externaltools.gnu-tools-for-stm32.13.3.rel1.win32_1.0.0.202411081344/tools/bin/../lib/gcc/arm-none-eabi/13.3.1/../../../../arm-none-eabi/lib/thumb/v7e-m+fp/hard\libc_nano.a(libc_a-signal.o)
                0x0800608c                _raise_r
 .text.raise    0x080060dc       0x10 C:/ST/STM32CubeIDE_1.19.0/STM32CubeIDE/plugins/com.st.stm32cube.ide.mcu.externaltools.gnu-tools-for-stm32.13.3.rel1.win32_1.0.0.202411081344/tools/bin/../lib/gcc/arm-none-eabi/13.3.1/../../../../arm-none-eabi/lib/thumb/v7e-m+fp/hard\libc_nano.a(libc_a-signal.o)
                0x080060dc                raise
 .text._kill_r  0x080060ec       0x24 C:/ST/STM32CubeIDE_1.19.0/STM32CubeIDE/plugins/com.st.stm32cube.ide.mcu.externaltools.gnu-tools-for-stm32.13.3.rel1.win32_1.0.0.202411081344/tools/bin/../lib/gcc/arm-none-eabi/13.3.1/../../../../arm-none-eabi/lib/thumb/v7e-m+fp/hard\libc_nano.a(libc_a-signalr.o)
                0x080060ec                _kill_r
 .text._getpid_r
                0x08006110        0x4 C:/ST/STM32CubeIDE_1.19.0/STM32CubeIDE/plugins/com.st.stm32cube.ide.mcu.externaltools.gnu-tools-for-stm32.13.3.rel1.win32_1.0.0.202411081344/tools/bin/../lib/gcc/arm-none-eabi/13.3.1/../../../../arm-none-eabi/lib/thumb/v7e-m+fp/hard\libc_nano.a(libc_a-signalr.o)
                0x08006110                _getpid_r
 .text.__swhatbuf_r
                0x08006114       0x4c C:/ST/STM32CubeIDE_1.19.0/STM32CubeIDE/plugins/com.st.stm32cube.ide.mcu.externaltools.gnu-tools-for-stm32.13.3.rel1.win32_1.0.0.202411081344/tools/bin/../lib/gcc/arm-none-eabi/13.3.1/../../../../arm-none-eabi/lib/thumb/v7e-m+fp/hard\libc_nano.a(libc_a-makebuf.o)
                0x08006114                __swhatbuf_r
 .text.__smakebuf_r
                0x08006160       0x78 C:/ST/STM32CubeIDE_1.19.0/STM32CubeIDE/plugins/com.st.stm32cube.ide.mcu.externaltools.gnu-tools-for-stm32.13.3.rel1.win32_1.0.0.202411081344/tools/bin/../lib/gcc/arm-none-eabi/13.3.1/../../../../arm-none-eabi/lib/thumb/v7e-m+fp/hard\libc_nano.a(libc_a-makebuf.o)
                0x08006160                __smakebuf_r
 .text._fstat_r
                0x080061d8       0x24 C:/ST/STM32CubeIDE_1.19.0/STM32CubeIDE/plugins/com.st.stm32cube.ide.mcu.externaltools.gnu-tools-for-stm32.13.3.rel1.win32_1.0.0.202411081344/tools/bin/../lib/gcc/arm-none-eabi/13.3.1/../../../../arm-none-eabi/lib/thumb/v7e-m+fp/hard\libc_nano.a(libc_a-fstatr.o)
                0x080061d8                _fstat_r
 .text._isatty_r
                0x080061fc       0x20 C:/ST/STM32CubeIDE_1.19.0/STM32CubeIDE/plugins/com.st.stm32cube.ide.mcu.externaltools.gnu-tools-for-stm32.13.3.rel1.win32_1.0.0.202411081344/tools/bin/../lib/gcc/arm-none-eabi/13.3.1/../../../../arm-none-eabi/lib/thumb/v7e-m+fp/hard\libc_nano.a(libc_a-isattyr.o)
                0x080061fc                _isatty_r
 *(.glue_7)
 .glue_7        0x0800621c        0x0 linker stubs
 *(.glue_7t)
 .glue_7t       0x0800621c        0x0 linker stubs
 *(.eh_frame)
 .eh_frame      0x0800621c        0x0 C:/ST/STM32CubeIDE_1.19.0/STM32CubeIDE/plugins/com.st.stm32cube.ide.mcu.externaltools.gnu-tools-for-stm32.13.3.rel1.win32_1.0.0.202411081344/tools/bin/../lib/gcc/arm-none-eabi/13.3.1/thumb/v7e-m+fp/hard/crtbegin.o
 *(.init)
 .init          0x0800621c        0x4 C:/ST/STM32CubeIDE_1.19.0/STM32CubeIDE/plugins/com.st.stm32cube.ide.mcu.externaltools.gnu-tools-for-stm32.13.3.rel1.win32_1.0.0.202411081344/tools/bin/../lib/gcc/arm-none-eabi/13.3.1/thumb/v7e-m+fp/hard/crti.o
                0x0800621c                _init
 .init          0x08006220        0x8 C:/ST/STM32CubeIDE_1.19.0/STM32CubeIDE/plugins/com.st.stm32cube.ide.mcu.externaltools.gnu-tools-for-stm32.13.3.rel1.win32_1.0.0.202411081344/tools/bin/../lib/gcc/arm-none-eabi/13.3.1/thumb/v7e-m+fp/hard/crtn.o
 *(.fini)
 .fini          0x08006228        0x4 C:/ST/STM32CubeIDE_1.19.0/STM32CubeIDE/plugins/com.st.stm32cube.ide.mcu.externaltools.gnu-tools-for-stm32.13.3.rel1.win32_1.0.0.202411081344/tools/bin/../lib/gcc/arm-none-eabi/13.3.1/thumb/v7e-m+fp/hard/crti.o
                0x08006228                _fini
 .fini          0x0800622c        0x8 C:/ST/STM32CubeIDE_1.19.0/STM32CubeIDE/plugins/com.st.stm32cube.ide.mcu.externaltools.gnu-tools-for-stm32.13.3.rel1.win32_1.0.0.202411081344/tools/bin/../lib/gcc/arm-none-eabi/13.3.1/thumb/v7e-m+fp/hard/crtn.o
                0x08006234                        . = ALIGN (0x4)
                0x08006234                        _etext = .

.vfp11_veneer   0x08006234        0x0
 .vfp11_veneer  0x08006234        0x0 linker stubs

.v4_bx          0x08006234        0x0
 .v4_bx         0x08006234        0x0 linker stubs

.iplt           0x08006234        0x0
 .iplt          0x08006234        0x0 C:/ST/STM32CubeIDE_1.19.0/STM32CubeIDE/plugins/com.st.stm32cube.ide.mcu.externaltools.gnu-tools-for-stm32.13.3.rel1.win32_1.0.0.202411081344/tools/bin/../lib/gcc/arm-none-eabi/13.3.1/thumb/v7e-m+fp/hard/crtbegin.o

.rodata         0x08006234    0x5d130
                0x08006234                        . = ALIGN (0x4)
 *(.rodata)
 .rodata        0x08006234       0x42 ./Core/Src/main.o
 *fill*         0x08006276        0x2 
 .rodata        0x08006278        0xa ./Drivers/GAME2/pingpong.o
 *fill*         0x08006282        0x2 
 .rodata        0x08006284       0x33 ./Drivers/TFT/ili9341.o
 *(.rodata*)
 *fill*         0x080062b7        0x1 
 .rodata.AHBPrescTable
                0x080062b8       0x10 ./Core/Src/system_stm32f4xx.o
                0x080062b8                AHBPrescTable
 .rodata.APBPrescTable
                0x080062c8        0x8 ./Core/Src/system_stm32f4xx.o
                0x080062c8                APBPrescTable
 .rodata.Font7x10
                0x080062d0      0x76c ./Drivers/TFT/fonts.o
 .rodata.Font16x26
                0x08006a3c     0x134c ./Drivers/TFT/fonts.o
 .rodata.head1  0x08007d88      0x320 ./Drivers/TFT/testimg.o
                0x08007d88                head1
 .rodata.head2  0x080080a8      0x320 ./Drivers/TFT/testimg.o
                0x080080a8                head2
 .rodata.head3  0x080083c8      0x320 ./Drivers/TFT/testimg.o
                0x080083c8                head3
 .rodata.head4  0x080086e8      0x320 ./Drivers/TFT/testimg.o
                0x080086e8                head4
 .rodata.body4  0x08008a08      0x320 ./Drivers/TFT/testimg.o
                0x08008a08                body4
 .rodata.body3  0x08008d28      0x320 ./Drivers/TFT/testimg.o
                0x08008d28                body3
 .rodata.body2  0x08009048      0x320 ./Drivers/TFT/testimg.o
                0x08009048                body2
 .rodata.body1  0x08009368      0x320 ./Drivers/TFT/testimg.o
                0x08009368                body1
 .rodata.snake_intro
                0x08009688    0x1c200 ./Drivers/TFT/testimg.o
                0x08009688                snake_intro
 .rodata.snake_outro
                0x08025888    0x1c200 ./Drivers/TFT/testimg.o
                0x08025888                snake_outro
 .rodata.intro  0x08041a88     0x2000 ./Drivers/TFT/testimg.o
                0x08041a88                intro
 .rodata.menu1_2
                0x08043a88     0x3200 ./Drivers/TFT/testimg.o
                0x08043a88                menu1_2
 .rodata.menu1_1
                0x08046c88     0x3200 ./Drivers/TFT/testimg.o
                0x08046c88                menu1_1
 .rodata.menu2_1
                0x08049e88     0x3200 ./Drivers/TFT/testimg.o
                0x08049e88                menu2_1
 .rodata.menu2_2
                0x0804d088     0x3200 ./Drivers/TFT/testimg.o
                0x0804d088                menu2_2
 .rodata.bg_final_top
                0x08050288     0x5780 ./Drivers/TFT/testimg.o
                0x08050288                bg_final_top
 .rodata.bg_final_bottom
                0x08055a08     0x5780 ./Drivers/TFT/testimg.o
                0x08055a08                bg_final_bottom
 .rodata.bg_final_left
                0x0805b188     0x3e6c ./Drivers/TFT/testimg.o
                0x0805b188                bg_final_left
 .rodata.bg_final_right
                0x0805eff4     0x3d18 ./Drivers/TFT/testimg.o
                0x0805eff4                bg_final_right
 .rodata.paddle
                0x08062d0c      0x4b0 ./Drivers/TFT/testimg.o
                0x08062d0c                paddle
 .rodata.ball   0x080631bc       0xc8 ./Drivers/TFT/testimg.o
                0x080631bc                ball
 .rodata.srand.str1.1
                0x08063284       0xde C:/ST/STM32CubeIDE_1.19.0/STM32CubeIDE/plugins/com.st.stm32cube.ide.mcu.externaltools.gnu-tools-for-stm32.13.3.rel1.win32_1.0.0.202411081344/tools/bin/../lib/gcc/arm-none-eabi/13.3.1/../../../../arm-none-eabi/lib/thumb/v7e-m+fp/hard\libc_nano.a(libc_a-rand.o)
                                 0x6f (size before relaxing)
 .rodata.__assert_func.str1.1
                0x08063362       0x3d C:/ST/STM32CubeIDE_1.19.0/STM32CubeIDE/plugins/com.st.stm32cube.ide.mcu.externaltools.gnu-tools-for-stm32.13.3.rel1.win32_1.0.0.202411081344/tools/bin/../lib/gcc/arm-none-eabi/13.3.1/../../../../arm-none-eabi/lib/thumb/v7e-m+fp/hard\libc_nano.a(libc_a-assert.o)
 .rodata._vfprintf_r.str1.1
                0x08063362       0x11 C:/ST/STM32CubeIDE_1.19.0/STM32CubeIDE/plugins/com.st.stm32cube.ide.mcu.externaltools.gnu-tools-for-stm32.13.3.rel1.win32_1.0.0.202411081344/tools/bin/../lib/gcc/arm-none-eabi/13.3.1/../../../../arm-none-eabi/lib/thumb/v7e-m+fp/hard\libc_nano.a(libc_a-nano-vfprintf.o)
 .rodata._printf_i.str1.1
                0x08063362       0x22 C:/ST/STM32CubeIDE_1.19.0/STM32CubeIDE/plugins/com.st.stm32cube.ide.mcu.externaltools.gnu-tools-for-stm32.13.3.rel1.win32_1.0.0.202411081344/tools/bin/../lib/gcc/arm-none-eabi/13.3.1/../../../../arm-none-eabi/lib/thumb/v7e-m+fp/hard\libc_nano.a(libc_a-nano-vfprintf_i.o)
                0x080633a0                        . = ALIGN (0x4)
 *fill*         0x08063362        0x2 

.ARM.extab      0x08063364        0x0
                0x08063364                        . = ALIGN (0x4)
 *(.ARM.extab* .gnu.linkonce.armextab.*)
                0x08063364                        . = ALIGN (0x4)

.ARM            0x08063364        0x8
                0x08063364                        . = ALIGN (0x4)
                0x08063364                        __exidx_start = .
 *(.ARM.exidx*)
 .ARM.exidx     0x08063364        0x8 C:/ST/STM32CubeIDE_1.19.0/STM32CubeIDE/plugins/com.st.stm32cube.ide.mcu.externaltools.gnu-tools-for-stm32.13.3.rel1.win32_1.0.0.202411081344/tools/bin/../lib/gcc/arm-none-eabi/13.3.1/../../../../arm-none-eabi/lib/thumb/v7e-m+fp/hard\libc_nano.a(libc_a-memchr.o)
 .ARM.exidx     0x0806336c        0x0 C:/ST/STM32CubeIDE_1.19.0/STM32CubeIDE/plugins/com.st.stm32cube.ide.mcu.externaltools.gnu-tools-for-stm32.13.3.rel1.win32_1.0.0.202411081344/tools/bin/../lib/gcc/arm-none-eabi/13.3.1/thumb/v7e-m+fp/hard\libgcc.a(_udivmoddi4.o)
                                  0x8 (size before relaxing)
                0x0806336c                        __exidx_end = .
                0x0806336c                        . = ALIGN (0x4)

.preinit_array  0x0806336c        0x0
                0x0806336c                        . = ALIGN (0x4)
                0x0806336c                        PROVIDE (__preinit_array_start = .)
 *(.preinit_array*)
                0x0806336c                        PROVIDE (__preinit_array_end = .)
                0x0806336c                        . = ALIGN (0x4)

.init_array     0x0806336c        0x4
                0x0806336c                        . = ALIGN (0x4)
                0x0806336c                        PROVIDE (__init_array_start = .)
 *(SORT_BY_NAME(.init_array.*))
 *(.init_array*)
 .init_array    0x0806336c        0x4 C:/ST/STM32CubeIDE_1.19.0/STM32CubeIDE/plugins/com.st.stm32cube.ide.mcu.externaltools.gnu-tools-for-stm32.13.3.rel1.win32_1.0.0.202411081344/tools/bin/../lib/gcc/arm-none-eabi/13.3.1/thumb/v7e-m+fp/hard/crtbegin.o
                0x08063370                        PROVIDE (__init_array_end = .)
                0x08063370                        . = ALIGN (0x4)

.fini_array     0x08063370        0x4
                0x08063370                        . = ALIGN (0x4)
                [!provide]                        PROVIDE (__fini_array_start = .)
 *(SORT_BY_NAME(.fini_array.*))
 *(.fini_array*)
 .fini_array    0x08063370        0x4 C:/ST/STM32CubeIDE_1.19.0/STM32CubeIDE/plugins/com.st.stm32cube.ide.mcu.externaltools.gnu-tools-for-stm32.13.3.rel1.win32_1.0.0.202411081344/tools/bin/../lib/gcc/arm-none-eabi/13.3.1/thumb/v7e-m+fp/hard/crtbegin.o
                [!provide]                        PROVIDE (__fini_array_end = .)
                0x08063374                        . = ALIGN (0x4)
                0x08063374                        _sidata = LOADADDR (.data)

.rel.dyn        0x08063374        0x0
 .rel.iplt      0x08063374        0x0 C:/ST/STM32CubeIDE_1.19.0/STM32CubeIDE/plugins/com.st.stm32cube.ide.mcu.externaltools.gnu-tools-for-stm32.13.3.rel1.win32_1.0.0.202411081344/tools/bin/../lib/gcc/arm-none-eabi/13.3.1/thumb/v7e-m+fp/hard/crtbegin.o

.data           0x20000000       0x84 load address 0x08063374
                0x20000000                        . = ALIGN (0x4)
                0x20000000                        _sdata = .
 *(.data)
 *(.data*)
 .data.snake_first_draw
                0x20000000        0x1 ./Core/Src/main.o
                0x20000000                snake_first_draw
 *fill*         0x20000001        0x3 
 .data.SystemCoreClock
                0x20000004        0x4 ./Core/Src/system_stm32f4xx.o
                0x20000004                SystemCoreClock
 .data.num_apple
                0x20000008        0x4 ./Drivers/GAME/snake.o
                0x20000008                num_apple
 .data.num_body
                0x2000000c        0x4 ./Drivers/GAME/snake.o
                0x2000000c                num_body
 .data.uwTickPrio
                0x20000010        0x4 ./Drivers/STM32F4xx_HAL_Driver/Src/stm32f4xx_hal.o
                0x20000010                uwTickPrio
 .data.uwTickFreq
                0x20000014        0x1 ./Drivers/STM32F4xx_HAL_Driver/Src/stm32f4xx_hal.o
                0x20000014                uwTickFreq
 *fill*         0x20000015        0x3 
 .data.Font_7x10
                0x20000018        0x8 ./Drivers/TFT/fonts.o
                0x20000018                Font_7x10
 .data.Font_16x26
                0x20000020        0x8 ./Drivers/TFT/fonts.o
                0x20000020                Font_16x26
 .data.__sglue  0x20000028        0xc C:/ST/STM32CubeIDE_1.19.0/STM32CubeIDE/plugins/com.st.stm32cube.ide.mcu.externaltools.gnu-tools-for-stm32.13.3.rel1.win32_1.0.0.202411081344/tools/bin/../lib/gcc/arm-none-eabi/13.3.1/../../../../arm-none-eabi/lib/thumb/v7e-m+fp/hard\libc_nano.a(libc_a-findfp.o)
                0x20000028                __sglue
 .data._impure_ptr
                0x20000034        0x4 C:/ST/STM32CubeIDE_1.19.0/STM32CubeIDE/plugins/com.st.stm32cube.ide.mcu.externaltools.gnu-tools-for-stm32.13.3.rel1.win32_1.0.0.202411081344/tools/bin/../lib/gcc/arm-none-eabi/13.3.1/../../../../arm-none-eabi/lib/thumb/v7e-m+fp/hard\libc_nano.a(libc_a-impure.o)
                0x20000034                _impure_ptr
 .data._impure_data
                0x20000038       0x4c C:/ST/STM32CubeIDE_1.19.0/STM32CubeIDE/plugins/com.st.stm32cube.ide.mcu.externaltools.gnu-tools-for-stm32.13.3.rel1.win32_1.0.0.202411081344/tools/bin/../lib/gcc/arm-none-eabi/13.3.1/../../../../arm-none-eabi/lib/thumb/v7e-m+fp/hard\libc_nano.a(libc_a-impure.o)
                0x20000038                _impure_data
 *(.RamFunc)
 *(.RamFunc*)
                0x20000084                        . = ALIGN (0x4)
                0x20000084                        _edata = .

.igot.plt       0x20000084        0x0 load address 0x080633f8
 .igot.plt      0x20000084        0x0 C:/ST/STM32CubeIDE_1.19.0/STM32CubeIDE/plugins/com.st.stm32cube.ide.mcu.externaltools.gnu-tools-for-stm32.13.3.rel1.win32_1.0.0.202411081344/tools/bin/../lib/gcc/arm-none-eabi/13.3.1/thumb/v7e-m+fp/hard/crtbegin.o
                0x20000084                        . = ALIGN (0x4)

.bss            0x20000084      0x5c8 load address 0x080633f8
                0x20000084                        _sbss = .
                0x20000084                        __bss_start__ = _sbss
 *(.bss)
 .bss           0x20000084       0x1c C:/ST/STM32CubeIDE_1.19.0/STM32CubeIDE/plugins/com.st.stm32cube.ide.mcu.externaltools.gnu-tools-for-stm32.13.3.rel1.win32_1.0.0.202411081344/tools/bin/../lib/gcc/arm-none-eabi/13.3.1/thumb/v7e-m+fp/hard/crtbegin.o
 *(.bss*)
 .bss.hadc1     0x200000a0       0x48 ./Core/Src/main.o
                0x200000a0                hadc1
 .bss.hi2c1     0x200000e8       0x54 ./Core/Src/main.o
                0x200000e8                hi2c1
 .bss.hspi1     0x2000013c       0x58 ./Core/Src/main.o
                0x2000013c                hspi1
 .bss.currentState
                0x20000194        0x4 ./Core/Src/main.o
                0x20000194                currentState
 .bss.menuSelection
                0x20000198        0x4 ./Core/Src/main.o
                0x20000198                menuSelection
 .bss.isMpuControl
                0x2000019c        0x1 ./Core/Src/main.o
                0x2000019c                isMpuControl
 *fill*         0x2000019d        0x3 
 .bss.mpu_x     0x200001a0        0x4 ./Core/Src/main.o
                0x200001a0                mpu_x
 .bss.mpu_y     0x200001a4        0x4 ./Core/Src/main.o
                0x200001a4                mpu_y
 .bss.mpu_z     0x200001a8        0x4 ./Core/Src/main.o
                0x200001a8                mpu_z
 .bss.__sbrk_heap_end
                0x200001ac        0x4 ./Core/Src/sysmem.o
 .bss.snake     0x200001b0      0x320 ./Drivers/GAME/snake.o
                0x200001b0                snake
 .bss.snakelen  0x200004d0        0x4 ./Drivers/GAME/snake.o
                0x200004d0                snakelen
 .bss.current_dir
                0x200004d4        0x4 ./Drivers/GAME/snake.o
                0x200004d4                current_dir
 .bss.apple_x   0x200004d8        0x4 ./Drivers/GAME/snake.o
                0x200004d8                apple_x
 .bss.apple_y   0x200004dc        0x4 ./Drivers/GAME/snake.o
                0x200004dc                apple_y
 .bss.isover    0x200004e0        0x1 ./Drivers/GAME/snake.o
                0x200004e0                isover
 *fill*         0x200004e1        0x1 
 .bss.playerPaddleY
                0x200004e2        0x2 ./Drivers/GAME2/pingpong.o
 .bss.aiPaddleY
                0x200004e4        0x2 ./Drivers/GAME2/pingpong.o
 .bss.ballX     0x200004e6        0x2 ./Drivers/GAME2/pingpong.o
 .bss.ballY     0x200004e8        0x2 ./Drivers/GAME2/pingpong.o
 .bss.prevPlayerPaddleY
                0x200004ea        0x2 ./Drivers/GAME2/pingpong.o
 .bss.prevAiPaddleY
                0x200004ec        0x2 ./Drivers/GAME2/pingpong.o
 .bss.prevBallX
                0x200004ee        0x2 ./Drivers/GAME2/pingpong.o
 .bss.prevBallY
                0x200004f0        0x2 ./Drivers/GAME2/pingpong.o
 .bss.ballDX    0x200004f2        0x1 ./Drivers/GAME2/pingpong.o
 .bss.ballDY    0x200004f3        0x1 ./Drivers/GAME2/pingpong.o
 .bss.playerLosses
                0x200004f4        0x4 ./Drivers/GAME2/pingpong.o
 .bss.gameOver  0x200004f8        0x1 ./Drivers/GAME2/pingpong.o
 *fill*         0x200004f9        0x3 
 .bss.uwTick    0x200004fc        0x4 ./Drivers/STM32F4xx_HAL_Driver/Src/stm32f4xx_hal.o
                0x200004fc                uwTick
 .bss.__sf      0x20000500      0x138 C:/ST/STM32CubeIDE_1.19.0/STM32CubeIDE/plugins/com.st.stm32cube.ide.mcu.externaltools.gnu-tools-for-stm32.13.3.rel1.win32_1.0.0.202411081344/tools/bin/../lib/gcc/arm-none-eabi/13.3.1/../../../../arm-none-eabi/lib/thumb/v7e-m+fp/hard\libc_nano.a(libc_a-findfp.o)
                0x20000500                __sf
 .bss.__stdio_exit_handler
                0x20000638        0x4 C:/ST/STM32CubeIDE_1.19.0/STM32CubeIDE/plugins/com.st.stm32cube.ide.mcu.externaltools.gnu-tools-for-stm32.13.3.rel1.win32_1.0.0.202411081344/tools/bin/../lib/gcc/arm-none-eabi/13.3.1/../../../../arm-none-eabi/lib/thumb/v7e-m+fp/hard\libc_nano.a(libc_a-findfp.o)
                0x20000638                __stdio_exit_handler
 .bss.errno     0x2000063c        0x4 C:/ST/STM32CubeIDE_1.19.0/STM32CubeIDE/plugins/com.st.stm32cube.ide.mcu.externaltools.gnu-tools-for-stm32.13.3.rel1.win32_1.0.0.202411081344/tools/bin/../lib/gcc/arm-none-eabi/13.3.1/../../../../arm-none-eabi/lib/thumb/v7e-m+fp/hard\libc_nano.a(libc_a-reent.o)
                0x2000063c                errno
 .bss.__lock___malloc_recursive_mutex
                0x20000640        0x1 C:/ST/STM32CubeIDE_1.19.0/STM32CubeIDE/plugins/com.st.stm32cube.ide.mcu.externaltools.gnu-tools-for-stm32.13.3.rel1.win32_1.0.0.202411081344/tools/bin/../lib/gcc/arm-none-eabi/13.3.1/../../../../arm-none-eabi/lib/thumb/v7e-m+fp/hard\libc_nano.a(libc_a-lock.o)
                0x20000640                __lock___malloc_recursive_mutex
 .bss.__lock___sfp_recursive_mutex
                0x20000641        0x1 C:/ST/STM32CubeIDE_1.19.0/STM32CubeIDE/plugins/com.st.stm32cube.ide.mcu.externaltools.gnu-tools-for-stm32.13.3.rel1.win32_1.0.0.202411081344/tools/bin/../lib/gcc/arm-none-eabi/13.3.1/../../../../arm-none-eabi/lib/thumb/v7e-m+fp/hard\libc_nano.a(libc_a-lock.o)
                0x20000641                __lock___sfp_recursive_mutex
 *fill*         0x20000642        0x2 
 .bss.__malloc_sbrk_start
                0x20000644        0x4 C:/ST/STM32CubeIDE_1.19.0/STM32CubeIDE/plugins/com.st.stm32cube.ide.mcu.externaltools.gnu-tools-for-stm32.13.3.rel1.win32_1.0.0.202411081344/tools/bin/../lib/gcc/arm-none-eabi/13.3.1/../../../../arm-none-eabi/lib/thumb/v7e-m+fp/hard\libc_nano.a(libc_a-mallocr.o)
                0x20000644                __malloc_sbrk_start
 .bss.__malloc_free_list
                0x20000648        0x4 C:/ST/STM32CubeIDE_1.19.0/STM32CubeIDE/plugins/com.st.stm32cube.ide.mcu.externaltools.gnu-tools-for-stm32.13.3.rel1.win32_1.0.0.202411081344/tools/bin/../lib/gcc/arm-none-eabi/13.3.1/../../../../arm-none-eabi/lib/thumb/v7e-m+fp/hard\libc_nano.a(libc_a-mallocr.o)
                0x20000648                __malloc_free_list
 *(COMMON)
                0x2000064c                        . = ALIGN (0x4)
                0x2000064c                        _ebss = .
                0x2000064c                        __bss_end__ = _ebss

._user_heap_stack
                0x2000064c      0x604 load address 0x080633f8
                0x20000650                        . = ALIGN (0x8)
 *fill*         0x2000064c        0x4 
                [!provide]                        PROVIDE (end = .)
                0x20000650                        PROVIDE (_end = .)
                0x20000850                        . = (. + _Min_Heap_Size)
 *fill*         0x20000650      0x200 
                0x20000c50                        . = (. + _Min_Stack_Size)
 *fill*         0x20000850      0x400 
                0x20000c50                        . = ALIGN (0x8)

/DISCARD/
 libc.a(*)
 libm.a(*)
 libgcc.a(*)

.ARM.attributes
                0x00000000       0x30
 *(.ARM.attributes)
 .ARM.attributes
                0x00000000       0x22 C:/ST/STM32CubeIDE_1.19.0/STM32CubeIDE/plugins/com.st.stm32cube.ide.mcu.externaltools.gnu-tools-for-stm32.13.3.rel1.win32_1.0.0.202411081344/tools/bin/../lib/gcc/arm-none-eabi/13.3.1/thumb/v7e-m+fp/hard/crti.o
 .ARM.attributes
                0x00000022       0x34 C:/ST/STM32CubeIDE_1.19.0/STM32CubeIDE/plugins/com.st.stm32cube.ide.mcu.externaltools.gnu-tools-for-stm32.13.3.rel1.win32_1.0.0.202411081344/tools/bin/../lib/gcc/arm-none-eabi/13.3.1/thumb/v7e-m+fp/hard/crtbegin.o
 .ARM.attributes
                0x00000056       0x34 ./Core/Src/main.o
 .ARM.attributes
                0x0000008a       0x34 ./Core/Src/stm32f4xx_hal_msp.o
 .ARM.attributes
                0x000000be       0x34 ./Core/Src/stm32f4xx_it.o
 .ARM.attributes
                0x000000f2       0x34 ./Core/Src/syscalls.o
 .ARM.attributes
                0x00000126       0x34 ./Core/Src/sysmem.o
 .ARM.attributes
                0x0000015a       0x34 ./Core/Src/system_stm32f4xx.o
 .ARM.attributes
                0x0000018e       0x21 ./Core/Startup/startup_stm32f401retx.o
 .ARM.attributes
                0x000001af       0x34 ./Drivers/GAME/snake.o
 .ARM.attributes
                0x000001e3       0x34 ./Drivers/GAME2/pingpong.o
 .ARM.attributes
                0x00000217       0x34 ./Drivers/MPU6050/mpu6050.o
 .ARM.attributes
                0x0000024b       0x34 ./Drivers/STM32F4xx_HAL_Driver/Src/stm32f4xx_hal.o
 .ARM.attributes
                0x0000027f       0x34 ./Drivers/STM32F4xx_HAL_Driver/Src/stm32f4xx_hal_adc.o
 .ARM.attributes
                0x000002b3       0x34 ./Drivers/STM32F4xx_HAL_Driver/Src/stm32f4xx_hal_cortex.o
 .ARM.attributes
                0x000002e7       0x34 ./Drivers/STM32F4xx_HAL_Driver/Src/stm32f4xx_hal_gpio.o
 .ARM.attributes
                0x0000031b       0x34 ./Drivers/STM32F4xx_HAL_Driver/Src/stm32f4xx_hal_i2c.o
 .ARM.attributes
                0x0000034f       0x34 ./Drivers/STM32F4xx_HAL_Driver/Src/stm32f4xx_hal_rcc.o
 .ARM.attributes
                0x00000383       0x34 ./Drivers/STM32F4xx_HAL_Driver/Src/stm32f4xx_hal_spi.o
 .ARM.attributes
                0x000003b7       0x34 ./Drivers/TFT/fonts.o
 .ARM.attributes
                0x000003eb       0x34 ./Drivers/TFT/ili9341.o
 .ARM.attributes
                0x0000041f       0x34 ./Drivers/TFT/testimg.o
 .ARM.attributes
                0x00000453       0x34 C:/ST/STM32CubeIDE_1.19.0/STM32CubeIDE/plugins/com.st.stm32cube.ide.mcu.externaltools.gnu-tools-for-stm32.13.3.rel1.win32_1.0.0.202411081344/tools/bin/../lib/gcc/arm-none-eabi/13.3.1/../../../../arm-none-eabi/lib/thumb/v7e-m+fp/hard\libc_nano.a(libc_a-rand.o)
 .ARM.attributes
                0x00000487       0x34 C:/ST/STM32CubeIDE_1.19.0/STM32CubeIDE/plugins/com.st.stm32cube.ide.mcu.externaltools.gnu-tools-for-stm32.13.3.rel1.win32_1.0.0.202411081344/tools/bin/../lib/gcc/arm-none-eabi/13.3.1/../../../../arm-none-eabi/lib/thumb/v7e-m+fp/hard\libc_nano.a(libc_a-findfp.o)
 .ARM.attributes
                0x000004bb       0x34 C:/ST/STM32CubeIDE_1.19.0/STM32CubeIDE/plugins/com.st.stm32cube.ide.mcu.externaltools.gnu-tools-for-stm32.13.3.rel1.win32_1.0.0.202411081344/tools/bin/../lib/gcc/arm-none-eabi/13.3.1/../../../../arm-none-eabi/lib/thumb/v7e-m+fp/hard\libc_nano.a(libc_a-fwalk.o)
 .ARM.attributes
                0x000004ef       0x34 C:/ST/STM32CubeIDE_1.19.0/STM32CubeIDE/plugins/com.st.stm32cube.ide.mcu.externaltools.gnu-tools-for-stm32.13.3.rel1.win32_1.0.0.202411081344/tools/bin/../lib/gcc/arm-none-eabi/13.3.1/../../../../arm-none-eabi/lib/thumb/v7e-m+fp/hard\libc_nano.a(libc_a-stdio.o)
 .ARM.attributes
                0x00000523       0x34 C:/ST/STM32CubeIDE_1.19.0/STM32CubeIDE/plugins/com.st.stm32cube.ide.mcu.externaltools.gnu-tools-for-stm32.13.3.rel1.win32_1.0.0.202411081344/tools/bin/../lib/gcc/arm-none-eabi/13.3.1/../../../../arm-none-eabi/lib/thumb/v7e-m+fp/hard\libc_nano.a(libc_a-memset.o)
 .ARM.attributes
                0x00000557       0x34 C:/ST/STM32CubeIDE_1.19.0/STM32CubeIDE/plugins/com.st.stm32cube.ide.mcu.externaltools.gnu-tools-for-stm32.13.3.rel1.win32_1.0.0.202411081344/tools/bin/../lib/gcc/arm-none-eabi/13.3.1/../../../../arm-none-eabi/lib/thumb/v7e-m+fp/hard\libc_nano.a(libc_a-closer.o)
 .ARM.attributes
                0x0000058b       0x34 C:/ST/STM32CubeIDE_1.19.0/STM32CubeIDE/plugins/com.st.stm32cube.ide.mcu.externaltools.gnu-tools-for-stm32.13.3.rel1.win32_1.0.0.202411081344/tools/bin/../lib/gcc/arm-none-eabi/13.3.1/../../../../arm-none-eabi/lib/thumb/v7e-m+fp/hard\libc_nano.a(libc_a-reent.o)
 .ARM.attributes
                0x000005bf       0x34 C:/ST/STM32CubeIDE_1.19.0/STM32CubeIDE/plugins/com.st.stm32cube.ide.mcu.externaltools.gnu-tools-for-stm32.13.3.rel1.win32_1.0.0.202411081344/tools/bin/../lib/gcc/arm-none-eabi/13.3.1/../../../../arm-none-eabi/lib/thumb/v7e-m+fp/hard\libc_nano.a(libc_a-impure.o)
 .ARM.attributes
                0x000005f3       0x34 C:/ST/STM32CubeIDE_1.19.0/STM32CubeIDE/plugins/com.st.stm32cube.ide.mcu.externaltools.gnu-tools-for-stm32.13.3.rel1.win32_1.0.0.202411081344/tools/bin/../lib/gcc/arm-none-eabi/13.3.1/../../../../arm-none-eabi/lib/thumb/v7e-m+fp/hard\libc_nano.a(libc_a-lseekr.o)
 .ARM.attributes
                0x00000627       0x34 C:/ST/STM32CubeIDE_1.19.0/STM32CubeIDE/plugins/com.st.stm32cube.ide.mcu.externaltools.gnu-tools-for-stm32.13.3.rel1.win32_1.0.0.202411081344/tools/bin/../lib/gcc/arm-none-eabi/13.3.1/../../../../arm-none-eabi/lib/thumb/v7e-m+fp/hard\libc_nano.a(libc_a-readr.o)
 .ARM.attributes
                0x0000065b       0x34 C:/ST/STM32CubeIDE_1.19.0/STM32CubeIDE/plugins/com.st.stm32cube.ide.mcu.externaltools.gnu-tools-for-stm32.13.3.rel1.win32_1.0.0.202411081344/tools/bin/../lib/gcc/arm-none-eabi/13.3.1/../../../../arm-none-eabi/lib/thumb/v7e-m+fp/hard\libc_nano.a(libc_a-writer.o)
 .ARM.attributes
                0x0000068f       0x34 C:/ST/STM32CubeIDE_1.19.0/STM32CubeIDE/plugins/com.st.stm32cube.ide.mcu.externaltools.gnu-tools-for-stm32.13.3.rel1.win32_1.0.0.202411081344/tools/bin/../lib/gcc/arm-none-eabi/13.3.1/../../../../arm-none-eabi/lib/thumb/v7e-m+fp/hard\libc_nano.a(libc_a-errno.o)
 .ARM.attributes
                0x000006c3       0x34 C:/ST/STM32CubeIDE_1.19.0/STM32CubeIDE/plugins/com.st.stm32cube.ide.mcu.externaltools.gnu-tools-for-stm32.13.3.rel1.win32_1.0.0.202411081344/tools/bin/../lib/gcc/arm-none-eabi/13.3.1/../../../../arm-none-eabi/lib/thumb/v7e-m+fp/hard\libc_nano.a(libc_a-init.o)
 .ARM.attributes
                0x000006f7       0x34 C:/ST/STM32CubeIDE_1.19.0/STM32CubeIDE/plugins/com.st.stm32cube.ide.mcu.externaltools.gnu-tools-for-stm32.13.3.rel1.win32_1.0.0.202411081344/tools/bin/../lib/gcc/arm-none-eabi/13.3.1/../../../../arm-none-eabi/lib/thumb/v7e-m+fp/hard\libc_nano.a(libc_a-lock.o)
 .ARM.attributes
                0x0000072b       0x34 C:/ST/STM32CubeIDE_1.19.0/STM32CubeIDE/plugins/com.st.stm32cube.ide.mcu.externaltools.gnu-tools-for-stm32.13.3.rel1.win32_1.0.0.202411081344/tools/bin/../lib/gcc/arm-none-eabi/13.3.1/../../../../arm-none-eabi/lib/thumb/v7e-m+fp/hard\libc_nano.a(libc_a-assert.o)
 .ARM.attributes
                0x0000075f       0x34 C:/ST/STM32CubeIDE_1.19.0/STM32CubeIDE/plugins/com.st.stm32cube.ide.mcu.externaltools.gnu-tools-for-stm32.13.3.rel1.win32_1.0.0.202411081344/tools/bin/../lib/gcc/arm-none-eabi/13.3.1/../../../../arm-none-eabi/lib/thumb/v7e-m+fp/hard\libc_nano.a(libc_a-freer.o)
 .ARM.attributes
                0x00000793       0x34 C:/ST/STM32CubeIDE_1.19.0/STM32CubeIDE/plugins/com.st.stm32cube.ide.mcu.externaltools.gnu-tools-for-stm32.13.3.rel1.win32_1.0.0.202411081344/tools/bin/../lib/gcc/arm-none-eabi/13.3.1/../../../../arm-none-eabi/lib/thumb/v7e-m+fp/hard\libc_nano.a(libc_a-malloc.o)
 .ARM.attributes
                0x000007c7       0x34 C:/ST/STM32CubeIDE_1.19.0/STM32CubeIDE/plugins/com.st.stm32cube.ide.mcu.externaltools.gnu-tools-for-stm32.13.3.rel1.win32_1.0.0.202411081344/tools/bin/../lib/gcc/arm-none-eabi/13.3.1/../../../../arm-none-eabi/lib/thumb/v7e-m+fp/hard\libc_nano.a(libc_a-mallocr.o)
 .ARM.attributes
                0x000007fb       0x34 C:/ST/STM32CubeIDE_1.19.0/STM32CubeIDE/plugins/com.st.stm32cube.ide.mcu.externaltools.gnu-tools-for-stm32.13.3.rel1.win32_1.0.0.202411081344/tools/bin/../lib/gcc/arm-none-eabi/13.3.1/../../../../arm-none-eabi/lib/thumb/v7e-m+fp/hard\libc_nano.a(libc_a-mlock.o)
 .ARM.attributes
                0x0000082f       0x34 C:/ST/STM32CubeIDE_1.19.0/STM32CubeIDE/plugins/com.st.stm32cube.ide.mcu.externaltools.gnu-tools-for-stm32.13.3.rel1.win32_1.0.0.202411081344/tools/bin/../lib/gcc/arm-none-eabi/13.3.1/../../../../arm-none-eabi/lib/thumb/v7e-m+fp/hard\libc_nano.a(libc_a-fflush.o)
 .ARM.attributes
                0x00000863       0x34 C:/ST/STM32CubeIDE_1.19.0/STM32CubeIDE/plugins/com.st.stm32cube.ide.mcu.externaltools.gnu-tools-for-stm32.13.3.rel1.win32_1.0.0.202411081344/tools/bin/../lib/gcc/arm-none-eabi/13.3.1/../../../../arm-none-eabi/lib/thumb/v7e-m+fp/hard\libc_nano.a(libc_a-fprintf.o)
 .ARM.attributes
                0x00000897       0x34 C:/ST/STM32CubeIDE_1.19.0/STM32CubeIDE/plugins/com.st.stm32cube.ide.mcu.externaltools.gnu-tools-for-stm32.13.3.rel1.win32_1.0.0.202411081344/tools/bin/../lib/gcc/arm-none-eabi/13.3.1/../../../../arm-none-eabi/lib/thumb/v7e-m+fp/hard\libc_nano.a(libc_a-sbrkr.o)
 .ARM.attributes
                0x000008cb       0x34 C:/ST/STM32CubeIDE_1.19.0/STM32CubeIDE/plugins/com.st.stm32cube.ide.mcu.externaltools.gnu-tools-for-stm32.13.3.rel1.win32_1.0.0.202411081344/tools/bin/../lib/gcc/arm-none-eabi/13.3.1/../../../../arm-none-eabi/lib/thumb/v7e-m+fp/hard\libc_nano.a(libc_a-abort.o)
 .ARM.attributes
                0x000008ff       0x34 C:/ST/STM32CubeIDE_1.19.0/STM32CubeIDE/plugins/com.st.stm32cube.ide.mcu.externaltools.gnu-tools-for-stm32.13.3.rel1.win32_1.0.0.202411081344/tools/bin/../lib/gcc/arm-none-eabi/13.3.1/../../../../arm-none-eabi/lib/thumb/v7e-m+fp/hard\libc_nano.a(libc_a-nano-vfprintf.o)
 .ARM.attributes
                0x00000933       0x34 C:/ST/STM32CubeIDE_1.19.0/STM32CubeIDE/plugins/com.st.stm32cube.ide.mcu.externaltools.gnu-tools-for-stm32.13.3.rel1.win32_1.0.0.202411081344/tools/bin/../lib/gcc/arm-none-eabi/13.3.1/../../../../arm-none-eabi/lib/thumb/v7e-m+fp/hard\libc_nano.a(libc_a-nano-vfprintf_i.o)
 .ARM.attributes
                0x00000967       0x34 C:/ST/STM32CubeIDE_1.19.0/STM32CubeIDE/plugins/com.st.stm32cube.ide.mcu.externaltools.gnu-tools-for-stm32.13.3.rel1.win32_1.0.0.202411081344/tools/bin/../lib/gcc/arm-none-eabi/13.3.1/../../../../arm-none-eabi/lib/thumb/v7e-m+fp/hard\libc_nano.a(libc_a-wbuf.o)
 .ARM.attributes
                0x0000099b       0x34 C:/ST/STM32CubeIDE_1.19.0/STM32CubeIDE/plugins/com.st.stm32cube.ide.mcu.externaltools.gnu-tools-for-stm32.13.3.rel1.win32_1.0.0.202411081344/tools/bin/../lib/gcc/arm-none-eabi/13.3.1/../../../../arm-none-eabi/lib/thumb/v7e-m+fp/hard\libc_nano.a(libc_a-wsetup.o)
 .ARM.attributes
                0x000009cf       0x34 C:/ST/STM32CubeIDE_1.19.0/STM32CubeIDE/plugins/com.st.stm32cube.ide.mcu.externaltools.gnu-tools-for-stm32.13.3.rel1.win32_1.0.0.202411081344/tools/bin/../lib/gcc/arm-none-eabi/13.3.1/../../../../arm-none-eabi/lib/thumb/v7e-m+fp/hard\libc_nano.a(libc_a-signal.o)
 .ARM.attributes
                0x00000a03       0x34 C:/ST/STM32CubeIDE_1.19.0/STM32CubeIDE/plugins/com.st.stm32cube.ide.mcu.externaltools.gnu-tools-for-stm32.13.3.rel1.win32_1.0.0.202411081344/tools/bin/../lib/gcc/arm-none-eabi/13.3.1/../../../../arm-none-eabi/lib/thumb/v7e-m+fp/hard\libc_nano.a(libc_a-signalr.o)
 .ARM.attributes
                0x00000a37       0x1c C:/ST/STM32CubeIDE_1.19.0/STM32CubeIDE/plugins/com.st.stm32cube.ide.mcu.externaltools.gnu-tools-for-stm32.13.3.rel1.win32_1.0.0.202411081344/tools/bin/../lib/gcc/arm-none-eabi/13.3.1/../../../../arm-none-eabi/lib/thumb/v7e-m+fp/hard\libc_nano.a(libc_a-memchr.o)
 .ARM.attributes
                0x00000a53       0x34 C:/ST/STM32CubeIDE_1.19.0/STM32CubeIDE/plugins/com.st.stm32cube.ide.mcu.externaltools.gnu-tools-for-stm32.13.3.rel1.win32_1.0.0.202411081344/tools/bin/../lib/gcc/arm-none-eabi/13.3.1/../../../../arm-none-eabi/lib/thumb/v7e-m+fp/hard\libc_nano.a(libc_a-makebuf.o)
 .ARM.attributes
                0x00000a87       0x34 C:/ST/STM32CubeIDE_1.19.0/STM32CubeIDE/plugins/com.st.stm32cube.ide.mcu.externaltools.gnu-tools-for-stm32.13.3.rel1.win32_1.0.0.202411081344/tools/bin/../lib/gcc/arm-none-eabi/13.3.1/../../../../arm-none-eabi/lib/thumb/v7e-m+fp/hard\libc_nano.a(libc_a-fstatr.o)
 .ARM.attributes
                0x00000abb       0x34 C:/ST/STM32CubeIDE_1.19.0/STM32CubeIDE/plugins/com.st.stm32cube.ide.mcu.externaltools.gnu-tools-for-stm32.13.3.rel1.win32_1.0.0.202411081344/tools/bin/../lib/gcc/arm-none-eabi/13.3.1/../../../../arm-none-eabi/lib/thumb/v7e-m+fp/hard\libc_nano.a(libc_a-isattyr.o)
 .ARM.attributes
                0x00000aef       0x22 C:/ST/STM32CubeIDE_1.19.0/STM32CubeIDE/plugins/com.st.stm32cube.ide.mcu.externaltools.gnu-tools-for-stm32.13.3.rel1.win32_1.0.0.202411081344/tools/bin/../lib/gcc/arm-none-eabi/13.3.1/thumb/v7e-m+fp/hard\libgcc.a(_aeabi_uldivmod.o)
 .ARM.attributes
                0x00000b11       0x34 C:/ST/STM32CubeIDE_1.19.0/STM32CubeIDE/plugins/com.st.stm32cube.ide.mcu.externaltools.gnu-tools-for-stm32.13.3.rel1.win32_1.0.0.202411081344/tools/bin/../lib/gcc/arm-none-eabi/13.3.1/thumb/v7e-m+fp/hard\libgcc.a(_udivmoddi4.o)
 .ARM.attributes
                0x00000b45       0x22 C:/ST/STM32CubeIDE_1.19.0/STM32CubeIDE/plugins/com.st.stm32cube.ide.mcu.externaltools.gnu-tools-for-stm32.13.3.rel1.win32_1.0.0.202411081344/tools/bin/../lib/gcc/arm-none-eabi/13.3.1/thumb/v7e-m+fp/hard\libgcc.a(_dvmd_tls.o)
 .ARM.attributes
                0x00000b67       0x22 C:/ST/STM32CubeIDE_1.19.0/STM32CubeIDE/plugins/com.st.stm32cube.ide.mcu.externaltools.gnu-tools-for-stm32.13.3.rel1.win32_1.0.0.202411081344/tools/bin/../lib/gcc/arm-none-eabi/13.3.1/thumb/v7e-m+fp/hard/crtn.o
OUTPUT(Handheld-Nucleo.elf elf32-littlearm)
LOAD linker stubs
LOAD C:/ST/STM32CubeIDE_1.19.0/STM32CubeIDE/plugins/com.st.stm32cube.ide.mcu.externaltools.gnu-tools-for-stm32.13.3.rel1.win32_1.0.0.202411081344/tools/bin/../lib/gcc/arm-none-eabi/13.3.1/../../../../arm-none-eabi/lib/thumb/v7e-m+fp/hard\libc.a
LOAD C:/ST/STM32CubeIDE_1.19.0/STM32CubeIDE/plugins/com.st.stm32cube.ide.mcu.externaltools.gnu-tools-for-stm32.13.3.rel1.win32_1.0.0.202411081344/tools/bin/../lib/gcc/arm-none-eabi/13.3.1/../../../../arm-none-eabi/lib/thumb/v7e-m+fp/hard\libm.a
LOAD C:/ST/STM32CubeIDE_1.19.0/STM32CubeIDE/plugins/com.st.stm32cube.ide.mcu.externaltools.gnu-tools-for-stm32.13.3.rel1.win32_1.0.0.202411081344/tools/bin/../lib/gcc/arm-none-eabi/13.3.1/thumb/v7e-m+fp/hard\libgcc.a

.debug_info     0x00000000     0xc342
 .debug_info    0x00000000     0x173b ./Core/Src/main.o
 .debug_info    0x0000173b      0xf7b ./Core/Src/stm32f4xx_hal_msp.o
 .debug_info    0x000026b6      0x112 ./Core/Src/stm32f4xx_it.o
 .debug_info    0x000027c8      0x6a3 ./Core/Src/syscalls.o
 .debug_info    0x00002e6b      0x168 ./Core/Src/sysmem.o
 .debug_info    0x00002fd3      0x53e ./Core/Src/system_stm32f4xx.o
 .debug_info    0x00003511       0x30 ./Core/Startup/startup_stm32f401retx.o
 .debug_info    0x00003541      0x3a7 ./Drivers/GAME/snake.o
 .debug_info    0x000038e8      0x3a0 ./Drivers/GAME2/pingpong.o
 .debug_info    0x00003c88      0x823 ./Drivers/MPU6050/mpu6050.o
 .debug_info    0x000044ab      0x8bb ./Drivers/STM32F4xx_HAL_Driver/Src/stm32f4xx_hal.o
 .debug_info    0x00004d66      0xce0 ./Drivers/STM32F4xx_HAL_Driver/Src/stm32f4xx_hal_adc.o
 .debug_info    0x00005a46      0xcf6 ./Drivers/STM32F4xx_HAL_Driver/Src/stm32f4xx_hal_cortex.o
 .debug_info    0x0000673c      0x6f9 ./Drivers/STM32F4xx_HAL_Driver/Src/stm32f4xx_hal_gpio.o
 .debug_info    0x00006e35     0x2426 ./Drivers/STM32F4xx_HAL_Driver/Src/stm32f4xx_hal_i2c.o
 .debug_info    0x0000925b      0x905 ./Drivers/STM32F4xx_HAL_Driver/Src/stm32f4xx_hal_rcc.o
 .debug_info    0x00009b60     0x1530 ./Drivers/STM32F4xx_HAL_Driver/Src/stm32f4xx_hal_spi.o
 .debug_info    0x0000b090      0x19a ./Drivers/TFT/fonts.o
 .debug_info    0x0000b22a      0xd7c ./Drivers/TFT/ili9341.o
 .debug_info    0x0000bfa6      0x39c ./Drivers/TFT/testimg.o

.debug_abbrev   0x00000000     0x2318
 .debug_abbrev  0x00000000      0x36a ./Core/Src/main.o
 .debug_abbrev  0x0000036a      0x1d8 ./Core/Src/stm32f4xx_hal_msp.o
 .debug_abbrev  0x00000542       0x73 ./Core/Src/stm32f4xx_it.o
 .debug_abbrev  0x000005b5      0x1b6 ./Core/Src/syscalls.o
 .debug_abbrev  0x0000076b       0xbc ./Core/Src/sysmem.o
 .debug_abbrev  0x00000827      0x11a ./Core/Src/system_stm32f4xx.o
 .debug_abbrev  0x00000941       0x24 ./Core/Startup/startup_stm32f401retx.o
 .debug_abbrev  0x00000965      0x194 ./Drivers/GAME/snake.o
 .debug_abbrev  0x00000af9      0x15e ./Drivers/GAME2/pingpong.o
 .debug_abbrev  0x00000c57      0x1b4 ./Drivers/MPU6050/mpu6050.o
 .debug_abbrev  0x00000e0b      0x24b ./Drivers/STM32F4xx_HAL_Driver/Src/stm32f4xx_hal.o
 .debug_abbrev  0x00001056      0x20e ./Drivers/STM32F4xx_HAL_Driver/Src/stm32f4xx_hal_adc.o
 .debug_abbrev  0x00001264      0x31d ./Drivers/STM32F4xx_HAL_Driver/Src/stm32f4xx_hal_cortex.o
 .debug_abbrev  0x00001581      0x1d3 ./Drivers/STM32F4xx_HAL_Driver/Src/stm32f4xx_hal_gpio.o
 .debug_abbrev  0x00001754      0x2bc ./Drivers/STM32F4xx_HAL_Driver/Src/stm32f4xx_hal_i2c.o
 .debug_abbrev  0x00001a10      0x2b6 ./Drivers/STM32F4xx_HAL_Driver/Src/stm32f4xx_hal_rcc.o
 .debug_abbrev  0x00001cc6      0x276 ./Drivers/STM32F4xx_HAL_Driver/Src/stm32f4xx_hal_spi.o
 .debug_abbrev  0x00001f3c       0xb3 ./Drivers/TFT/fonts.o
 .debug_abbrev  0x00001fef      0x27d ./Drivers/TFT/ili9341.o
 .debug_abbrev  0x0000226c       0xac ./Drivers/TFT/testimg.o

.debug_aranges  0x00000000      0xc30
 .debug_aranges
                0x00000000       0x90 ./Core/Src/main.o
 .debug_aranges
                0x00000090       0x50 ./Core/Src/stm32f4xx_hal_msp.o
 .debug_aranges
                0x000000e0       0x60 ./Core/Src/stm32f4xx_it.o
 .debug_aranges
                0x00000140       0xa8 ./Core/Src/syscalls.o
 .debug_aranges
                0x000001e8       0x20 ./Core/Src/sysmem.o
 .debug_aranges
                0x00000208       0x28 ./Core/Src/system_stm32f4xx.o
 .debug_aranges
                0x00000230       0x28 ./Core/Startup/startup_stm32f401retx.o
 .debug_aranges
                0x00000258       0x48 ./Drivers/GAME/snake.o
 .debug_aranges
                0x000002a0       0x40 ./Drivers/GAME2/pingpong.o
 .debug_aranges
                0x000002e0       0x38 ./Drivers/MPU6050/mpu6050.o
 .debug_aranges
                0x00000318       0xf0 ./Drivers/STM32F4xx_HAL_Driver/Src/stm32f4xx_hal.o
 .debug_aranges
                0x00000408       0xe8 ./Drivers/STM32F4xx_HAL_Driver/Src/stm32f4xx_hal_adc.o
 .debug_aranges
                0x000004f0      0x130 ./Drivers/STM32F4xx_HAL_Driver/Src/stm32f4xx_hal_cortex.o
 .debug_aranges
                0x00000620       0x58 ./Drivers/STM32F4xx_HAL_Driver/Src/stm32f4xx_hal_gpio.o
 .debug_aranges
                0x00000678      0x2a8 ./Drivers/STM32F4xx_HAL_Driver/Src/stm32f4xx_hal_i2c.o
 .debug_aranges
                0x00000920       0x88 ./Drivers/STM32F4xx_HAL_Driver/Src/stm32f4xx_hal_rcc.o
 .debug_aranges
                0x000009a8      0x1d0 ./Drivers/STM32F4xx_HAL_Driver/Src/stm32f4xx_hal_spi.o
 .debug_aranges
                0x00000b78       0x18 ./Drivers/TFT/fonts.o
 .debug_aranges
                0x00000b90       0x88 ./Drivers/TFT/ili9341.o
 .debug_aranges
                0x00000c18       0x18 ./Drivers/TFT/testimg.o

.debug_rnglists
                0x00000000      0x93b
 .debug_rnglists
                0x00000000       0x7b ./Core/Src/main.o
 .debug_rnglists
                0x0000007b       0x3a ./Core/Src/stm32f4xx_hal_msp.o
 .debug_rnglists
                0x000000b5       0x43 ./Core/Src/stm32f4xx_it.o
 .debug_rnglists
                0x000000f8       0x79 ./Core/Src/syscalls.o
 .debug_rnglists
                0x00000171       0x13 ./Core/Src/sysmem.o
 .debug_rnglists
                0x00000184       0x1a ./Core/Src/system_stm32f4xx.o
 .debug_rnglists
                0x0000019e       0x19 ./Core/Startup/startup_stm32f401retx.o
 .debug_rnglists
                0x000001b7       0x34 ./Drivers/GAME/snake.o
 .debug_rnglists
                0x000001eb       0x2d ./Drivers/GAME2/pingpong.o
 .debug_rnglists
                0x00000218       0x28 ./Drivers/MPU6050/mpu6050.o
 .debug_rnglists
                0x00000240       0xaf ./Drivers/STM32F4xx_HAL_Driver/Src/stm32f4xx_hal.o
 .debug_rnglists
                0x000002ef       0xb5 ./Drivers/STM32F4xx_HAL_Driver/Src/stm32f4xx_hal_adc.o
 .debug_rnglists
                0x000003a4       0xe0 ./Drivers/STM32F4xx_HAL_Driver/Src/stm32f4xx_hal_cortex.o
 .debug_rnglists
                0x00000484       0x3f ./Drivers/STM32F4xx_HAL_Driver/Src/stm32f4xx_hal_gpio.o
 .debug_rnglists
                0x000004c3      0x23c ./Drivers/STM32F4xx_HAL_Driver/Src/stm32f4xx_hal_i2c.o
 .debug_rnglists
                0x000006ff       0x66 ./Drivers/STM32F4xx_HAL_Driver/Src/stm32f4xx_hal_rcc.o
 .debug_rnglists
                0x00000765      0x16f ./Drivers/STM32F4xx_HAL_Driver/Src/stm32f4xx_hal_spi.o
 .debug_rnglists
                0x000008d4       0x67 ./Drivers/TFT/ili9341.o

.debug_macro    0x00000000    0x18788
 .debug_macro   0x00000000      0x37e ./Core/Src/main.o
 .debug_macro   0x0000037e      0xad8 ./Core/Src/main.o
 .debug_macro   0x00000e56      0x2a1 ./Core/Src/main.o
 .debug_macro   0x000010f7       0x2e ./Core/Src/main.o
 .debug_macro   0x00001125       0x28 ./Core/Src/main.o
 .debug_macro   0x0000114d       0x22 ./Core/Src/main.o
 .debug_macro   0x0000116f       0x8e ./Core/Src/main.o
 .debug_macro   0x000011fd       0x51 ./Core/Src/main.o
 .debug_macro   0x0000124e      0x103 ./Core/Src/main.o
 .debug_macro   0x00001351       0x6a ./Core/Src/main.o
 .debug_macro   0x000013bb      0x1df ./Core/Src/main.o
 .debug_macro   0x0000159a       0x1c ./Core/Src/main.o
 .debug_macro   0x000015b6       0x22 ./Core/Src/main.o
 .debug_macro   0x000015d8       0xfb ./Core/Src/main.o
 .debug_macro   0x000016d3     0x1011 ./Core/Src/main.o
 .debug_macro   0x000026e4      0x11f ./Core/Src/main.o
 .debug_macro   0x00002803     0xb881 ./Core/Src/main.o
 .debug_macro   0x0000e084       0x6d ./Core/Src/main.o
 .debug_macro   0x0000e0f1     0x3693 ./Core/Src/main.o
 .debug_macro   0x00011784      0x190 ./Core/Src/main.o
 .debug_macro   0x00011914       0x5c ./Core/Src/main.o
 .debug_macro   0x00011970      0x416 ./Core/Src/main.o
 .debug_macro   0x00011d86      0x9e9 ./Core/Src/main.o
 .debug_macro   0x0001276f      0x115 ./Core/Src/main.o
 .debug_macro   0x00012884       0xf8 ./Core/Src/main.o
 .debug_macro   0x0001297c       0xa5 ./Core/Src/main.o
 .debug_macro   0x00012a21      0x15f ./Core/Src/main.o
 .debug_macro   0x00012b80      0x287 ./Core/Src/main.o
 .debug_macro   0x00012e07       0x5f ./Core/Src/main.o
 .debug_macro   0x00012e66      0x236 ./Core/Src/main.o
 .debug_macro   0x0001309c      0x9e1 ./Core/Src/main.o
 .debug_macro   0x00013a7d      0x38b ./Core/Src/main.o
 .debug_macro   0x00013e08      0x176 ./Core/Src/main.o
 .debug_macro   0x00013f7e       0xf9 ./Core/Src/main.o
 .debug_macro   0x00014077      0x132 ./Core/Src/main.o
 .debug_macro   0x000141a9      0x264 ./Core/Src/main.o
 .debug_macro   0x0001440d       0x2e ./Core/Src/main.o
 .debug_macro   0x0001443b      0x1b5 ./Core/Src/main.o
 .debug_macro   0x000145f0       0x22 ./Core/Src/main.o
 .debug_macro   0x00014612       0xd6 ./Core/Src/main.o
 .debug_macro   0x000146e8      0x127 ./Core/Src/main.o
 .debug_macro   0x0001480f       0x85 ./Core/Src/main.o
 .debug_macro   0x00014894       0x89 ./Core/Src/main.o
 .debug_macro   0x0001491d      0x225 ./Core/Src/main.o
 .debug_macro   0x00014b42      0x126 ./Core/Src/main.o
 .debug_macro   0x00014c68       0x22 ./Core/Src/main.o
 .debug_macro   0x00014c8a       0x61 ./Core/Src/main.o
 .debug_macro   0x00014ceb       0x2a ./Core/Src/main.o
 .debug_macro   0x00014d15       0x43 ./Core/Src/main.o
 .debug_macro   0x00014d58       0x34 ./Core/Src/main.o
 .debug_macro   0x00014d8c      0x370 ./Core/Src/main.o
 .debug_macro   0x000150fc       0x16 ./Core/Src/main.o
 .debug_macro   0x00015112       0x4a ./Core/Src/main.o
 .debug_macro   0x0001515c       0x34 ./Core/Src/main.o
 .debug_macro   0x00015190       0x10 ./Core/Src/main.o
 .debug_macro   0x000151a0       0x58 ./Core/Src/main.o
 .debug_macro   0x000151f8       0x8e ./Core/Src/main.o
 .debug_macro   0x00015286       0x1c ./Core/Src/main.o
 .debug_macro   0x000152a2      0x185 ./Core/Src/main.o
 .debug_macro   0x00015427       0x10 ./Core/Src/main.o
 .debug_macro   0x00015437       0x3c ./Core/Src/main.o
 .debug_macro   0x00015473       0x20 ./Core/Src/main.o
 .debug_macro   0x00015493       0x22 ./Core/Src/main.o
 .debug_macro   0x000154b5       0x1c ./Core/Src/main.o
 .debug_macro   0x000154d1       0xac ./Core/Src/main.o
 .debug_macro   0x0001557d       0x46 ./Core/Src/main.o
 .debug_macro   0x000155c3      0x205 ./Core/Src/stm32f4xx_hal_msp.o
 .debug_macro   0x000157c8      0x20f ./Core/Src/stm32f4xx_it.o
 .debug_macro   0x000159d7      0x274 ./Core/Src/syscalls.o
 .debug_macro   0x00015c4b       0x5b ./Core/Src/syscalls.o
 .debug_macro   0x00015ca6       0x94 ./Core/Src/syscalls.o
 .debug_macro   0x00015d3a       0x57 ./Core/Src/syscalls.o
 .debug_macro   0x00015d91       0x10 ./Core/Src/syscalls.o
 .debug_macro   0x00015da1       0x10 ./Core/Src/syscalls.o
 .debug_macro   0x00015db1       0x10 ./Core/Src/syscalls.o
 .debug_macro   0x00015dc1       0x10 ./Core/Src/syscalls.o
 .debug_macro   0x00015dd1       0x1c ./Core/Src/syscalls.o
 .debug_macro   0x00015ded       0x52 ./Core/Src/syscalls.o
 .debug_macro   0x00015e3f       0x22 ./Core/Src/syscalls.o
 .debug_macro   0x00015e61       0x10 ./Core/Src/syscalls.o
 .debug_macro   0x00015e71       0x52 ./Core/Src/syscalls.o
 .debug_macro   0x00015ec3       0xcf ./Core/Src/syscalls.o
 .debug_macro   0x00015f92       0x1c ./Core/Src/syscalls.o
 .debug_macro   0x00015fae       0x3d ./Core/Src/syscalls.o
 .debug_macro   0x00015feb       0x35 ./Core/Src/syscalls.o
 .debug_macro   0x00016020      0x12c ./Core/Src/syscalls.o
 .debug_macro   0x0001614c       0x16 ./Core/Src/syscalls.o
 .debug_macro   0x00016162       0x16 ./Core/Src/syscalls.o
 .debug_macro   0x00016178       0x29 ./Core/Src/syscalls.o
 .debug_macro   0x000161a1       0x10 ./Core/Src/syscalls.o
 .debug_macro   0x000161b1      0x242 ./Core/Src/syscalls.o
 .debug_macro   0x000163f3       0x1c ./Core/Src/syscalls.o
 .debug_macro   0x0001640f       0x10 ./Core/Src/syscalls.o
 .debug_macro   0x0001641f       0x10 ./Core/Src/syscalls.o
 .debug_macro   0x0001642f       0x16 ./Core/Src/syscalls.o
 .debug_macro   0x00016445      0x146 ./Core/Src/syscalls.o
 .debug_macro   0x0001658b      0x18a ./Core/Src/syscalls.o
 .debug_macro   0x00016715       0x16 ./Core/Src/syscalls.o
 .debug_macro   0x0001672b       0xce ./Core/Src/syscalls.o
 .debug_macro   0x000167f9      0x112 ./Core/Src/sysmem.o
 .debug_macro   0x0001690b      0x23c ./Core/Src/sysmem.o
 .debug_macro   0x00016b47      0x1fb ./Core/Src/system_stm32f4xx.o
 .debug_macro   0x00016d42      0x30c ./Drivers/GAME/snake.o
 .debug_macro   0x0001704e       0x1c ./Drivers/GAME/snake.o
 .debug_macro   0x0001706a      0x23a ./Drivers/GAME2/pingpong.o
 .debug_macro   0x000172a4       0x16 ./Drivers/GAME2/pingpong.o
 .debug_macro   0x000172ba      0x2e6 ./Drivers/MPU6050/mpu6050.o
 .debug_macro   0x000175a0       0x16 ./Drivers/MPU6050/mpu6050.o
 .debug_macro   0x000175b6       0x16 ./Drivers/MPU6050/mpu6050.o
 .debug_macro   0x000175cc      0x25b ./Drivers/STM32F4xx_HAL_Driver/Src/stm32f4xx_hal.o
 .debug_macro   0x00017827      0x1fc ./Drivers/STM32F4xx_HAL_Driver/Src/stm32f4xx_hal_adc.o
 .debug_macro   0x00017a23      0x1fb ./Drivers/STM32F4xx_HAL_Driver/Src/stm32f4xx_hal_cortex.o
 .debug_macro   0x00017c1e      0x201 ./Drivers/STM32F4xx_HAL_Driver/Src/stm32f4xx_hal_gpio.o
 .debug_macro   0x00017e1f      0x249 ./Drivers/STM32F4xx_HAL_Driver/Src/stm32f4xx_hal_i2c.o
 .debug_macro   0x00018068      0x21f ./Drivers/STM32F4xx_HAL_Driver/Src/stm32f4xx_hal_rcc.o
 .debug_macro   0x00018287      0x20a ./Drivers/STM32F4xx_HAL_Driver/Src/stm32f4xx_hal_spi.o
 .debug_macro   0x00018491       0x6d ./Drivers/TFT/fonts.o
 .debug_macro   0x000184fe      0x21d ./Drivers/TFT/ili9341.o
 .debug_macro   0x0001871b       0x6d ./Drivers/TFT/testimg.o

.debug_line     0x00000000    0x1069f
 .debug_line    0x00000000      0xe9d ./Core/Src/main.o
 .debug_line    0x00000e9d      0x87a ./Core/Src/stm32f4xx_hal_msp.o
 .debug_line    0x00001717      0x83b ./Core/Src/stm32f4xx_it.o
 .debug_line    0x00001f52      0x8ac ./Core/Src/syscalls.o
 .debug_line    0x000027fe      0x588 ./Core/Src/sysmem.o
 .debug_line    0x00002d86      0x802 ./Core/Src/system_stm32f4xx.o
 .debug_line    0x00003588       0x7a ./Core/Startup/startup_stm32f401retx.o
 .debug_line    0x00003602      0xd52 ./Drivers/GAME/snake.o
 .debug_line    0x00004354      0x9ce ./Drivers/GAME2/pingpong.o
 .debug_line    0x00004d22      0xa43 ./Drivers/MPU6050/mpu6050.o