../Core/Src/main.c:118:5:main	8	static
../Core/Src/main.c:182:6:drawIntroScreen	56	static
../Core/Src/main.c:190:6:drawMenuScreen	40	static
../Core/Src/main.c:203:6:drawGameOverScreen	48	static
../Core/Src/main.c:213:6:handleInput	24	static
../Core/Src/main.c:255:6:isButtonHeld	16	static
../Core/Src/main.c:258:6:runSnakeGame	24	static
../Core/Src/main.c:296:6:runPingPongGame	16	static
../Core/Src/main.c:320:10:getADC	40	static
../Core/Src/main.c:340:6:SystemClock_Config	88	static
../Core/Src/main.c:382:13:MX_ADC1_Init	24	static
../Core/Src/main.c:434:13:MX_I2C2_Init	8	static
../Core/Src/main.c:468:13:MX_SPI2_Init	8	static
../Core/Src/main.c:506:13:MX_UART4_Init	8	static
../Core/Src/main.c:539:13:MX_GPIO_Init	48	static
../Core/Src/main.c:604:6:Error_Handler	4	static,ignoring_inline_asm
