../Drivers/TFT/ili9341.c:7:13:ILI9341_Select	8	static
../Drivers/TFT/ili9341.c:11:6:ILI9341_Unselect	8	static
../Drivers/TFT/ili9341.c:15:13:ILI9341_Reset	8	static
../Drivers/TFT/ili9341.c:21:13:ILI9341_WriteCommand	16	static
../Drivers/TFT/ili9341.c:26:13:ILI9341_WriteData	24	static
../Drivers/TFT/ili9341.c:38:13:ILI9341_SetAddressWindow	32	static
../Drivers/TFT/ili9341.c:57:6:ILI9341_Init	120	static
../Drivers/TFT/ili9341.c:212:6:ILI9341_DrawPixel	24	static
../Drivers/TFT/ili9341.c:225:13:ILI9341_WriteChar	40	static
../Drivers/TFT/ili9341.c:244:6:ILI9341_WriteString	32	static
../Drivers/TFT/ili9341.c:270:6:ILI9341_FillRectangle	32	static
../Drivers/TFT/ili9341.c:290:6:ILI9341_FillScreen	24	static
../Drivers/TFT/ili9341.c:294:6:ILI9341_DrawImage	24	static
../Drivers/TFT/ili9341.c:305:6:ILI9341_InvertColors	16	static
